Product: MDK-ARM Professional 5.10
Component: ARM Compiler 5.04 update 1 (build 49)
Tool: armlink [5040049]

==============================================================================

Section Cross References

    main.o(.text) refers to stm32f4xx_gpio.o(.text) for GPIO_ReadOutputDataBit
    main.o(.text) refers to stm32f4xx_rcc.o(.text) for RCC_AHB1PeriphClockCmd
    main.o(.text) refers to delay.o(.text) for delay_init
    main.o(.text) refers to usart1.o(.text) for Usart1_init
    main.o(.text) refers to printf8.o(i.__0printf$8) for __2printf
    main.o(.text) refers to 8720.o(.text) for GPIO_Configuration
    main.o(.text) refers to timer3.o(.text) for TIM3_Init
    main.o(.text) refers to tcpclient.o(.text) for TCP_Client_Init
    main.o(.text) refers to main.o(.data) for Server_flag
    main.o(.text) refers to tcpclient.o(.data) for TCP_LOCAL_PORT
    criticalseg.o(.text) refers to stm32f4x7_eth.o(.text) for ETH_DMAITConfig
    criticalseg.o(.text) refers to criticalseg.o(.data) for IRQIndex
    criticalseg.o(.text) refers to criticalseg.o(.bss) for IRQStatus
    delay.o(.text) refers to misc.o(.text) for SysTick_CLKSourceConfig
    usart1.o(.text) refers to stm32f4xx_rcc.o(.text) for RCC_AHB1PeriphClockCmd
    usart1.o(.text) refers to stm32f4xx_gpio.o(.text) for GPIO_PinAFConfig
    usart1.o(.text) refers to stm32f4xx_usart.o(.text) for USART_Init
    usart1.o(.text) refers to misc.o(.text) for NVIC_Init
    8720.o(.text) refers to mem.o(.text) for mem_init
    8720.o(.text) refers to memp.o(.text) for memp_init
    8720.o(.text) refers to init.o(.text) for lwip_init
    8720.o(.text) refers to stm32f4x7_eth.o(.text) for ETH_MACAddressConfig
    8720.o(.text) refers to netif.o(.text) for netif_add
    8720.o(.text) refers to dhcp.o(.text) for dhcp_start
    8720.o(.text) refers to ethernetif.o(.text) for ethernetif_input
    8720.o(.text) refers to printf8.o(i.__0printf$8) for __2printf
    8720.o(.text) refers to criticalseg.o(.text) for STM32_DisableIRQ
    8720.o(.text) refers to tcp_out.o(.text) for tcp_write
    8720.o(.text) refers to main.o(.text) for data_led_cpl
    8720.o(.text) refers to tcpclient.o(.text) for tcp_connect_check
    8720.o(.text) refers to tcp.o(.text) for tcp_tmr
    8720.o(.text) refers to etharp.o(.text) for etharp_tmr
    8720.o(.text) refers to stm32f4xx_rcc.o(.text) for RCC_AHB1PeriphClockCmd
    8720.o(.text) refers to stm32f4xx_syscfg.o(.text) for SYSCFG_ETH_MediaInterfaceConfig
    8720.o(.text) refers to stm32f4xx_gpio.o(.text) for GPIO_Init
    8720.o(.text) refers to 8720.o(.data) for MACaddr
    8720.o(.text) refers to 8720.o(.bss) for lan8720_netif
    8720.o(.text) refers to tcpclient.o(.data) for tcp_client_pcb
    8720.o(.text) refers to misc.o(.text) for NVIC_PriorityGroupConfig
    timer3.o(.text) refers to stm32f4xx_rcc.o(.text) for RCC_APB1PeriphClockCmd
    timer3.o(.text) refers to stm32f4xx_tim.o(.text) for TIM_TimeBaseInit
    timer3.o(.text) refers to misc.o(.text) for NVIC_Init
    retarget.o(.text) refers to retarget.o(.data) for ITM_RxBuffer
    startup_stm32f40_41xxx.o(RESET) refers to startup_stm32f40_41xxx.o(STACK) for __initial_sp
    startup_stm32f40_41xxx.o(RESET) refers to startup_stm32f40_41xxx.o(.text) for Reset_Handler
    startup_stm32f40_41xxx.o(RESET) refers to stm32f4xx_it.o(.text) for NMI_Handler
    startup_stm32f40_41xxx.o(.text) refers to system_stm32f4xx.o(.text) for SystemInit
    startup_stm32f40_41xxx.o(.text) refers to entry.o(.ARM.Collect$$$$00000000) for __main
    stm32f4xx_it.o(.text) refers to main.o(.text) for fault_led_show
    stm32f4xx_it.o(.text) refers to stm32f4xx_tim.o(.text) for TIM_GetITStatus
    stm32f4xx_it.o(.text) refers to 8720.o(.text) for LwIP_Pkt_Handle
    stm32f4xx_it.o(.text) refers to stm32f4x7_eth.o(.text) for ETH_GetRxPktSize
    stm32f4xx_it.o(.text) refers to stm32f4xx_usart.o(.text) for USART_GetITStatus
    stm32f4xx_it.o(.text) refers to 8720.o(.data) for LWipTime
    stm32f4xx_it.o(.text) refers to stm32f4x7_eth.o(.data) for DMARxDescToGet
    stm32f4xx_it.o(.text) refers to usart1.o(.data) for USART1_RX_STA
    stm32f4xx_it.o(.text) refers to usart1.o(.bss) for USART1_RX_BUF
    system_stm32f4xx.o(.text) refers to system_stm32f4xx.o(.data) for SystemCoreClock
    stm32f4xx_gpio.o(.text) refers to stm32f4xx_rcc.o(.text) for RCC_AHB1PeriphResetCmd
    stm32f4xx_rcc.o(.text) refers to stm32f4xx_rcc.o(.data) for APBAHBPrescTable
    stm32f4xx_syscfg.o(.text) refers to stm32f4xx_rcc.o(.text) for RCC_APB2PeriphResetCmd
    stm32f4xx_usart.o(.text) refers to stm32f4xx_rcc.o(.text) for RCC_APB2PeriphResetCmd
    stm32f4xx_spi.o(.text) refers to stm32f4xx_rcc.o(.text) for RCC_APB2PeriphResetCmd
    stm32f4xx_tim.o(.text) refers to stm32f4xx_rcc.o(.text) for RCC_APB2PeriphResetCmd
    stm32f4xx_fsmc.o(.text) refers to stm32f4xx_fsmc.o(.constdata) for FSMC_DefaultTimingStruct
    stm32f4x7_eth.o(.text) refers to stm32f4xx_rcc.o(.text) for RCC_AHB1PeriphResetCmd
[...]
    .data                                    0x20000074   Section       16  stm32f4xx_rcc.o(.data)
    APBAHBPrescTable                         0x20000074   Data          16  stm32f4xx_rcc.o(.data)
    .data                                    0x20000084   Section       16  stm32f4x7_eth.o(.data)
    .data                                    0x20000094   Section        1  etharp.o(.data)
    etharp_cached_entry                      0x20000094   Data           1  etharp.o(.data)
    .data                                    0x20000098   Section       18  ip.o(.data)
    ip_id                                    0x200000a8   Data           2  ip.o(.data)
    .data                                    0x200000ac   Section        4  dhcp.o(.data)
    xid                                      0x200000ac   Data           4  dhcp.o(.data)
    .data                                    0x200000b0   Section       12  mem.o(.data)
    ram                                      0x200000b0   Data           4  mem.o(.data)
    ram_end                                  0x200000b4   Data           4  mem.o(.data)
    lfree                                    0x200000b8   Data           4  mem.o(.data)
    .data                                    0x200000bc   Section        4  memp.o(.data)
    .data                                    0x200000c0   Section        9  netif.o(.data)
    netif_num                                0x200000c8   Data           1  netif.o(.data)
    .data                                    0x200000cc   Section        4  raw.o(.data)
    raw_pcbs                                 0x200000cc   Data           4  raw.o(.data)
    .data                                    0x200000d0   Section       36  tcp.o(.data)
    tcp_port                                 0x200000d0   Data           2  tcp.o(.data)
    tcp_timer                                0x200000ed   Data           1  tcp.o(.data)
    tcp_timer_ctr                            0x200000ee   Data           1  tcp.o(.data)
    iss                                      0x200000f0   Data           4  tcp.o(.data)
    .data                                    0x200000f4   Section       32  tcp_in.o(.data)
    tcphdr                                   0x200000f4   Data           4  tcp_in.o(.data)
    iphdr                                    0x200000f8   Data           4  tcp_in.o(.data)
    seqno                                    0x200000fc   Data           4  tcp_in.o(.data)
    ackno                                    0x20000100   Data           4  tcp_in.o(.data)
    flags                                    0x20000104   Data           1  tcp_in.o(.data)
    tcplen                                   0x20000106   Data           2  tcp_in.o(.data)
    recv_flags                               0x20000108   Data           1  tcp_in.o(.data)
    recv_data                                0x2000010c   Data           4  tcp_in.o(.data)
    .data                                    0x20000114   Section       12  timers.o(.data)
    next_timeout                             0x20000114   Data           4  timers.o(.data)
    timeouts_last_time                       0x20000118   Data           4  timers.o(.data)
    tcpip_tcp_timer_active                   0x2000011c   Data           4  timers.o(.data)
    .data                                    0x20000120   Section        8  udp.o(.data)
    udp_port                                 0x20000120   Data           2  udp.o(.data)
    .data                                    0x20000128   Section      110  tcpclient.o(.data)
    .bss                                     0x20000198   Section      120  criticalseg.o(.bss)
    IRQStatus                                0x20000198   Data         120  criticalseg.o(.bss)
    .bss                                     0x20000210   Section     1024  usart1.o(.bss)
    .bss                                     0x20000610   Section     4172  8720.o(.bss)
    .bss                                     0x2000165c   Section    23352  stm32f4x7_eth.o(.bss)
    .bss                                     0x20007194   Section      200  etharp.o(.bss)
    arp_table                                0x20007194   Data         200  etharp.o(.bss)
    .bss                                     0x2000725c   Section       16  ip_addr.o(.bss)
    str                                      0x2000725c   Data          16  ip_addr.o(.bss)
    .bss                                     0x2000726c   Section       50  dhcp.o(.bss)
    .bss                                     0x2000729e   Section    36020  mem.o(.bss)
    .bss                                     0x2000ff54   Section    33155  memp.o(.bss)
    memp_tab                                 0x2000ff54   Data          32  memp.o(.bss)
    memp_memory                              0x2000ff74   Data       33123  memp.o(.bss)
    .bss                                     0x200180d8   Section       16  tcp_in.o(.bss)
    inseg                                    0x200180d8   Data          16  tcp_in.o(.bss)
    STACK                                    0x200180e8   Section    20480  startup_stm32f40_41xxx.o(STACK)

    Global Symbols

    Symbol Name                              Value     Ov Type        Size  Object(Section)

    BuildAttributes$$THM_ISAv4$E$P$D$K$B$S$7EM$VFPi3$EXTD16$VFPS$VFMA$PE$A:L22UL41UL21$X:L11$S22US41US21$IEEE1$IW$USESV6$~STKCKD$USESV7$~SHL$OSPACE$ROPI$EBA8$MICROLIB$REQ8$PRES8$EABIv2 0x00000000   Number         0  anon$$obj.o ABSOLUTE
    __ARM_use_no_argv                        0x00000000   Number         0  main.o ABSOLUTE
    __use_no_errno                           0x00000000   Number         0  useno.o ABSOLUTE
    __use_no_exception_handling              0x00000000   Number         0  useno.o ABSOLUTE
    __use_no_fp                              0x00000000   Number         0  useno.o ABSOLUTE
    __use_no_heap                            0x00000000   Number         0  useno.o ABSOLUTE
    __use_no_heap_region                     0x00000000   Number         0  useno.o ABSOLUTE
    __use_no_semihosting                     0x00000000   Number         0  useno.o ABSOLUTE
    __use_no_semihosting_swi                 0x00000000   Number         0  useno.o ABSOLUTE
    __use_no_signal_handling                 0x00000000   Number         0  useno.o ABSOLUTE
    _printf_a                                0x00000000   Number         0  stubs.o ABSOLUTE
    _printf_c                                0x00000000   Number         0  stubs.o ABSOLUTE
    _printf_charcount                        0x00000000   Number         0  stubs.o ABSOLUTE
    _printf_d                                0x00000000   Number         0  stubs.o ABSOLUTE
    _printf_e                                0x00000000   Number         0  stubs.o ABSOLUTE
    _printf_f                                0x00000000   Number         0  stubs.o ABSOLUTE
    _printf_flags                            0x00000000   Number         0  stubs.o ABSOLUTE
    _printf_fp_dec                           0x00000000   Number         0  stubs.o ABSOLUTE
    _printf_fp_hex                           0x00000000   Number         0  stubs.o ABSOLUTE
    _printf_g                                0x00000000   Number         0  stubs.o ABSOLUTE
    _printf_i                                0x00000000   Number         0  stubs.o ABSOLUTE
    _printf_int_dec                          0x00000000   Number         0  stubs.o ABSOLUTE
    _printf_l                                0x00000000   Number         0  stubs.o ABSOLUTE
    _printf_lc                               0x00000000   Number         0  stubs.o ABSOLUTE
    _printf_ll                               0x00000000   Number         0  stubs.o ABSOLUTE
    _printf_lld                              0x00000000   Number         0  stubs.o ABSOLUTE
    _printf_lli                              0x00000000   Number         0  stubs.o ABSOLUTE
    _printf_llo                              0x00000000   Number         0  stubs.o ABSOLUTE
    _printf_llu                              0x00000000   Number         0  stubs.o ABSOLUTE
    _printf_llx                              0x00000000   Number         0  stubs.o ABSOLUTE
    _printf_longlong_dec                     0x00000000   Number         0  stubs.o ABSOLUTE
    _printf_longlong_hex                     0x00000000   Number         0  stubs.o ABSOLUTE
    _printf_longlong_oct                     0x00000000   Number         0  stubs.o ABSOLUTE
    _printf_ls                               0x00000000   Number         0  stubs.o ABSOLUTE
    _printf_mbtowc                           0x00000000   Number         0  stubs.o ABSOLUTE
    _printf_n                                0x00000000   Number         0  stubs.o ABSOLUTE
    _printf_o                                0x00000000   Number         0  stubs.o ABSOLUTE
    _printf_p                                0x00000000   Number         0  stubs.o ABSOLUTE
    _printf_percent                          0x00000000   Number         0  stubs.o ABSOLUTE
    _printf_pre_padding                      0x00000000   Number         0  stubs.o ABSOLUTE
    _printf_return_value                     0x00000000   Number         0  stubs.o ABSOLUTE
    _printf_s                                0x00000000   Number         0  stubs.o ABSOLUTE
    _printf_sizespec                         0x00000000   Number         0  stubs.o ABSOLUTE
    _printf_str                              0x00000000   Number         0  stubs.o ABSOLUTE
    _printf_truncate_signed                  0x00000000   Number         0  stubs.o ABSOLUTE
    _printf_truncate_unsigned                0x00000000   Number         0  stubs.o ABSOLUTE
    _printf_u                                0x00000000   Number         0  stubs.o ABSOLUTE
    _printf_wc                               0x00000000   Number         0  stubs.o ABSOLUTE
    _printf_wctomb                           0x00000000   Number         0  stubs.o ABSOLUTE
    _printf_widthprec                        0x00000000   Number         0  stubs.o ABSOLUTE
    _printf_x                                0x00000000   Number         0  stubs.o ABSOLUTE
    __cpp_initialize__aeabi_                  - Undefined Weak Reference
    __cxa_finalize                            - Undefined Weak Reference
    _clock_init                               - Undefined Weak Reference
    _microlib_exit                            - Undefined Weak Reference
    _scanf_int                                - Undefined Weak Reference
    _scanf_longlong                           - Undefined Weak Reference
    _scanf_real                               - Undefined Weak Reference
    __Vectors_Size                           0x00000188   Number         0  startup_stm32f40_41xxx.o ABSOLUTE
    __Vectors                                0x08000000   Data           4  startup_stm32f40_41xxx.o(RESET)
    __Vectors_End                            0x08000188   Data           0  startup_stm32f40_41xxx.o(RESET)
    __main                                   0x08000189   Thumb Code     0  entry.o(.ARM.Collect$$$$00000000)
    _main_stk                                0x08000189   Thumb Code     0  entry2.o(.ARM.Collect$$$$00000001)
    _main_scatterload                        0x0800018d   Thumb Code     0  entry5.o(.ARM.Collect$$$$00000004)
    __main_after_scatterload                 0x08000191   Thumb Code     0  entry5.o(.ARM.Collect$$$$00000004)
    _main_clock                              0x08000191   Thumb Code     0  entry7b.o(.ARM.Collect$$$$00000008)
    _main_cpp_init                           0x08000191   Thumb Code     0  entry8b.o(.ARM.Collect$$$$0000000A)
    _main_init                               0x08000191   Thumb Code     0  entry9a.o(.ARM.Collect$$$$0000000B)
    __rt_final_cpp                           0x08000199   Thumb Code     0  entry10a.o(.ARM.Collect$$$$0000000D)
    __rt_final_exit                          0x08000199   Thumb Code     0  entry11a.o(.ARM.Collect$$$$0000000F)
    data_led_cpl                             0x0800019d   Thumb Code    28  main.o(.text)
    dma_led_cpl                              0x080001b9   Thumb Code    28  main.o(.text)
    connect_led                              0x080001d5   Thumb Code    16  main.o(.text)
    fault_led_show                           0x080001e5   Thumb Code    14  main.o(.text)
    led_gpio_init                            0x080001f3   Thumb Code    80  main.o(.text)
    main                                     0x08000243   Thumb Code    86  main.o(.text)
    STM32_EnableIRQ                          0x080002c5   Thumb Code    46  criticalseg.o(.text)
    STM32_DisableIRQ                         0x080002f3   Thumb Code    56  criticalseg.o(.text)
    delay_init                               0x0800033d   Thumb Code    12  delay.o(.text)
    delay_us                                 0x08000349   Thumb Code    74  delay.o(.text)
    delay_ms                                 0x08000393   Thumb Code   260  delay.o(.text)
    delay_ns                                 0x08000497   Thumb Code    18  delay.o(.text)
    Usart1_init                              0x080004ad   Thumb Code   174  usart1.o(.text)
    MylwIP_Init                              0x08000565   Thumb Code    76  8720.o(.text)
    LwIP_Pkt_Handle                          0x080005b1   Thumb Code    10  8720.o(.text)
    lwip_dhcp_process_handle                 0x080005bb   Thumb Code   306  8720.o(.text)
    lwip_periodic_handle                     0x080006ed   Thumb Code   420  8720.o(.text)
    GPIO_Configuration                       0x08000891   Thumb Code   628  8720.o(.text)
    NVIC_Configuration                       0x08000b05   Thumb Code    40  8720.o(.text)
    Ethernet_Configuration                   0x08000b2d   Thumb Code   142  8720.o(.text)
    TIM3_Init                                0x08000bc5   Thumb Code    90  timer3.o(.text)
    fputc                                    0x08000c25   Thumb Code    50  retarget.o(.text)
    fgetc                                    0x08000c57   Thumb Code    74  retarget.o(.text)
    ferror                                   0x08000ca1   Thumb Code     8  retarget.o(.text)
    _ttywrch                                 0x08000ca9   Thumb Code    14  retarget.o(.text)
    __backspace                              0x08000cb7   Thumb Code     4  retarget.o(.text)
    _sys_exit                                0x08000cbb   Thumb Code     4  retarget.o(.text)
    Reset_Handler                            0x08000ccd   Thumb Code     8  startup_stm32f40_41xxx.o(.text)
    ADC_IRQHandler                           0x08000ce7   Thumb Code     0  startup_stm32f40_41xxx.o(.text)
    CAN1_RX0_IRQHandler                      0x08000ce7   Thumb Code     0  startup_stm32f40_41xxx.o(.text)
    CAN1_RX1_IRQHandler                      0x08000ce7   Thumb Code     0  startup_stm32f40_41xxx.o(.text)
    CAN1_SCE_IRQHandler                      0x08000ce7   Thumb Code     0  startup_stm32f40_41xxx.o(.text)
    CAN1_TX_IRQHandler                       0x08000ce7   Thumb Code     0  startup_stm32f40_41xxx.o(.text)
    CAN2_RX0_IRQHandler                      0x08000ce7   Thumb Code     0  startup_stm32f40_41xxx.o(.text)
    CAN2_RX1_IRQHandler                      0x08000ce7   Thumb Code     0  startup_stm32f40_41xxx.o(.text)
    CAN2_SCE_IRQHandler                      0x08000ce7   Thumb Code     0  startup_stm32f40_41xxx.o(.text)
    CAN2_TX_IRQHandler                       0x08000ce7   Thumb Code     0  startup_stm32f40_41xxx.o(.text)
    CRYP_IRQHandler                          0x08000ce7   Thumb Code     0  startup_stm32f40_41xxx.o(.text)
    DCMI_IRQHandler                          0x08000ce7   Thumb Code     0  startup_stm32f40_41xxx.o(.text)
    DMA1_Stream0_IRQHandler                  0x08000ce7   Thumb Code     0  startup_stm32f40_41xxx.o(.text)
    DMA1_Stream1_IRQHandler                  0x08000ce7   Thumb Code     0  startup_stm32f40_41xxx.o(.text)
    DMA1_Stream2_IRQHandler                  0x08000ce7   Thumb Code     0  startup_stm32f40_41xxx.o(.text)
    DMA1_Stream3_IRQHandler                  0x08000ce7   Thumb Code     0  startup_stm32f40_41xxx.o(.text)
    DMA1_Stream4_IRQHandler                  0x08000ce7   Thumb Code     0  startup_stm32f40_41xxx.o(.text)
    DMA1_Stream5_IRQHandler                  0x08000ce7   Thumb Code     0  startup_stm32f40_41xxx.o(.text)
    DMA1_Stream6_IRQHandler                  0x08000ce7   Thumb Code     0  startup_stm32f40_41xxx.o(.text)
    DMA1_Stream7_IRQHandler                  0x08000ce7   Thumb Code     0  startup_stm32f40_41xxx.o(.text)
    DMA2_Stream0_IRQHandler                  0x08000ce7   Thumb Code     0  startup_stm32f40_41xxx.o(.text)
    DMA2_Stream1_IRQHandler                  0x08000ce7   Thumb Code     0  startup_stm32f40_41xxx.o(.text)
    DMA2_Stream2_IRQHandler                  0x08000ce7   Thumb Code     0  startup_stm32f40_41xxx.o(.text)
    DMA2_Stream3_IRQHandler                  0x08000ce7   Thumb Code     0  startup_stm32f40_41xxx.o(.text)
    DMA2_Stream4_IRQHandler                  0x08000ce7   Thumb Code     0  startup_stm32f40_41xxx.o(.text)
    DMA2_Stream5_IRQHandler                  0x08000ce7   Thumb Code     0  startup_stm32f40_41xxx.o(.text)
    DMA2_Stream6_IRQHandler                  0x08000ce7   Thumb Code     0  startup_stm32f40_41xxx.o(.text)
    DMA2_Stream7_IRQHandler                  0x08000ce7   Thumb Code     0  startup_stm32f40_41xxx.o(.text)
    ETH_WKUP_IRQHandler                      0x08000ce7   Thumb Code     0  startup_stm32f40_41xxx.o(.text)
    EXTI0_IRQHandler                         0x08000ce7   Thumb Code     0  startup_stm32f40_41xxx.o(.text)
    EXTI15_10_IRQHandler                     0x08000ce7   Thumb Code     0  startup_stm32f40_41xxx.o(.text)
    EXTI1_IRQHandler                         0x08000ce7   Thumb Code     0  startup_stm32f40_41xxx.o(.text)
    EXTI2_IRQHandler                         0x08000ce7   Thumb Code     0  startup_stm32f40_41xxx.o(.text)
    EXTI3_IRQHandler                         0x08000ce7   Thumb Code     0  startup_stm32f40_41xxx.o(.text)
    EXTI4_IRQHandler                         0x08000ce7   Thumb Code     0  startup_stm32f40_41xxx.o(.text)
    EXTI9_5_IRQHandler                       0x08000ce7   Thumb Code     0  startup_stm32f40_41xxx.o(.text)
    FLASH_IRQHandler                         0x08000ce7   Thumb Code     0  startup_stm32f40_41xxx.o(.text)
    FPU_IRQHandler                           0x08000ce7   Thumb Code     0  startup_stm32f40_41xxx.o(.text)
    FSMC_IRQHandler                          0x08000ce7   Thumb Code     0  startup_stm32f40_41xxx.o(.text)
    HASH_RNG_IRQHandler                      0x08000ce7   Thumb Code     0  startup_stm32f40_41xxx.o(.text)
    I2C1_ER_IRQHandler                       0x08000ce7   Thumb Code     0  startup_stm32f40_41xxx.o(.text)
    I2C1_EV_IRQHandler                       0x08000ce7   Thumb Code     0  startup_stm32f40_41xxx.o(.text)
    I2C2_ER_IRQHandler                       0x08000ce7   Thumb Code     0  startup_stm32f40_41xxx.o(.text)
    I2C2_EV_IRQHandler                       0x08000ce7   Thumb Code     0  startup_stm32f40_41xxx.o(.text)
    I2C3_ER_IRQHandler                       0x08000ce7   Thumb Code     0  startup_stm32f40_41xxx.o(.text)
    I2C3_EV_IRQHandler                       0x08000ce7   Thumb Code     0  startup_stm32f40_41xxx.o(.text)
    OTG_FS_IRQHandler                        0x08000ce7   Thumb Code     0  startup_stm32f40_41xxx.o(.text)
    OTG_FS_WKUP_IRQHandler                   0x08000ce7   Thumb Code     0  startup_stm32f40_41xxx.o(.text)
    OTG_HS_EP1_IN_IRQHandler                 0x08000ce7   Thumb Code     0  startup_stm32f40_41xxx.o(.text)
    OTG_HS_EP1_OUT_IRQHandler                0x08000ce7   Thumb Code     0  startup_stm32f40_41xxx.o(.text)
    OTG_HS_IRQHandler                        0x08000ce7   Thumb Code     0  startup_stm32f40_41xxx.o(.text)
    OTG_HS_WKUP_IRQHandler                   0x08000ce7   Thumb Code     0  startup_stm32f40_41xxx.o(.text)
    PVD_IRQHandler                           0x08000ce7   Thumb Code     0  startup_stm32f40_41xxx.o(.text)
    RCC_IRQHandler                           0x08000ce7   Thumb Code     0  startup_stm32f40_41xxx.o(.text)
    RTC_Alarm_IRQHandler                     0x08000ce7   Thumb Code     0  startup_stm32f40_41xxx.o(.text)
    RTC_WKUP_IRQHandler                      0x08000ce7   Thumb Code     0  startup_stm32f40_41xxx.o(.text)
    SDIO_IRQHandler                          0x08000ce7   Thumb Code     0  startup_stm32f40_41xxx.o(.text)
    SPI1_IRQHandler                          0x08000ce7   Thumb Code     0  startup_stm32f40_41xxx.o(.text)
    SPI2_IRQHandler                          0x08000ce7   Thumb Code     0  startup_stm32f40_41xxx.o(.text)
    SPI3_IRQHandler                          0x08000ce7   Thumb Code     0  startup_stm32f40_41xxx.o(.text)
    TAMP_STAMP_IRQHandler                    0x08000ce7   Thumb Code     0  startup_stm32f40_41xxx.o(.text)
    TIM1_BRK_TIM9_IRQHandler                 0x08000ce7   Thumb Code     0  startup_stm32f40_41xxx.o(.text)
    TIM1_CC_IRQHandler                       0x08000ce7   Thumb Code     0  startup_stm32f40_41xxx.o(.text)
    TIM1_TRG_COM_TIM11_IRQHandler            0x08000ce7   Thumb Code     0  startup_stm32f40_41xxx.o(.text)
    TIM1_UP_TIM10_IRQHandler                 0x08000ce7   Thumb Code     0  startup_stm32f40_41xxx.o(.text)
    TIM2_IRQHandler                          0x08000ce7   Thumb Code     0  startup_stm32f40_41xxx.o(.text)
    TIM4_IRQHandler                          0x08000ce7   Thumb Code     0  startup_stm32f40_41xxx.o(.text)
    TIM5_IRQHandler                          0x08000ce7   Thumb Code     0  startup_stm32f40_41xxx.o(.text)
    TIM6_DAC_IRQHandler                      0x08000ce7   Thumb Code     0  startup_stm32f40_41xxx.o(.text)
    TIM7_IRQHandler                          0x08000ce7   Thumb Code     0  startup_stm32f40_41xxx.o(.text)
    TIM8_BRK_TIM12_IRQHandler                0x08000ce7   Thumb Code     0  startup_stm32f40_41xxx.o(.text)
    TIM8_CC_IRQHandler                       0x08000ce7   Thumb Code     0  startup_stm32f40_41xxx.o(.text)
    TIM8_TRG_COM_TIM14_IRQHandler            0x08000ce7   Thumb Code     0  startup_stm32f40_41xxx.o(.text)
    TIM8_UP_TIM13_IRQHandler                 0x08000ce7   Thumb Code     0  startup_stm32f40_41xxx.o(.text)
    UART4_IRQHandler                         0x08000ce7   Thumb Code     0  startup_stm32f40_41xxx.o(.text)
    UART5_IRQHandler                         0x08000ce7   Thumb Code     0  startup_stm32f40_41xxx.o(.text)
    USART2_IRQHandler                        0x08000ce7   Thumb Code     0  startup_stm32f40_41xxx.o(.text)
    USART3_IRQHandler                        0x08000ce7   Thumb Code     0  startup_stm32f40_41xxx.o(.text)
    USART6_IRQHandler                        0x08000ce7   Thumb Code     0  startup_stm32f40_41xxx.o(.text)
    WWDG_IRQHandler                          0x08000ce7   Thumb Code     0  startup_stm32f40_41xxx.o(.text)
    NMI_Handler                              0x08000cf1   Thumb Code     2  stm32f4xx_it.o(.text)
    HardFault_Handler                        0x08000cf3   Thumb Code    20  stm32f4xx_it.o(.text)
    MemManage_Handler                        0x08000d07   Thumb Code     2  stm32f4xx_it.o(.text)
    BusFault_Handler                         0x08000d09   Thumb Code     2  stm32f4xx_it.o(.text)
    UsageFault_Handler                       0x08000d0b   Thumb Code     2  stm32f4xx_it.o(.text)
    SVC_Handler                              0x08000d0d   Thumb Code     2  stm32f4xx_it.o(.text)
    DebugMon_Handler                         0x08000d0f   Thumb Code     2  stm32f4xx_it.o(.text)
    PendSV_Handler                           0x08000d11   Thumb Code     2  stm32f4xx_it.o(.text)
    SysTick_Handler                          0x08000d13   Thumb Code     2  stm32f4xx_it.o(.text)
    TIM3_IRQHandler                          0x08000d15   Thumb Code    34  stm32f4xx_it.o(.text)
    ETH_IRQHandler                           0x08000d37   Thumb Code    36  stm32f4xx_it.o(.text)
    USART1_IRQHandler                        0x08000d5b   Thumb Code   182  stm32f4xx_it.o(.text)
    SystemInit                               0x08000f09   Thumb Code    88  system_stm32f4xx.o(.text)
    SystemCoreClockUpdate                    0x08000f61   Thumb Code   174  system_stm32f4xx.o(.text)
    NVIC_PriorityGroupConfig                 0x0800103d   Thumb Code    10  misc.o(.text)
    NVIC_Init                                0x08001047   Thumb Code   106  misc.o(.text)
    NVIC_SetVectorTable                      0x080010b1   Thumb Code    14  misc.o(.text)
    NVIC_SystemLPConfig                      0x080010bf   Thumb Code    34  misc.o(.text)
    SysTick_CLKSourceConfig                  0x080010e1   Thumb Code    40  misc.o(.text)
    GPIO_DeInit                              0x0800111d   Thumb Code   268  stm32f4xx_gpio.o(.text)
    GPIO_Init                                0x08001229   Thumb Code   144  stm32f4xx_gpio.o(.text)
    GPIO_StructInit                          0x080012b9   Thumb Code    18  stm32f4xx_gpio.o(.text)
    GPIO_PinLockConfig                       0x080012cb   Thumb Code    34  stm32f4xx_gpio.o(.text)
    GPIO_ReadInputDataBit                    0x080012ed   Thumb Code    18  stm32f4xx_gpio.o(.text)
    GPIO_ReadInputData                       0x080012ff   Thumb Code     8  stm32f4xx_gpio.o(.text)
    GPIO_ReadOutputDataBit                   0x08001307   Thumb Code    18  stm32f4xx_gpio.o(.text)
    GPIO_ReadOutputData                      0x08001319   Thumb Code     8  stm32f4xx_gpio.o(.text)
    GPIO_SetBits                             0x08001321   Thumb Code     4  stm32f4xx_gpio.o(.text)
    GPIO_ResetBits                           0x08001325   Thumb Code     4  stm32f4xx_gpio.o(.text)
    GPIO_WriteBit                            0x08001329   Thumb Code    10  stm32f4xx_gpio.o(.text)
    GPIO_Write                               0x08001333   Thumb Code     4  stm32f4xx_gpio.o(.text)
    GPIO_ToggleBits                          0x08001337   Thumb Code     8  stm32f4xx_gpio.o(.text)
    GPIO_PinAFConfig                         0x0800133f   Thumb Code    70  stm32f4xx_gpio.o(.text)
    RCC_DeInit                               0x080013b1   Thumb Code    82  stm32f4xx_rcc.o(.text)
    RCC_HSEConfig                            0x08001403   Thumb Code    14  stm32f4xx_rcc.o(.text)
    RCC_GetFlagStatus                        0x08001411   Thumb Code    60  stm32f4xx_rcc.o(.text)
    RCC_WaitForHSEStartUp                    0x0800144d   Thumb Code    56  stm32f4xx_rcc.o(.text)
    RCC_AdjustHSICalibrationValue            0x08001485   Thumb Code    20  stm32f4xx_rcc.o(.text)
    RCC_HSICmd                               0x08001499   Thumb Code     6  stm32f4xx_rcc.o(.text)
    RCC_LSEConfig                            0x0800149f   Thumb Code    46  stm32f4xx_rcc.o(.text)
    RCC_LSICmd                               0x080014cd   Thumb Code     6  stm32f4xx_rcc.o(.text)
    RCC_PLLConfig                            0x080014d3   Thumb Code    32  stm32f4xx_rcc.o(.text)
    RCC_PLLCmd                               0x080014f3   Thumb Code     6  stm32f4xx_rcc.o(.text)
    RCC_PLLI2SConfig                         0x080014f9   Thumb Code    14  stm32f4xx_rcc.o(.text)
    RCC_PLLI2SCmd                            0x08001507   Thumb Code     6  stm32f4xx_rcc.o(.text)
    RCC_PLLSAIConfig                         0x0800150d   Thumb Code    20  stm32f4xx_rcc.o(.text)
    RCC_PLLSAICmd                            0x08001521   Thumb Code     6  stm32f4xx_rcc.o(.text)
    RCC_ClockSecuritySystemCmd               0x08001527   Thumb Code     6  stm32f4xx_rcc.o(.text)
    RCC_MCO1Config                           0x0800152d   Thumb Code    28  stm32f4xx_rcc.o(.text)
    RCC_MCO2Config                           0x08001549   Thumb Code    28  stm32f4xx_rcc.o(.text)
    RCC_SYSCLKConfig                         0x08001565   Thumb Code    20  stm32f4xx_rcc.o(.text)
    RCC_GetSYSCLKSource                      0x08001579   Thumb Code    12  stm32f4xx_rcc.o(.text)
    RCC_HCLKConfig                           0x08001585   Thumb Code    20  stm32f4xx_rcc.o(.text)
    RCC_PCLK1Config                          0x08001599   Thumb Code    20  stm32f4xx_rcc.o(.text)
    RCC_PCLK2Config                          0x080015ad   Thumb Code    22  stm32f4xx_rcc.o(.text)
    RCC_GetClocksFreq                        0x080015c3   Thumb Code   222  stm32f4xx_rcc.o(.text)
    RCC_RTCCLKConfig                         0x080016a1   Thumb Code    54  stm32f4xx_rcc.o(.text)
    RCC_RTCCLKCmd                            0x080016d7   Thumb Code     8  stm32f4xx_rcc.o(.text)
    RCC_BackupResetCmd                       0x080016df   Thumb Code     8  stm32f4xx_rcc.o(.text)
    RCC_I2SCLKConfig                         0x080016e7   Thumb Code     6  stm32f4xx_rcc.o(.text)
    RCC_SAIPLLI2SClkDivConfig                0x080016ed   Thumb Code    26  stm32f4xx_rcc.o(.text)
    RCC_SAIPLLSAIClkDivConfig                0x08001707   Thumb Code    28  stm32f4xx_rcc.o(.text)
    RCC_SAIBlockACLKConfig                   0x08001723   Thumb Code    20  stm32f4xx_rcc.o(.text)
    RCC_SAIBlockBCLKConfig                   0x08001737   Thumb Code    20  stm32f4xx_rcc.o(.text)
    RCC_LTDCCLKDivConfig                     0x0800174b   Thumb Code    20  stm32f4xx_rcc.o(.text)
    RCC_TIMCLKPresConfig                     0x0800175f   Thumb Code     6  stm32f4xx_rcc.o(.text)
    RCC_AHB1PeriphClockCmd                   0x08001765   Thumb Code    34  stm32f4xx_rcc.o(.text)
    RCC_AHB2PeriphClockCmd                   0x08001787   Thumb Code    78  stm32f4xx_rcc.o(.text)
    RCC_AHB3PeriphClockCmd                   0x080017d5   Thumb Code    34  stm32f4xx_rcc.o(.text)
    RCC_APB1PeriphClockCmd                   0x080017f7   Thumb Code    34  stm32f4xx_rcc.o(.text)
    RCC_APB2PeriphClockCmd                   0x08001819   Thumb Code    34  stm32f4xx_rcc.o(.text)
    RCC_AHB1PeriphResetCmd                   0x0800183b   Thumb Code    34  stm32f4xx_rcc.o(.text)
    RCC_AHB2PeriphResetCmd                   0x0800185d   Thumb Code    34  stm32f4xx_rcc.o(.text)
    RCC_AHB3PeriphResetCmd                   0x0800187f   Thumb Code    34  stm32f4xx_rcc.o(.text)
    RCC_APB1PeriphResetCmd                   0x080018a1   Thumb Code    34  stm32f4xx_rcc.o(.text)
    RCC_APB2PeriphResetCmd                   0x080018c3   Thumb Code    34  stm32f4xx_rcc.o(.text)
    RCC_AHB1PeriphClockLPModeCmd             0x080018e5   Thumb Code    34  stm32f4xx_rcc.o(.text)
    RCC_AHB2PeriphClockLPModeCmd             0x08001907   Thumb Code    34  stm32f4xx_rcc.o(.text)
    RCC_AHB3PeriphClockLPModeCmd             0x08001929   Thumb Code    34  stm32f4xx_rcc.o(.text)
    RCC_APB1PeriphClockLPModeCmd             0x0800194b   Thumb Code    34  stm32f4xx_rcc.o(.text)
    RCC_APB2PeriphClockLPModeCmd             0x0800196d   Thumb Code    34  stm32f4xx_rcc.o(.text)
    RCC_LSEModeConfig                        0x0800198f   Thumb Code    40  stm32f4xx_rcc.o(.text)
    RCC_ITConfig                             0x080019b7   Thumb Code    34  stm32f4xx_rcc.o(.text)
    RCC_ClearFlag                            0x080019d9   Thumb Code    18  stm32f4xx_rcc.o(.text)
    RCC_GetITStatus                          0x080019eb   Thumb Code    22  stm32f4xx_rcc.o(.text)
    RCC_ClearITPendingBit                    0x08001a01   Thumb Code     8  stm32f4xx_rcc.o(.text)
    SYSCFG_DeInit                            0x08001a0d   Thumb Code    22  stm32f4xx_syscfg.o(.text)
    SYSCFG_MemoryRemapConfig                 0x08001a23   Thumb Code     6  stm32f4xx_syscfg.o(.text)
    SYSCFG_MemorySwappingBank                0x08001a29   Thumb Code     6  stm32f4xx_syscfg.o(.text)
    SYSCFG_EXTILineConfig                    0x08001a2f   Thumb Code    66  stm32f4xx_syscfg.o(.text)
    SYSCFG_ETH_MediaInterfaceConfig          0x08001a71   Thumb Code     8  stm32f4xx_syscfg.o(.text)
    SYSCFG_CompensationCellCmd               0x08001a79   Thumb Code     6  stm32f4xx_syscfg.o(.text)
    SYSCFG_GetCompensationCellStatus         0x08001a7f   Thumb Code    22  stm32f4xx_syscfg.o(.text)
    USART_DeInit                             0x08001aa1   Thumb Code   206  stm32f4xx_usart.o(.text)
    USART_Init                               0x08001b6f   Thumb Code   204  stm32f4xx_usart.o(.text)
    USART_StructInit                         0x08001c3b   Thumb Code    24  stm32f4xx_usart.o(.text)
    USART_ClockInit                          0x08001c53   Thumb Code    32  stm32f4xx_usart.o(.text)
    USART_ClockStructInit                    0x08001c73   Thumb Code    12  stm32f4xx_usart.o(.text)
    USART_Cmd                                0x08001c7f   Thumb Code    24  stm32f4xx_usart.o(.text)
    USART_SetPrescaler                       0x08001c97   Thumb Code    16  stm32f4xx_usart.o(.text)
    USART_OverSampling8Cmd                   0x08001ca7   Thumb Code    22  stm32f4xx_usart.o(.text)
    USART_OneBitMethodCmd                    0x08001cbd   Thumb Code    24  stm32f4xx_usart.o(.text)
    USART_SendData                           0x08001cd5   Thumb Code     8  stm32f4xx_usart.o(.text)
    USART_ReceiveData                        0x08001cdd   Thumb Code    10  stm32f4xx_usart.o(.text)
    USART_SetAddress                         0x08001ce7   Thumb Code    18  stm32f4xx_usart.o(.text)
    USART_ReceiverWakeUpCmd                  0x08001cf9   Thumb Code    24  stm32f4xx_usart.o(.text)
    USART_WakeUpConfig                       0x08001d11   Thumb Code    18  stm32f4xx_usart.o(.text)
    USART_LINBreakDetectLengthConfig         0x08001d23   Thumb Code    18  stm32f4xx_usart.o(.text)
    USART_LINCmd                             0x08001d35   Thumb Code    24  stm32f4xx_usart.o(.text)
    USART_SendBreak                          0x08001d4d   Thumb Code    10  stm32f4xx_usart.o(.text)
    USART_HalfDuplexCmd                      0x08001d57   Thumb Code    24  stm32f4xx_usart.o(.text)
    USART_SetGuardTime                       0x08001d6f   Thumb Code    16  stm32f4xx_usart.o(.text)
    USART_SmartCardCmd                       0x08001d7f   Thumb Code    24  stm32f4xx_usart.o(.text)
    USART_SmartCardNACKCmd                   0x08001d97   Thumb Code    24  stm32f4xx_usart.o(.text)
    USART_IrDAConfig                         0x08001daf   Thumb Code    18  stm32f4xx_usart.o(.text)
    USART_IrDACmd                            0x08001dc1   Thumb Code    24  stm32f4xx_usart.o(.text)
    USART_DMACmd                             0x08001dd9   Thumb Code    18  stm32f4xx_usart.o(.text)
    USART_ITConfig                           0x08001deb   Thumb Code    74  stm32f4xx_usart.o(.text)
    USART_GetFlagStatus                      0x08001e35   Thumb Code    26  stm32f4xx_usart.o(.text)
    USART_ClearFlag                          0x08001e4f   Thumb Code    18  stm32f4xx_usart.o(.text)
    USART_GetITStatus                        0x08001e61   Thumb Code   118  stm32f4xx_usart.o(.text)
    USART_ClearITPendingBit                  0x08001ed7   Thumb Code    30  stm32f4xx_usart.o(.text)
    TIM_DeInit                               0x08001ef5   Thumb Code   346  stm32f4xx_tim.o(.text)
    TIM_TimeBaseInit                         0x0800204f   Thumb Code   104  stm32f4xx_tim.o(.text)
    TIM_TimeBaseStructInit                   0x080020b7   Thumb Code    18  stm32f4xx_tim.o(.text)
    TIM_PrescalerConfig                      0x080020c9   Thumb Code     6  stm32f4xx_tim.o(.text)
    TIM_CounterModeConfig                    0x080020cf   Thumb Code    18  stm32f4xx_tim.o(.text)
    TIM_SetCounter                           0x080020e1   Thumb Code     4  stm32f4xx_tim.o(.text)
    TIM_SetAutoreload                        0x080020e5   Thumb Code     4  stm32f4xx_tim.o(.text)
    TIM_GetCounter                           0x080020e9   Thumb Code     6  stm32f4xx_tim.o(.text)
    TIM_GetPrescaler                         0x080020ef   Thumb Code     6  stm32f4xx_tim.o(.text)
    TIM_UpdateDisableConfig                  0x080020f5   Thumb Code    24  stm32f4xx_tim.o(.text)
    TIM_UpdateRequestConfig                  0x0800210d   Thumb Code    24  stm32f4xx_tim.o(.text)
    TIM_ARRPreloadConfig                     0x08002125   Thumb Code    24  stm32f4xx_tim.o(.text)
    TIM_SelectOnePulseMode                   0x0800213d   Thumb Code    18  stm32f4xx_tim.o(.text)
    TIM_SetClockDivision                     0x0800214f   Thumb Code    18  stm32f4xx_tim.o(.text)
    TIM_Cmd                                  0x08002161   Thumb Code    24  stm32f4xx_tim.o(.text)
    TIM_OC1Init                              0x08002179   Thumb Code   114  stm32f4xx_tim.o(.text)
    TIM_OC2Init                              0x080021eb   Thumb Code   154  stm32f4xx_tim.o(.text)
    TIM_OC3Init                              0x08002285   Thumb Code   204  stm32f4xx_tim.o(.text)
    TIM_OC4Init                              0x08002351   Thumb Code   112  stm32f4xx_tim.o(.text)
    TIM_OCStructInit                         0x080023c1   Thumb Code    20  stm32f4xx_tim.o(.text)
    TIM_SelectOCxM                           0x080023d5   Thumb Code    86  stm32f4xx_tim.o(.text)
    TIM_SetCompare1                          0x0800242b   Thumb Code     4  stm32f4xx_tim.o(.text)
    TIM_SetCompare2                          0x0800242f   Thumb Code     4  stm32f4xx_tim.o(.text)
    TIM_SetCompare3                          0x08002433   Thumb Code     4  stm32f4xx_tim.o(.text)
    TIM_SetCompare4                          0x08002437   Thumb Code     4  stm32f4xx_tim.o(.text)
    TIM_ForcedOC1Config                      0x0800243b   Thumb Code    18  stm32f4xx_tim.o(.text)
    TIM_ForcedOC2Config                      0x0800244d   Thumb Code    26  stm32f4xx_tim.o(.text)
    TIM_ForcedOC3Config                      0x08002467   Thumb Code    18  stm32f4xx_tim.o(.text)
    TIM_ForcedOC4Config                      0x08002479   Thumb Code    26  stm32f4xx_tim.o(.text)
    TIM_OC1PreloadConfig                     0x08002493   Thumb Code    18  stm32f4xx_tim.o(.text)
    TIM_OC2PreloadConfig                     0x080024a5   Thumb Code    26  stm32f4xx_tim.o(.text)
    TIM_OC3PreloadConfig                     0x080024bf   Thumb Code    18  stm32f4xx_tim.o(.text)
    TIM_OC4PreloadConfig                     0x080024d1   Thumb Code    26  stm32f4xx_tim.o(.text)
    TIM_OC1FastConfig                        0x080024eb   Thumb Code    18  stm32f4xx_tim.o(.text)
    TIM_OC2FastConfig                        0x080024fd   Thumb Code    26  stm32f4xx_tim.o(.text)
    TIM_OC3FastConfig                        0x08002517   Thumb Code    18  stm32f4xx_tim.o(.text)
    TIM_OC4FastConfig                        0x08002529   Thumb Code    26  stm32f4xx_tim.o(.text)
    TIM_ClearOC1Ref                          0x08002543   Thumb Code    18  stm32f4xx_tim.o(.text)
    TIM_ClearOC2Ref                          0x08002555   Thumb Code    24  stm32f4xx_tim.o(.text)
    TIM_ClearOC3Ref                          0x0800256d   Thumb Code    18  stm32f4xx_tim.o(.text)
    TIM_ClearOC4Ref                          0x0800257f   Thumb Code    24  stm32f4xx_tim.o(.text)
    TIM_OC1PolarityConfig                    0x08002597   Thumb Code    18  stm32f4xx_tim.o(.text)
    TIM_OC1NPolarityConfig                   0x080025a9   Thumb Code    18  stm32f4xx_tim.o(.text)
    TIM_OC2PolarityConfig                    0x080025bb   Thumb Code    26  stm32f4xx_tim.o(.text)
    TIM_OC2NPolarityConfig                   0x080025d5   Thumb Code    26  stm32f4xx_tim.o(.text)
    TIM_OC3PolarityConfig                    0x080025ef   Thumb Code    26  stm32f4xx_tim.o(.text)
    TIM_OC3NPolarityConfig                   0x08002609   Thumb Code    26  stm32f4xx_tim.o(.text)
    TIM_OC4PolarityConfig                    0x08002623   Thumb Code    26  stm32f4xx_tim.o(.text)
    TIM_CCxCmd                               0x0800263d   Thumb Code    30  stm32f4xx_tim.o(.text)
    TIM_CCxNCmd                              0x0800265b   Thumb Code    30  stm32f4xx_tim.o(.text)
    TIM_SetIC4Prescaler                      0x08002679   Thumb Code    26  stm32f4xx_tim.o(.text)
    TIM_SetIC3Prescaler                      0x080026e3   Thumb Code    18  stm32f4xx_tim.o(.text)
    TIM_SetIC2Prescaler                      0x0800273d   Thumb Code    26  stm32f4xx_tim.o(.text)
    TIM_SetIC1Prescaler                      0x080027b1   Thumb Code    18  stm32f4xx_tim.o(.text)
    TIM_ICInit                               0x080027fd   Thumb Code   110  stm32f4xx_tim.o(.text)
    TIM_ICStructInit                         0x0800286b   Thumb Code    18  stm32f4xx_tim.o(.text)
    TIM_PWMIConfig                           0x0800287d   Thumb Code   124  stm32f4xx_tim.o(.text)
    TIM_GetCapture1                          0x080028f9   Thumb Code     6  stm32f4xx_tim.o(.text)
    TIM_GetCapture2                          0x080028ff   Thumb Code     6  stm32f4xx_tim.o(.text)
    TIM_GetCapture3                          0x08002905   Thumb Code     6  stm32f4xx_tim.o(.text)
    TIM_GetCapture4                          0x0800290b   Thumb Code     6  stm32f4xx_tim.o(.text)
    TIM_BDTRConfig                           0x08002911   Thumb Code    32  stm32f4xx_tim.o(.text)
    TIM_BDTRStructInit                       0x08002931   Thumb Code    18  stm32f4xx_tim.o(.text)
    TIM_CtrlPWMOutputs                       0x08002943   Thumb Code    30  stm32f4xx_tim.o(.text)
    TIM_SelectCOM                            0x08002961   Thumb Code    24  stm32f4xx_tim.o(.text)
    TIM_CCPreloadControl                     0x08002979   Thumb Code    24  stm32f4xx_tim.o(.text)
    TIM_ITConfig                             0x08002991   Thumb Code    18  stm32f4xx_tim.o(.text)
    TIM_GenerateEvent                        0x080029a3   Thumb Code     4  stm32f4xx_tim.o(.text)
    TIM_GetFlagStatus                        0x080029a7   Thumb Code    18  stm32f4xx_tim.o(.text)
    TIM_ClearFlag                            0x080029b9   Thumb Code     6  stm32f4xx_tim.o(.text)
    TIM_GetITStatus                          0x080029bf   Thumb Code    34  stm32f4xx_tim.o(.text)
    TIM_ClearITPendingBit                    0x080029e1   Thumb Code     6  stm32f4xx_tim.o(.text)
    TIM_DMAConfig                            0x080029e7   Thumb Code    10  stm32f4xx_tim.o(.text)
    TIM_DMACmd                               0x080029f1   Thumb Code    18  stm32f4xx_tim.o(.text)
    TIM_SelectCCDMA                          0x08002a03   Thumb Code    24  stm32f4xx_tim.o(.text)
    TIM_InternalClockConfig                  0x08002a1b   Thumb Code    12  stm32f4xx_tim.o(.text)
    TIM_SelectInputTrigger                   0x08002a27   Thumb Code    18  stm32f4xx_tim.o(.text)
    TIM_ITRxExternalClockConfig              0x08002a39   Thumb Code    24  stm32f4xx_tim.o(.text)
    TIM_TIxExternalClockConfig               0x08002a51   Thumb Code    62  stm32f4xx_tim.o(.text)
    TIM_ETRConfig                            0x08002a8f   Thumb Code    28  stm32f4xx_tim.o(.text)
    TIM_ETRClockMode1Config                  0x08002aab   Thumb Code    54  stm32f4xx_tim.o(.text)
    TIM_ETRClockMode2Config                  0x08002ae1   Thumb Code    32  stm32f4xx_tim.o(.text)
    TIM_SelectOutputTrigger                  0x08002b01   Thumb Code    18  stm32f4xx_tim.o(.text)
    TIM_SelectSlaveMode                      0x08002b13   Thumb Code    18  stm32f4xx_tim.o(.text)
    TIM_SelectMasterSlaveMode                0x08002b25   Thumb Code    18  stm32f4xx_tim.o(.text)
    TIM_EncoderInterfaceConfig               0x08002b37   Thumb Code    66  stm32f4xx_tim.o(.text)
    TIM_SelectHallSensor                     0x08002b79   Thumb Code    24  stm32f4xx_tim.o(.text)
    TIM_RemapConfig                          0x08002b91   Thumb Code     6  stm32f4xx_tim.o(.text)
    ETH_DeInit                               0x08002bb5   Thumb Code    22  stm32f4x7_eth.o(.text)
    ETH_StructInit                           0x08002bcb   Thumb Code   178  stm32f4x7_eth.o(.text)
    ETH_WritePHYRegister                     0x08002c7d   Thumb Code    96  stm32f4x7_eth.o(.text)
    ETH_ReadPHYRegister                      0x08002cdd   Thumb Code    98  stm32f4x7_eth.o(.text)
    ETH_Init                                 0x08002d3f   Thumb Code   762  stm32f4x7_eth.o(.text)
    ETH_DMAReceptionCmd                      0x08003039   Thumb Code    30  stm32f4x7_eth.o(.text)
    ETH_DMATransmissionCmd                   0x08003057   Thumb Code    76  stm32f4x7_eth.o(.text)
    ETH_FlushTransmitFIFO                    0x080030a3   Thumb Code    40  stm32f4x7_eth.o(.text)
    ETH_MACReceptionCmd                      0x080030cb   Thumb Code    58  stm32f4x7_eth.o(.text)
    ETH_MACTransmissionCmd                   0x08003105   Thumb Code    58  stm32f4x7_eth.o(.text)
    ETH_Start                                0x0800313f   Thumb Code    32  stm32f4x7_eth.o(.text)
    ETH_Stop                                 0x0800315f   Thumb Code    32  stm32f4x7_eth.o(.text)
    ETH_GetFlowControlBusyStatus             0x0800317f   Thumb Code    20  stm32f4x7_eth.o(.text)
    ETH_InitiatePauseControlFrame            0x08003193   Thumb Code    40  stm32f4x7_eth.o(.text)
    ETH_BackPressureActivationCmd            0x080031bb   Thumb Code    58  stm32f4x7_eth.o(.text)
    ETH_GetMACFlagStatus                     0x080031f5   Thumb Code    20  stm32f4x7_eth.o(.text)
    ETH_GetMACITStatus                       0x08003209   Thumb Code    20  stm32f4x7_eth.o(.text)
    ETH_MACITConfig                          0x0800321d   Thumb Code    26  stm32f4x7_eth.o(.text)
    ETH_MACAddressConfig                     0x08003237   Thumb Code    46  stm32f4x7_eth.o(.text)
    ETH_GetMACAddress                        0x08003265   Thumb Code    36  stm32f4x7_eth.o(.text)
    ETH_MACAddressPerfectFilterCmd           0x08003289   Thumb Code    72  stm32f4x7_eth.o(.text)
    ETH_MACAddressFilterConfig               0x080032d1   Thumb Code    74  stm32f4x7_eth.o(.text)
    ETH_MACAddressMaskBytesFilterConfig      0x0800331b   Thumb Code    90  stm32f4x7_eth.o(.text)
    ETH_Get_Received_Frame                   0x08003375   Thumb Code    64  stm32f4x7_eth.o(.text)
    ETH_Get_Received_Frame_interrupt         0x080033b5   Thumb Code   288  stm32f4x7_eth.o(.text)
    ETH_Prepare_Transmit_Descriptors         0x080034d5   Thumb Code   194  stm32f4x7_eth.o(.text)
    ETH_DMARxDescChainInit                   0x08003597   Thumb Code    82  stm32f4x7_eth.o(.text)
    ETH_CheckFrameReceived                   0x080035e9   Thumb Code   210  stm32f4x7_eth.o(.text)
    ETH_DMATxDescChainInit                   0x080036bb   Thumb Code    70  stm32f4x7_eth.o(.text)
    ETH_GetDMATxDescFlagStatus               0x08003701   Thumb Code    18  stm32f4x7_eth.o(.text)
    ETH_GetDMATxDescCollisionCount           0x08003713   Thumb Code    10  stm32f4x7_eth.o(.text)
    ETH_SetDMATxDescOwnBit                   0x0800371d   Thumb Code    10  stm32f4x7_eth.o(.text)
    ETH_DMATxDescTransmitITConfig            0x08003727   Thumb Code    22  stm32f4x7_eth.o(.text)
    ETH_DMATxDescFrameSegmentConfig          0x0800373d   Thumb Code     8  stm32f4x7_eth.o(.text)
    ETH_DMATxDescChecksumInsertionConfig     0x08003745   Thumb Code     8  stm32f4x7_eth.o(.text)
    ETH_DMATxDescCRCCmd                      0x0800374d   Thumb Code    22  stm32f4x7_eth.o(.text)
    ETH_DMATxDescSecondAddressChainedCmd     0x08003763   Thumb Code    22  stm32f4x7_eth.o(.text)
    ETH_DMATxDescShortFramePaddingCmd        0x08003779   Thumb Code    22  stm32f4x7_eth.o(.text)
    ETH_DMATxDescBufferSizeConfig            0x0800378f   Thumb Code    14  stm32f4x7_eth.o(.text)
    ETH_GetDMARxDescFlagStatus               0x0800379d   Thumb Code    18  stm32f4x7_eth.o(.text)
    ETH_GetDMAPTPRxDescExtendedFlagStatus    0x080037af   Thumb Code    18  stm32f4x7_eth.o(.text)
    ETH_SetDMARxDescOwnBit                   0x080037c1   Thumb Code    10  stm32f4x7_eth.o(.text)
    ETH_GetDMARxDescFrameLength              0x080037cb   Thumb Code    10  stm32f4x7_eth.o(.text)
    ETH_DMARxDescReceiveITConfig             0x080037d5   Thumb Code    22  stm32f4x7_eth.o(.text)
    ETH_GetDMARxDescBufferSize               0x080037eb   Thumb Code    20  stm32f4x7_eth.o(.text)
    ETH_GetRxPktSize                         0x080037ff   Thumb Code    42  stm32f4x7_eth.o(.text)
    ETH_EnhancedDescriptorCmd                0x08003829   Thumb Code    58  stm32f4x7_eth.o(.text)
    ETH_SoftwareReset                        0x08003863   Thumb Code    34  stm32f4x7_eth.o(.text)
    ETH_GetSoftwareResetStatus               0x08003885   Thumb Code    20  stm32f4x7_eth.o(.text)
    ETH_GetDMAFlagStatus                     0x08003899   Thumb Code    20  stm32f4x7_eth.o(.text)
    ETH_DMAClearFlag                         0x080038ad   Thumb Code     6  stm32f4x7_eth.o(.text)
    ETH_DMAITConfig                          0x080038b3   Thumb Code    26  stm32f4x7_eth.o(.text)
    ETH_GetDMAITStatus                       0x080038cd   Thumb Code    20  stm32f4x7_eth.o(.text)
    ETH_DMAClearITPendingBit                 0x080038e1   Thumb Code     6  stm32f4x7_eth.o(.text)
    ETH_GetTransmitProcessState              0x080038e7   Thumb Code    10  stm32f4x7_eth.o(.text)
    ETH_GetReceiveProcessState               0x080038f1   Thumb Code    10  stm32f4x7_eth.o(.text)
    ETH_GetFlushTransmitFIFOStatus           0x080038fb   Thumb Code    20  stm32f4x7_eth.o(.text)
    ETH_GetDMAOverflowStatus                 0x0800390f   Thumb Code    20  stm32f4x7_eth.o(.text)
    ETH_GetRxOverflowMissedFrameCounter      0x08003923   Thumb Code    10  stm32f4x7_eth.o(.text)
    ETH_GetBufferUnavailableMissedFrameCounter 0x0800392d   Thumb Code     8  stm32f4x7_eth.o(.text)
    ETH_GetCurrentTxDescStartAddress         0x08003935   Thumb Code     6  stm32f4x7_eth.o(.text)
    ETH_GetCurrentRxDescStartAddress         0x0800393b   Thumb Code     6  stm32f4x7_eth.o(.text)
    ETH_GetCurrentTxBufferAddress            0x08003941   Thumb Code     6  stm32f4x7_eth.o(.text)
    ETH_GetCurrentRxBufferAddress            0x08003947   Thumb Code     6  stm32f4x7_eth.o(.text)
    ETH_ResumeDMATransmission                0x0800394d   Thumb Code     8  stm32f4x7_eth.o(.text)
    ETH_ResumeDMAReception                   0x08003955   Thumb Code     8  stm32f4x7_eth.o(.text)
    ETH_SetReceiveWatchdogTimer              0x0800395d   Thumb Code     6  stm32f4x7_eth.o(.text)
    ETH_PHYLoopBackCmd                       0x08003963   Thumb Code    52  stm32f4x7_eth.o(.text)
    ETH_ResetWakeUpFrameFilterRegisterPointer 0x08003997   Thumb Code    40  stm32f4x7_eth.o(.text)
    ETH_SetWakeUpFrameFilterRegister         0x080039bf   Thumb Code    50  stm32f4x7_eth.o(.text)
    ETH_GlobalUnicastWakeUpCmd               0x080039f1   Thumb Code    58  stm32f4x7_eth.o(.text)
    ETH_GetPMTFlagStatus                     0x08003a2b   Thumb Code    20  stm32f4x7_eth.o(.text)
    ETH_WakeUpFrameDetectionCmd              0x08003a3f   Thumb Code    58  stm32f4x7_eth.o(.text)
    ETH_MagicPacketDetectionCmd              0x08003a79   Thumb Code    58  stm32f4x7_eth.o(.text)
    ETH_PowerDownCmd                         0x08003ab3   Thumb Code    58  stm32f4x7_eth.o(.text)
    ETH_MMCCounterFullPreset                 0x08003aed   Thumb Code    16  stm32f4x7_eth.o(.text)
    ETH_MMCCounterHalfPreset                 0x08003afd   Thumb Code    30  stm32f4x7_eth.o(.text)
    ETH_MMCCounterFreezeCmd                  0x08003b1b   Thumb Code    34  stm32f4x7_eth.o(.text)
    ETH_MMCResetOnReadCmd                    0x08003b3d   Thumb Code    34  stm32f4x7_eth.o(.text)
    ETH_MMCCounterRolloverCmd                0x08003b5f   Thumb Code    34  stm32f4x7_eth.o(.text)
    ETH_MMCCountersReset                     0x08003b81   Thumb Code    16  stm32f4x7_eth.o(.text)
    ETH_MMCITConfig                          0x08003b91   Thumb Code    78  stm32f4x7_eth.o(.text)
    ETH_GetMMCITStatus                       0x08003bdf   Thumb Code    66  stm32f4x7_eth.o(.text)
    ETH_GetMMCRegister                       0x08003c21   Thumb Code     8  stm32f4x7_eth.o(.text)
    ETH_TxPkt_ChainMode                      0x08003ccb   Thumb Code   100  ethernetif.o(.text)
    ETH_GetCurrentTxBuffer                   0x08003d2f   Thumb Code     8  ethernetif.o(.text)
    ETH_RxPkt_ChainMode                      0x08003d6b   Thumb Code   148  ethernetif.o(.text)
    ethernetif_input                         0x08003e6d   Thumb Code    44  ethernetif.o(.text)
    ethernetif_init                          0x08003e99   Thumb Code    36  ethernetif.o(.text)
    etharp_tmr                               0x08003f2f   Thumb Code   136  etharp.o(.text)
    etharp_cleanup_netif                     0x08004253   Thumb Code    52  etharp.o(.text)
    etharp_find_addr                         0x08004287   Thumb Code    96  etharp.o(.text)
    etharp_request                           0x080044d1   Thumb Code    36  etharp.o(.text)
    etharp_query                             0x08004571   Thumb Code   394  etharp.o(.text)
    etharp_output                            0x080046fb   Thumb Code   332  etharp.o(.text)
    ethernet_input                           0x08004847   Thumb Code   198  etharp.o(.text)
    icmp_input                               0x0800490d   Thumb Code   378  icmp.o(.text)
    icmp_dest_unreach                        0x08004b01   Thumb Code    18  icmp.o(.text)
    inet_chksum_pseudo                       0x08004b7b   Thumb Code   162  inet_chksum.o(.text)
    inet_chksum_pseudo_partial               0x08004c1d   Thumb Code   196  inet_chksum.o(.text)
    inet_chksum                              0x08004ce1   Thumb Code    20  inet_chksum.o(.text)
    inet_chksum_pbuf                         0x08004cf5   Thumb Code    86  inet_chksum.o(.text)
    ip_route                                 0x08004d4d   Thumb Code    76  ip.o(.text)
    ip_input                                 0x08004d99   Thumb Code   416  ip.o(.text)
    ip_output_if                             0x08004f39   Thumb Code   190  ip.o(.text)
    ip_output                                0x08004ff7   Thumb Code    66  ip.o(.text)
    ip4_addr_isbroadcast                     0x08005055   Thumb Code    78  ip_addr.o(.text)
    ip4_addr_netmask_valid                   0x080050a3   Thumb Code    56  ip_addr.o(.text)
    ipaddr_aton                              0x080050db   Thumb Code   352  ip_addr.o(.text)
    ipaddr_addr                              0x0800523b   Thumb Code    24  ip_addr.o(.text)
    ipaddr_ntoa_r                            0x08005253   Thumb Code   168  ip_addr.o(.text)
    ipaddr_ntoa                              0x080052fb   Thumb Code    16  ip_addr.o(.text)
    lwip_htons                               0x08005311   Thumb Code    12  def.o(.text)
    lwip_ntohs                               0x0800531d   Thumb Code    12  def.o(.text)
    lwip_htonl                               0x08005329   Thumb Code    26  def.o(.text)
    lwip_ntohl                               0x08005343   Thumb Code    12  def.o(.text)
    dhcp_renew                               0x080058e1   Thumb Code   142  dhcp.o(.text)
    dhcp_coarse_tmr                          0x08005a3b   Thumb Code    62  dhcp.o(.text)
    dhcp_release                             0x08005b1d   Thumb Code   162  dhcp.o(.text)
    dhcp_fine_tmr                            0x08005d4f   Thumb Code    64  dhcp.o(.text)
    dhcp_set_struct                          0x08005e13   Thumb Code    50  dhcp.o(.text)
    dhcp_cleanup                             0x08005e45   Thumb Code    30  dhcp.o(.text)
    dhcp_stop                                0x08005e63   Thumb Code    70  dhcp.o(.text)
    dhcp_start                               0x08006307   Thumb Code   224  dhcp.o(.text)
    dhcp_inform                              0x080063e7   Thumb Code   174  dhcp.o(.text)
    dhcp_network_changed                     0x08006495   Thumb Code    80  dhcp.o(.text)
    dhcp_arp_reply                           0x08006563   Thumb Code    50  dhcp.o(.text)
    lwip_init                                0x080065a9   Thumb Code    28  init.o(.text)
    mem_init                                 0x0800666f   Thumb Code    76  mem.o(.text)
    mem_free                                 0x080066bb   Thumb Code   106  mem.o(.text)
    mem_trim                                 0x08006725   Thumb Code   322  mem.o(.text)
    mem_malloc                               0x08006867   Thumb Code   288  mem.o(.text)
    mem_calloc                               0x08006987   Thumb Code    50  mem.o(.text)
    get_idle_memp_tab_num                    0x080069b9   Thumb Code    50  memp.o(.text)
    memp_init                                0x080069eb   Thumb Code    82  memp.o(.text)
    memp_malloc                              0x08006a3d   Thumb Code   102  memp.o(.text)
    memp_free                                0x08006aa3   Thumb Code   110  memp.o(.text)
    netif_init                               0x08006c19   Thumb Code     2  netif.o(.text)
    netif_set_gw                             0x08006c1b   Thumb Code    12  netif.o(.text)
    netif_set_netmask                        0x08006c27   Thumb Code    12  netif.o(.text)
    netif_set_ipaddr                         0x08006c33   Thumb Code   110  netif.o(.text)
    netif_set_addr                           0x08006ca1   Thumb Code    40  netif.o(.text)
    netif_add                                0x08006cc9   Thumb Code   108  netif.o(.text)
    netif_set_default                        0x08006d35   Thumb Code     6  netif.o(.text)
    netif_set_down                           0x08006d3b   Thumb Code    42  netif.o(.text)
    netif_remove                             0x08006d65   Thumb Code    90  netif.o(.text)
    netif_find                               0x08006dbf   Thumb Code    64  netif.o(.text)
    netif_set_up                             0x08006dff   Thumb Code    54  netif.o(.text)
    netif_set_link_up                        0x08006e35   Thumb Code    66  netif.o(.text)
    netif_set_link_down                      0x08006e77   Thumb Code    24  netif.o(.text)
    pbuf_free                                0x08006ea5   Thumb Code   152  pbuf.o(.text)
    pbuf_alloc                               0x08006f3d   Thumb Code   522  pbuf.o(.text)
    pbuf_realloc                             0x08007147   Thumb Code   176  pbuf.o(.text)
    pbuf_header                              0x080071f7   Thumb Code   140  pbuf.o(.text)
    pbuf_clen                                0x08007283   Thumb Code    18  pbuf.o(.text)
    pbuf_ref                                 0x08007295   Thumb Code    10  pbuf.o(.text)
    pbuf_cat                                 0x0800729f   Thumb Code    80  pbuf.o(.text)
    pbuf_chain                               0x080072ef   Thumb Code    22  pbuf.o(.text)
    pbuf_dechain                             0x08007305   Thumb Code    84  pbuf.o(.text)
    pbuf_copy                                0x08007359   Thumb Code   228  pbuf.o(.text)
    pbuf_copy_partial                        0x0800743d   Thumb Code   154  pbuf.o(.text)
    pbuf_take                                0x080074d7   Thumb Code   138  pbuf.o(.text)
    pbuf_coalesce                            0x08007561   Thumb Code    66  pbuf.o(.text)
    pbuf_get_at                              0x080075a3   Thumb Code    46  pbuf.o(.text)
    pbuf_memcmp                              0x080075d1   Thumb Code    96  pbuf.o(.text)
    pbuf_memfind                             0x08007631   Thumb Code    76  pbuf.o(.text)
    pbuf_strstr                              0x0800767d   Thumb Code    60  pbuf.o(.text)
    raw_input                                0x080076b9   Thumb Code   102  raw.o(.text)
    raw_bind                                 0x0800771f   Thumb Code    16  raw.o(.text)
    raw_connect                              0x0800772f   Thumb Code    16  raw.o(.text)
    raw_recv                                 0x0800773f   Thumb Code     6  raw.o(.text)
    raw_sendto                               0x08007745   Thumb Code   162  raw.o(.text)
    raw_send                                 0x080077e7   Thumb Code    18  raw.o(.text)
    raw_remove                               0x080077f9   Thumb Code    60  raw.o(.text)
    raw_new                                  0x08007835   Thumb Code    42  raw.o(.text)
    tcp_init                                 0x0800786d   Thumb Code     2  tcp.o(.text)
    tcp_seg_free                             0x0800786f   Thumb Code    26  tcp.o(.text)
    tcp_segs_free                            0x08007889   Thumb Code    24  tcp.o(.text)
    tcp_pcb_purge                            0x080078a1   Thumb Code    64  tcp.o(.text)
    tcp_slowtmr                              0x080078e1   Thumb Code   872  tcp.o(.text)
    tcp_pcb_remove                           0x08007c49   Thumb Code   188  tcp.o(.text)
    tcp_close                                0x08007ec1   Thumb Code    28  tcp.o(.text)
    tcp_update_rcv_ann_wnd                   0x08007edd   Thumb Code    88  tcp.o(.text)
    tcp_recved                               0x08007f35   Thumb Code    96  tcp.o(.text)
    tcp_recv_null                            0x08007f95   Thumb Code    46  tcp.o(.text)
    tcp_process_refused_data                 0x08007fc3   Thumb Code   140  tcp.o(.text)
    tcp_fasttmr                              0x0800804f   Thumb Code   110  tcp.o(.text)
    tcp_tmr                                  0x080080bd   Thumb Code    30  tcp.o(.text)
    tcp_shutdown                             0x080080db   Thumb Code   132  tcp.o(.text)
    tcp_abandon                              0x0800815f   Thumb Code   146  tcp.o(.text)
    tcp_abort                                0x080081f1   Thumb Code    14  tcp.o(.text)
    tcp_bind                                 0x0800825f   Thumb Code   146  tcp.o(.text)
    tcp_listen_with_backlog                  0x080082f9   Thumb Code   202  tcp.o(.text)
    tcp_eff_send_mss                         0x080083c3   Thumb Code    46  tcp.o(.text)
    tcp_next_iss                             0x080083f1   Thumb Code    20  tcp.o(.text)
    tcp_connect                              0x08008405   Thumb Code   328  tcp.o(.text)
    tcp_setprio                              0x0800854d   Thumb Code     4  tcp.o(.text)
    tcp_alloc                                0x080085fb   Thumb Code   186  tcp.o(.text)
    tcp_new                                  0x080086b5   Thumb Code    10  tcp.o(.text)
    tcp_arg                                  0x080086bf   Thumb Code     4  tcp.o(.text)
    tcp_recv                                 0x080086c3   Thumb Code    18  tcp.o(.text)
    tcp_sent                                 0x080086d5   Thumb Code    18  tcp.o(.text)
    tcp_err                                  0x080086e7   Thumb Code    20  tcp.o(.text)
    tcp_accept                               0x080086fb   Thumb Code     4  tcp.o(.text)
    tcp_poll                                 0x080086ff   Thumb Code    24  tcp.o(.text)
    tcp_debug_state_str                      0x08008717   Thumb Code    10  tcp.o(.text)
    tcp_input                                0x080095d7   Thumb Code  1194  tcp_in.o(.text)
    tcp_enqueue_flags                        0x08009be7   Thumb Code   326  tcp_out.o(.text)
    tcp_send_fin                             0x08009d2d   Thumb Code    74  tcp_out.o(.text)
    tcp_write                                0x08009e7f   Thumb Code  1022  tcp_out.o(.text)
    tcp_send_empty_ack                       0x0800a27d   Thumb Code    78  tcp_out.o(.text)
    tcp_output                               0x0800a395   Thumb Code   464  tcp_out.o(.text)
    tcp_rst                                  0x0800a565   Thumb Code   134  tcp_out.o(.text)
    tcp_rexmit_rto                           0x0800a5eb   Thumb Code    58  tcp_out.o(.text)
    tcp_rexmit                               0x0800a625   Thumb Code    90  tcp_out.o(.text)
    tcp_rexmit_fast                          0x0800a67f   Thumb Code   112  tcp_out.o(.text)
    tcp_keepalive                            0x0800a6ef   Thumb Code    78  tcp_out.o(.text)
    tcp_zero_window_probe                    0x0800a73d   Thumb Code   164  tcp_out.o(.text)
    sys_timeout                              0x0800a7e1   Thumb Code   158  timers.o(.text)
    tcp_timer_needed                         0x0800a8a7   Thumb Code    38  timers.o(.text)
    sys_timeouts_init                        0x0800a90f   Thumb Code    48  timers.o(.text)
    sys_untimeout                            0x0800a93f   Thumb Code    90  timers.o(.text)
    sys_check_timeouts                       0x0800a999   Thumb Code    92  timers.o(.text)
    sys_restart_timeouts                     0x0800a9f5   Thumb Code    12  timers.o(.text)
    udp_init                                 0x0800aa25   Thumb Code     2  udp.o(.text)
    udp_input                                0x0800aa77   Thumb Code   464  udp.o(.text)
    udp_bind                                 0x0800ac47   Thumb Code   132  udp.o(.text)
    udp_sendto_if                            0x0800accb   Thumb Code   216  udp.o(.text)
    udp_sendto                               0x0800ada3   Thumb Code    46  udp.o(.text)
    udp_send                                 0x0800add1   Thumb Code    20  udp.o(.text)
    udp_connect                              0x0800ade5   Thumb Code   112  udp.o(.text)
    udp_disconnect                           0x0800ae55   Thumb Code    16  udp.o(.text)
    udp_recv                                 0x0800ae65   Thumb Code     6  udp.o(.text)
    udp_remove                               0x0800ae6b   Thumb Code    60  udp.o(.text)
    udp_new                                  0x0800aea7   Thumb Code    28  udp.o(.text)
    sys_now                                  0x0800aec9   Thumb Code     6  sys_arch.o(.text)
    TCP_CLose                                0x0800aed5   Thumb Code    54  tcpclient.o(.text)
    TCP_Client_Err                           0x0800af0b   Thumb Code    16  tcpclient.o(.text)
    TCP_Client_Recv                          0x0800af1b   Thumb Code    48  tcpclient.o(.text)
    TCP_Connected                            0x0800af4b   Thumb Code    34  tcpclient.o(.text)
    Char_to_Hex                              0x0800af6d   Thumb Code   230  tcpclient.o(.text)
    IP_stringTO                              0x0800b053   Thumb Code   134  tcpclient.o(.text)
    TCP_Client_Init                          0x0800b0d9   Thumb Code   122  tcpclient.o(.text)
    tcp_connect_check                        0x0800b153   Thumb Code   198  tcpclient.o(.text)
    echo_snd                                 0x0800b219   Thumb Code    86  tcpclient.o(.text)
    __aeabi_memcpy                           0x0800b3cd   Thumb Code    36  memcpya.o(.text)
    __aeabi_memcpy4                          0x0800b3cd   Thumb Code     0  memcpya.o(.text)
    __aeabi_memcpy8                          0x0800b3cd   Thumb Code     0  memcpya.o(.text)
    __aeabi_memset                           0x0800b3f1   Thumb Code    14  memseta.o(.text)
    __aeabi_memset4                          0x0800b3f1   Thumb Code     0  memseta.o(.text)
    __aeabi_memset8                          0x0800b3f1   Thumb Code     0  memseta.o(.text)
    __aeabi_memclr                           0x0800b3ff   Thumb Code     4  memseta.o(.text)
    __aeabi_memclr4                          0x0800b3ff   Thumb Code     0  memseta.o(.text)
    __aeabi_memclr8                          0x0800b3ff   Thumb Code     0  memseta.o(.text)
    _memset$wrapper                          0x0800b403   Thumb Code    18  memseta.o(.text)
    strlen                                   0x0800b415   Thumb Code    14  strlen.o(.text)
    memcmp                                   0x0800b423   Thumb Code    26  memcmp.o(.text)
    __0sscanf                                0x0800b43d   Thumb Code    48  __0sscanf.o(.text)
    _scanf_string                            0x0800b475   Thumb Code   218  _scanf_str.o(.text)
    __aeabi_uldivmod                         0x0800b54f   Thumb Code    98  uldiv.o(.text)
    __vfscanf_char                           0x0800b5bd   Thumb Code    20  scanf_char.o(.text)
    _sgetc                                   0x0800b5d9   Thumb Code    30  _sgetc.o(.text)
    _sbackspace                              0x0800b5f7   Thumb Code    34  _sgetc.o(.text)
    __scatterload                            0x0800b619   Thumb Code    28  init.o(.text)
    __scatterload_rt2                        0x0800b619   Thumb Code     0  init.o(.text)
    __aeabi_llsl                             0x0800b63d   Thumb Code    30  llshl.o(.text)
    _ll_shift_l                              0x0800b63d   Thumb Code     0  llshl.o(.text)
    __aeabi_llsr                             0x0800b65b   Thumb Code    32  llushr.o(.text)
    _ll_ushift_r                             0x0800b65b   Thumb Code     0  llushr.o(.text)
    isspace                                  0x0800b67b   Thumb Code    10  isspace_c.o(.text)
    __vfscanf                                0x0800b685   Thumb Code   802  _scanf.o(.text)
    __ctype_lookup                           0x0800b9ad   Thumb Code    34  ctype_c.o(.text)
    __decompress                             0x0800b9d5   Thumb Code     0  __dczerorl2.o(.text)
    __decompress1                            0x0800b9d5   Thumb Code    86  __dczerorl2.o(.text)
    __0printf$8                              0x0800ba2d   Thumb Code    22  printf8.o(i.__0printf$8)
    __1printf$8                              0x0800ba2d   Thumb Code     0  printf8.o(i.__0printf$8)
    __2printf                                0x0800ba2d   Thumb Code     0  printf8.o(i.__0printf$8)
    __scatterload_copy                       0x0800ba4d   Thumb Code    14  handlers.o(i.__scatterload_copy)
    __scatterload_null                       0x0800ba5b   Thumb Code     2  handlers.o(i.__scatterload_null)
    __scatterload_zeroinit                   0x0800ba5d   Thumb Code    14  handlers.o(i.__scatterload_zeroinit)
    ethbroadcast                             0x0800bec6   Data           6  etharp.o(.constdata)
    ethzero                                  0x0800becc   Data           6  etharp.o(.constdata)
    ip_addr_any                              0x0800bed4   Data           4  ip_addr.o(.constdata)
    ip_addr_broadcast                        0x0800bed8   Data           4  ip_addr.o(.constdata)
    ip_addr_loopback                         0x0800bedc   Data           4  ip_addr.o(.constdata)
    tcp_state_str                            0x0800bf00   Data          44  tcp.o(.constdata)
    tcp_backoff                              0x0800bf2c   Data          13  tcp.o(.constdata)
    tcp_persist_backoff                      0x0800bf39   Data           7  tcp.o(.constdata)
    tcp_pcb_lists                            0x0800bf40   Data          16  tcp.o(.constdata)
    __ctype_categories                       0x0800bf50   Data          64  ctype_c.o(.constdata)
    Region$$Table$$Base                      0x0800c008   Number         0  anon$$obj.o(Region$$Table)
    Region$$Table$$Limit                     0x0800c028   Number         0  anon$$obj.o(Region$$Table)
    Server_flag                              0x20000000   Data           1  main.o(.data)
    server_ip                                0x20000001   Data          20  main.o(.data)
    server_port                              0x20000016   Data           2  main.o(.data)
    maxIndex                                 0x2000001a   Data           2  criticalseg.o(.data)
    eth_en                                   0x2000001c   Data           1  criticalseg.o(.data)
    USART1_RX_STA                            0x2000001e   Data           2  usart1.o(.data)
    MACaddr                                  0x20000020   Data           6  8720.o(.data)
    LWipTime                                 0x20000028   Data           4  8720.o(.data)
    dhcpstatus                               0x2000002c   Data           1  8720.o(.data)
    TCPTimer                                 0x20000030   Data           4  8720.o(.data)
    ARPTimer                                 0x20000034   Data           4  8720.o(.data)
    CLIENTTimer                              0x20000038   Data           4  8720.o(.data)
    DHCPfineTimer                            0x2000003c   Data           4  8720.o(.data)
    DHCPcoarseTimer                          0x20000040   Data           4  8720.o(.data)
    dly_snd                                  0x20000044   Data           2  8720.o(.data)
    __stdout                                 0x20000054   Data           4  retarget.o(.data)
    __stdin                                  0x20000058   Data           4  retarget.o(.data)
    ITM_RxBuffer                             0x2000005c   Data           4  retarget.o(.data)
    SystemCoreClock                          0x20000060   Data           4  system_stm32f4xx.o(.data)
    AHBPrescTable                            0x20000064   Data          16  system_stm32f4xx.o(.data)
    DMATxDescToSet                           0x20000084   Data           4  stm32f4x7_eth.o(.data)
    DMARxDescToGet                           0x20000088   Data           4  stm32f4x7_eth.o(.data)
    DMA_RX_FRAME_infos                       0x2000008c   Data           4  stm32f4x7_eth.o(.data)
    Frame_Rx_index                           0x20000090   Data           4  stm32f4x7_eth.o(.data)
    current_netif                            0x20000098   Data           4  ip.o(.data)
    current_header                           0x2000009c   Data           4  ip.o(.data)
    current_iphdr_src                        0x200000a0   Data           4  ip.o(.data)
    current_iphdr_dest                       0x200000a4   Data           4  ip.o(.data)
    memp_seg_cnt                             0x200000bc   Data           4  memp.o(.data)
    netif_list                               0x200000c0   Data           4  netif.o(.data)
    netif_default                            0x200000c4   Data           4  netif.o(.data)
    tcp_ticks                                0x200000d4   Data           4  tcp.o(.data)
    tcp_bound_pcbs                           0x200000d8   Data           4  tcp.o(.data)
    tcp_listen_pcbs                          0x200000dc   Data           4  tcp.o(.data)
    tcp_active_pcbs                          0x200000e0   Data           4  tcp.o(.data)
    tcp_tw_pcbs                              0x200000e4   Data           4  tcp.o(.data)
    tcp_tmp_pcb                              0x200000e8   Data           4  tcp.o(.data)
    tcp_active_pcbs_changed                  0x200000ec   Data           1  tcp.o(.data)
    tcp_input_pcb                            0x20000110   Data           4  tcp_in.o(.data)
    udp_pcbs                                 0x20000124   Data           4  udp.o(.data)
    tcp_client_pcb                           0x20000128   Data           4  tcpclient.o(.data)
    connect_flag                             0x2000012c   Data           1  tcpclient.o(.data)
    tcp_data                                 0x2000012d   Data         100  tcpclient.o(.data)
    echo_flag                                0x20000191   Data           1  tcpclient.o(.data)
    c_srv_ctimout                            0x20000192   Data           2  tcpclient.o(.data)
    TCP_LOCAL_PORT                           0x20000194   Data           2  tcpclient.o(.data)
    USART1_RX_BUF                            0x20000210   Data        1024  usart1.o(.bss)
    lan8720_ip                               0x20000610   Data          18  8720.o(.bss)
    lan8720_netif                            0x20000624   Data          56  8720.o(.bss)
    buf                                      0x2000065c   Data        4096  8720.o(.bss)
    DMARxDscrTab                             0x2000165c   Data         160  stm32f4x7_eth.o(.bss)
    DMATxDscrTab                             0x200016fc   Data         320  stm32f4x7_eth.o(.bss)
    Rx_Buff                                  0x2000183c   Data        7620  stm32f4x7_eth.o(.bss)
    Tx_Buff                                  0x20003600   Data       15240  stm32f4x7_eth.o(.bss)
    RX_Frame_Descriptor                      0x20007188   Data          12  stm32f4x7_eth.o(.bss)
    dhcp_rx_options_val                      0x2000726c   Data          40  dhcp.o(.bss)
    dhcp_rx_options_given                    0x20007294   Data          10  dhcp.o(.bss)
    ram_heap                                 0x2000729e   Data       36020  mem.o(.bss)
    __initial_sp                             0x2001d0e8   Data           0  startup_stm32f40_41xxx.o(STACK)



==============================================================================

Memory Map of the image

  Image Entry point : 0x08000189

  Load Region LR_IROM1 (Base: 0x08000000, Size: 0x0000c1c0, Max: 0x00100000, ABSOLUTE, COMPRESSED[0x0000c094])

    Execution Region ER_IROM1 (Base: 0x08000000, Size: 0x0000c028, Max: 0x00100000, ABSOLUTE)

    Base Addr    Size         Type   Attr      Idx    E Section Name        Object

    0x08000000   0x00000188   Data   RO          411    RESET               startup_stm32f40_41xxx.o
    0x08000188   0x00000000   Code   RO         1212  * .ARM.Collect$$$$00000000  mc_w.l(entry.o)
    0x08000188   0x00000004   Code   RO         1490    .ARM.Collect$$$$00000001  mc_w.l(entry2.o)
    0x0800018c   0x00000004   Code   RO         1493    .ARM.Collect$$$$00000004  mc_w.l(entry5.o)
    0x08000190   0x00000000   Code   RO         1495    .ARM.Collect$$$$00000008  mc_w.l(entry7b.o)
    0x08000190   0x00000000   Code   RO         1497    .ARM.Collect$$$$0000000A  mc_w.l(entry8b.o)
    0x08000190   0x00000008   Code   RO         1498    .ARM.Collect$$$$0000000B  mc_w.l(entry9a.o)
    0x08000198   0x00000000   Code   RO         1500    .ARM.Collect$$$$0000000D  mc_w.l(entry10a.o)
    0x08000198   0x00000000   Code   RO         1502    .ARM.Collect$$$$0000000F  mc_w.l(entry11a.o)
    0x08000198   0x00000004   Code   RO         1491    .ARM.Collect$$$$00002712  mc_w.l(entry2.o)
    0x0800019c   0x00000128   Code   RO            3    .text               main.o
    0x080002c4   0x00000078   Code   RO          249    .text               criticalseg.o
    0x0800033c   0x00000170   Code   RO          280    .text               delay.o
    0x080004ac   0x000000b8   Code   RO          300    .text               usart1.o
    0x08000564   0x00000660   Code   RO          327    .text               8720.o
    0x08000bc4   0x00000060   Code   RO          361    .text               timer3.o
    0x08000c24   0x000000a8   Code   RO          381    .text               retarget.o
    0x08000ccc   0x00000024   Code   RO          412    .text               startup_stm32f40_41xxx.o
    0x08000cf0   0x0000013c   Code   RO          418    .text               stm32f4xx_it.o
    0x08000e2c   0x00000210   Code   RO          446    .text               system_stm32f4xx.o
    0x0800103c   0x000000e0   Code   RO          472    .text               misc.o
    0x0800111c   0x00000294   Code   RO          492    .text               stm32f4xx_gpio.o
    0x080013b0   0x0000065c   Code   RO          512    .text               stm32f4xx_rcc.o
    0x08001a0c   0x00000094   Code   RO          534    .text               stm32f4xx_syscfg.o
    0x08001aa0   0x00000454   Code   RO          554    .text               stm32f4xx_usart.o
    0x08001ef4   0x00000ca2   Code   RO          594    .text               stm32f4xx_tim.o
    0x08002b96   0x00000002   PAD
    0x08002b98   0x0000109c   Code   RO          637    .text               stm32f4x7_eth.o
    0x08003c34   0x000002c0   Code   RO          664    .text               ethernetif.o
    0x08003ef4   0x00000a18   Code   RO          700    .text               etharp.o
    0x0800490c   0x00000210   Code   RO          783    .text               icmp.o
    0x08004b1c   0x0000022e   Code   RO          828    .text               inet_chksum.o
    0x08004d4a   0x00000002   PAD
    0x08004d4c   0x00000308   Code   RO          843    .text               ip.o
    0x08005054   0x000002bc   Code   RO          870    .text               ip_addr.o
    0x08005310   0x0000003e   Code   RO          899    .text               def.o
    0x0800534e   0x00000002   PAD
    0x08005350   0x00001258   Code   RO          911    .text               dhcp.o
    0x080065a8   0x0000001c   Code   RO          936    .text               init.o
    0x080065c4   0x000003f4   Code   RO          963    .text               mem.o
    0x080069b8   0x00000260   Code   RO          979    .text               memp.o
    0x08006c18   0x0000028c   Code   RO         1002    .text               netif.o
    0x08006ea4   0x00000814   Code   RO         1024    .text               pbuf.o
    0x080076b8   0x000001b4   Code   RO         1036    .text               raw.o
    0x0800786c   0x00000ec4   Code   RO         1062    .text               tcp.o
    0x08008730   0x00001384   Code   RO         1086    .text               tcp_in.o
    0x08009ab4   0x00000d2c   Code   RO         1109    .text               tcp_out.o
    0x0800a7e0   0x00000244   Code   RO         1121    .text               timers.o
    0x0800aa24   0x000004a4   Code   RO         1135    .text               udp.o
    0x0800aec8   0x0000000c   Code   RO         1164    .text               sys_arch.o
    0x0800aed4   0x000004f8   Code   RO         1188    .text               tcpclient.o
    0x0800b3cc   0x00000024   Code   RO         1215    .text               mc_w.l(memcpya.o)
    0x0800b3f0   0x00000024   Code   RO         1217    .text               mc_w.l(memseta.o)
    0x0800b414   0x0000000e   Code   RO         1219    .text               mc_w.l(strlen.o)
    0x0800b422   0x0000001a   Code   RO         1221    .text               mc_w.l(memcmp.o)
    0x0800b43c   0x00000038   Code   RO         1486    .text               mc_w.l(__0sscanf.o)
    0x0800b474   0x000000da   Code   RO         1488    .text               mc_w.l(_scanf_str.o)
    0x0800b54e   0x00000062   Code   RO         1506    .text               mc_w.l(uldiv.o)
    0x0800b5b0   0x00000028   Code   RO         1508    .text               mc_w.l(scanf_char.o)
    0x0800b5d8   0x00000040   Code   RO         1510    .text               mc_w.l(_sgetc.o)
    0x0800b618   0x00000024   Code   RO         1523    .text               mc_w.l(init.o)
    0x0800b63c   0x0000001e   Code   RO         1525    .text               mc_w.l(llshl.o)
    0x0800b65a   0x00000020   Code   RO         1527    .text               mc_w.l(llushr.o)
    0x0800b67a   0x0000000a   Code   RO         1531    .text               mc_w.l(isspace_c.o)
    0x0800b684   0x00000328   Code   RO         1533    .text               mc_w.l(_scanf.o)
    0x0800b9ac   0x00000028   Code   RO         1537    .text               mc_w.l(ctype_c.o)
    0x0800b9d4   0x00000056   Code   RO         1548    .text               mc_w.l(__dczerorl2.o)
    0x0800ba2a   0x00000002   PAD
    0x0800ba2c   0x00000020   Code   RO         1432    i.__0printf$8       mc_w.l(printf8.o)
    0x0800ba4c   0x0000000e   Code   RO         1542    i.__scatterload_copy  mc_w.l(handlers.o)
    0x0800ba5a   0x00000002   Code   RO         1543    i.__scatterload_null  mc_w.l(handlers.o)
    0x0800ba5c   0x0000000e   Code   RO         1544    i.__scatterload_zeroinit  mc_w.l(handlers.o)
    0x0800ba6a   0x00000002   PAD
    0x0800ba6c   0x00000408   Code   RO         1439    i._printf_core      mc_w.l(printf8.o)
    0x0800be74   0x00000024   Code   RO         1440    i._printf_post_padding  mc_w.l(printf8.o)
    0x0800be98   0x0000002e   Code   RO         1441    i._printf_pre_padding  mc_w.l(printf8.o)
    0x0800bec6   0x0000000c   Data   RO          702    .constdata          etharp.o
    0x0800bed2   0x00000002   PAD
    0x0800bed4   0x0000000c   Data   RO          872    .constdata          ip_addr.o
    0x0800bee0   0x00000020   Data   RO          981    .constdata          memp.o
    0x0800bf00   0x00000050   Data   RO         1063    .constdata          tcp.o
    0x0800bf50   0x00000040   Data   RO         1538    .constdata          mc_w.l(ctype_c.o)
    0x0800bf90   0x00000075   Data   RO         1064    .conststring        tcp.o
    0x0800c005   0x00000003   PAD
    0x0800c008   0x00000020   Data   RO         1540    Region$$Table       anon$$obj.o


    Execution Region RW_IRAM1 (Base: 0x20000000, Size: 0x0001d0e8, Max: 0x00020000, ABSOLUTE, COMPRESSED[0x0000006c])

    Base Addr    Size         Type   Attr      Idx    E Section Name        Object

    0x20000000   0x00000018   Data   RW            4    .data               main.o
    0x20000018   0x00000005   Data   RW          251    .data               criticalseg.o
    0x2000001d   0x00000001   PAD
    0x2000001e   0x00000002   Data   RW          302    .data               usart1.o
    0x20000020   0x00000034   Data   RW          329    .data               8720.o
    0x20000054   0x0000000c   Data   RW          382    .data               retarget.o
    0x20000060   0x00000014   Data   RW          447    .data               system_stm32f4xx.o
    0x20000074   0x00000010   Data   RW          513    .data               stm32f4xx_rcc.o
    0x20000084   0x00000010   Data   RW          639    .data               stm32f4x7_eth.o
    0x20000094   0x00000001   Data   RW          703    .data               etharp.o
    0x20000095   0x00000003   PAD
    0x20000098   0x00000012   Data   RW          844    .data               ip.o
    0x200000aa   0x00000002   PAD
    0x200000ac   0x00000004   Data   RW          913    .data               dhcp.o
    0x200000b0   0x0000000c   Data   RW          965    .data               mem.o
    0x200000bc   0x00000004   Data   RW          982    .data               memp.o
    0x200000c0   0x00000009   Data   RW         1003    .data               netif.o
    0x200000c9   0x00000003   PAD
    0x200000cc   0x00000004   Data   RW         1037    .data               raw.o
    0x200000d0   0x00000024   Data   RW         1065    .data               tcp.o
    0x200000f4   0x00000020   Data   RW         1088    .data               tcp_in.o
    0x20000114   0x0000000c   Data   RW         1122    .data               timers.o
    0x20000120   0x00000008   Data   RW         1136    .data               udp.o
    0x20000128   0x0000006e   Data   RW         1189    .data               tcpclient.o
    0x20000196   0x00000002   PAD
    0x20000198   0x00000078   Zero   RW          250    .bss                criticalseg.o
    0x20000210   0x00000400   Zero   RW          301    .bss                usart1.o
    0x20000610   0x0000104c   Zero   RW          328    .bss                8720.o
    0x2000165c   0x00005b38   Zero   RW          638    .bss                stm32f4x7_eth.o
    0x20007194   0x000000c8   Zero   RW          701    .bss                etharp.o
    0x2000725c   0x00000010   Zero   RW          871    .bss                ip_addr.o
    0x2000726c   0x00000032   Zero   RW          912    .bss                dhcp.o
    0x2000729e   0x00008cb4   Zero   RW          964    .bss                mem.o
    0x2000ff52   0x00000002   PAD
    0x2000ff54   0x00008183   Zero   RW          980    .bss                memp.o
    0x200180d7   0x00000001   PAD
    0x200180d8   0x00000010   Zero   RW         1087    .bss                tcp_in.o
    0x200180e8   0x00005000   Zero   RW          409    STACK               startup_stm32f40_41xxx.o


==============================================================================

Image component sizes


      Code (inc. data)   RO Data    RW Data    ZI Data      Debug   Object Name

      1632        386          0         52       4172       4131   8720.o
       120         18          0          5        120       1273   criticalseg.o
        62          0          0          0          0       1218   def.o
       368          4          0          0          0       1388   delay.o
      4696         74          0          4         50      13230   dhcp.o
      2584         22         12          1        200       9631   etharp.o
       704         56          0          0          0       8687   ethernetif.o
       528         10          0          0          0       6626   icmp.o
         0          0          0          0          0       3909   inet.o
       558          0          0          0          0       2961   inet_chksum.o
        28          0          0          0          0        516   init.o
       776         28          0         18          0       7015   ip.o
       700         12         12          0         16       9680   ip_addr.o
       296         44          0         24          0     344451   main.o
      1012         16          0         12      36020       4018   mem.o
       608        264         32          4      33155       3103   memp.o
       224         20          0          0          0       1829   misc.o
       652         22          0          9          0       6533   netif.o
      2068          0          0          0          0       7701   pbuf.o
       436         14          0          4          0       3341   raw.o
       168         14          0         12          0      29827   retarget.o
        36          8        392          0      20480        836   startup_stm32f40_41xxx.o
      4252         94          0         16      23352      21001   stm32f4x7_eth.o
       660         44          0          0          0       4105   stm32f4xx_gpio.o
       316         28          0          0          0       1863   stm32f4xx_it.o
      1628         52          0         16          0      12900   stm32f4xx_rcc.o
       148         12          0          0          0       1849   stm32f4xx_syscfg.o
      3234         60          0          0          0      22312   stm32f4xx_tim.o
      1108         34          0          0          0       7808   stm32f4xx_usart.o
        12          6          0          0          0        490   sys_arch.o
       528         46          0         20          0       1843   system_stm32f4xx.o
      3780        132        197         36          0      21583   tcp.o
      4996        226          0         32         16      14907   tcp_in.o
      3372         10          0          0          0       9523   tcp_out.o
      1272        356          0        110          0       4010   tcpclient.o
        96          6          0          0          0        672   timer3.o
       580         36          0         12          0       2899   timers.o
      1188         24          0          8          0      14333   udp.o
       184         10          0          2       1024       1332   usart1.o

    ----------------------------------------------------------------------
     45616       2188        682        408     118608     615334   Object Totals
         0          0         32          0          0          0   (incl. Generated)
         6          0          5         11          3          0   (incl. Padding)

    ----------------------------------------------------------------------

      Code (inc. data)   RO Data    RW Data    ZI Data      Debug   Library Member Name

        56          8          0          0          0         84   __0sscanf.o
        86          0          0          0          0          0   __dczerorl2.o
       808          6          0          0          0        112   _scanf.o
       218          0          0          0          0         96   _scanf_str.o
        64          0          0          0          0         84   _sgetc.o
        40          6         64          0          0         68   ctype_c.o
         0          0          0          0          0          0   entry.o
         0          0          0          0          0          0   entry10a.o
         0          0          0          0          0          0   entry11a.o
         8          4          0          0          0          0   entry2.o
         4          0          0          0          0          0   entry5.o
         0          0          0          0          0          0   entry7b.o
         0          0          0          0          0          0   entry8b.o
         8          4          0          0          0          0   entry9a.o
        30          0          0          0          0          0   handlers.o
        36          8          0          0          0         68   init.o
        10          0          0          0          0         68   isspace_c.o
        30          0          0          0          0         68   llshl.o
        32          0          0          0          0         68   llushr.o
        26          0          0          0          0         80   memcmp.o
        36          0          0          0          0         68   memcpya.o
        36          0          0          0          0        108   memseta.o
      1146         54          0          0          0        352   printf8.o
        40          8          0          0          0         84   scanf_char.o
        14          0          0          0          0         68   strlen.o
        98          0          0          0          0         92   uldiv.o

    ----------------------------------------------------------------------
      2830         98         64          0          0       1568   Library Totals
         4          0          0          0          0          0   (incl. Padding)

    ----------------------------------------------------------------------

      Code (inc. data)   RO Data    RW Data    ZI Data      Debug   Library Name

      2826         98         64          0          0       1568   mc_w.l

    ----------------------------------------------------------------------
      2830         98         64          0          0       1568   Library Totals

    ----------------------------------------------------------------------

==============================================================================


      Code (inc. data)   RO Data    RW Data    ZI Data      Debug   

     48446       2286        746        408     118608     608306   Grand Totals
     48446       2286        746        108     118608     608306   ELF Image Totals (compressed)
     48446       2286        746        108          0          0   ROM Totals

==============================================================================

    Total RO  Size (Code + RO Data)                49192 (  48.04kB)
    Total RW  Size (RW Data + ZI Data)            119016 ( 116.23kB)
    Total ROM Size (Code + RO Data + RW Data)      49300 (  48.14kB)

==============================================================================

