Product: MDK-ARM Professional 5.10
Component: ARM Compiler 5.04 update 1 (build 49)
Tool: armlink [5040049]

==============================================================================

Section Cross References

    main.o(.text) refers to _printf_percent.o(.ARM.Collect$$_printf_percent$$00000000) for _printf_percent
    main.o(.text) refers to _printf_s.o(.ARM.Collect$$_printf_percent$$00000014) for _printf_s
    main.o(.text) refers to _printf_str.o(.text) for _printf_str
    main.o(.text) refers to _printf_d.o(.ARM.Collect$$_printf_percent$$00000009) for _printf_d
    main.o(.text) refers to _printf_dec.o(.text) for _printf_int_dec
    main.o(.text) refers to delay.o(.text) for delay_init
    main.o(.text) refers to usart1.o(.text) for Usart1_init
    main.o(.text) refers to noretval__2printf.o(.text) for __2printf
    main.o(.text) refers to rt_memcpy_v6.o(.text) for __aeabi_memcpy
    main.o(.text) refers to tcpclient.o(.text) for Char_to_Hex
    main.o(.text) refers to 8720.o(.text) for GPIO_Configuration
    main.o(.text) refers to timer3.o(.text) for TIM3_Init
    main.o(.text) refers to main.o(.data) for Server_flag
    main.o(.text) refers to usart1.o(.data) for USART1_RX_STA
    main.o(.text) refers to usart1.o(.bss) for USART1_RX_BUF
    main.o(.text) refers to main.o(.bss) for server_ip
    delay.o(.text) refers to misc.o(.text) for SysTick_CLKSourceConfig
    usart1.o(.rev16_text) refers (Special) to use_no_semi_2.o(.text) for __use_no_semihosting
    usart1.o(.revsh_text) refers (Special) to use_no_semi_2.o(.text) for __use_no_semihosting
    usart1.o(.text) refers (Special) to use_no_semi_2.o(.text) for __use_no_semihosting
    usart1.o(.text) refers to stm32f4xx_rcc.o(.text) for RCC_AHB1PeriphClockCmd
    usart1.o(.text) refers to stm32f4xx_gpio.o(.text) for GPIO_PinAFConfig
    usart1.o(.text) refers to stm32f4xx_usart.o(.text) for USART_Init
    usart1.o(.text) refers to misc.o(.text) for NVIC_Init
    usart1.o(.bss) refers (Special) to use_no_semi_2.o(.text) for __use_no_semihosting
    usart1.o(.data) refers (Special) to use_no_semi_2.o(.text) for __use_no_semihosting
    8720.o(.text) refers to _printf_percent.o(.ARM.Collect$$_printf_percent$$00000000) for _printf_percent
    8720.o(.text) refers to _printf_d.o(.ARM.Collect$$_printf_percent$$00000009) for _printf_d
    8720.o(.text) refers to _printf_s.o(.ARM.Collect$$_printf_percent$$00000014) for _printf_s
    8720.o(.text) refers to _printf_dec.o(.text) for _printf_int_dec
    8720.o(.text) refers to _printf_str.o(.text) for _printf_str
    8720.o(.text) refers to mem.o(.text) for mem_init
    8720.o(.text) refers to memp.o(.text) for memp_init
    8720.o(.text) refers to init.o(.text) for lwip_init
    8720.o(.text) refers to stm32f4x7_eth.o(.text) for ETH_MACAddressConfig
    8720.o(.text) refers to netif.o(.text) for netif_add
    8720.o(.text) refers to dhcp.o(.text) for dhcp_start
    8720.o(.text) refers to ethernetif.o(.text) for ethernetif_input
    8720.o(.text) refers to noretval__2printf.o(.text) for __2printf
    8720.o(.text) refers to tcpclient.o(.text) for TCP_Client_Send_Data
    8720.o(.text) refers to tcp.o(.text) for tcp_tmr
    8720.o(.text) refers to etharp.o(.text) for etharp_tmr
    8720.o(.text) refers to stm32f4xx_rcc.o(.text) for RCC_AHB1PeriphClockCmd
    8720.o(.text) refers to stm32f4xx_gpio.o(.text) for GPIO_Init
    8720.o(.text) refers to misc.o(.text) for NVIC_PriorityGroupConfig
    8720.o(.text) refers to stm32f4xx_syscfg.o(.text) for SYSCFG_ETH_MediaInterfaceConfig
    8720.o(.text) refers to 8720.o(.data) for MACaddr
    8720.o(.text) refers to 8720.o(.bss) for lan8720_netif
    8720.o(.text) refers to tcpclient.o(.data) for tcp_data
    timer3.o(.text) refers to stm32f4xx_rcc.o(.text) for RCC_APB1PeriphClockCmd
    timer3.o(.text) refers to stm32f4xx_tim.o(.text) for TIM_TimeBaseInit
    timer3.o(.text) refers to misc.o(.text) for NVIC_Init
    startup_stm32f40_41xxx.o(STACK) refers (Special) to heapauxi.o(.text) for __use_two_region_memory
    startup_stm32f40_41xxx.o(HEAP) refers (Special) to heapauxi.o(.text) for __use_two_region_memory
    startup_stm32f40_41xxx.o(RESET) refers (Special) to heapauxi.o(.text) for __use_two_region_memory
    startup_stm32f40_41xxx.o(RESET) refers to startup_stm32f40_41xxx.o(STACK) for __initial_sp
    startup_stm32f40_41xxx.o(RESET) refers to startup_stm32f40_41xxx.o(.text) for Reset_Handler
    startup_stm32f40_41xxx.o(RESET) refers to stm32f4xx_it.o(.text) for NMI_Handler
    startup_stm32f40_41xxx.o(.text) refers (Special) to heapauxi.o(.text) for __use_two_region_memory
    startup_stm32f40_41xxx.o(.text) refers to system_stm32f4xx.o(.text) for SystemInit
    startup_stm32f40_41xxx.o(.text) refers to __main.o(!!!main) for __main
    startup_stm32f40_41xxx.o(.text) refers to startup_stm32f40_41xxx.o(HEAP) for Heap_Mem
    startup_stm32f40_41xxx.o(.text) refers to startup_stm32f40_41xxx.o(STACK) for Stack_Mem
[...]
    __rt_lib_init_rand_1                     0x08000253   Thumb Code     0  libinit2.o(.ARM.Collect$$libinit$$0000000C)
    __rt_lib_init_user_alloc_1               0x08000253   Thumb Code     0  libinit2.o(.ARM.Collect$$libinit$$0000000A)
    __rt_lib_init_lc_collate_1               0x08000259   Thumb Code     0  libinit2.o(.ARM.Collect$$libinit$$0000000F)
    __rt_lib_init_lc_ctype_2                 0x08000259   Thumb Code     0  libinit2.o(.ARM.Collect$$libinit$$00000010)
    __rt_lib_init_alloca_1                   0x08000265   Thumb Code     0  libinit2.o(.ARM.Collect$$libinit$$0000002C)
    __rt_lib_init_argv_1                     0x08000265   Thumb Code     0  libinit2.o(.ARM.Collect$$libinit$$0000002A)
    __rt_lib_init_atexit_1                   0x08000265   Thumb Code     0  libinit2.o(.ARM.Collect$$libinit$$00000019)
    __rt_lib_init_clock_1                    0x08000265   Thumb Code     0  libinit2.o(.ARM.Collect$$libinit$$0000001F)
    __rt_lib_init_cpp_1                      0x08000265   Thumb Code     0  libinit2.o(.ARM.Collect$$libinit$$00000030)
    __rt_lib_init_exceptions_1               0x08000265   Thumb Code     0  libinit2.o(.ARM.Collect$$libinit$$0000002E)
    __rt_lib_init_fp_trap_1                  0x08000265   Thumb Code     0  libinit2.o(.ARM.Collect$$libinit$$0000001D)
    __rt_lib_init_getenv_1                   0x08000265   Thumb Code     0  libinit2.o(.ARM.Collect$$libinit$$00000021)
    __rt_lib_init_lc_ctype_1                 0x08000265   Thumb Code     0  libinit2.o(.ARM.Collect$$libinit$$00000011)
    __rt_lib_init_lc_monetary_1              0x08000265   Thumb Code     0  libinit2.o(.ARM.Collect$$libinit$$00000013)
    __rt_lib_init_lc_numeric_1               0x08000265   Thumb Code     0  libinit2.o(.ARM.Collect$$libinit$$00000015)
    __rt_lib_init_lc_time_1                  0x08000265   Thumb Code     0  libinit2.o(.ARM.Collect$$libinit$$00000017)
    __rt_lib_init_return                     0x08000265   Thumb Code     0  libinit2.o(.ARM.Collect$$libinit$$00000031)
    __rt_lib_init_signal_1                   0x08000265   Thumb Code     0  libinit2.o(.ARM.Collect$$libinit$$0000001B)
    __rt_lib_init_stdio_1                    0x08000265   Thumb Code     0  libinit2.o(.ARM.Collect$$libinit$$00000023)
    __rt_lib_shutdown                        0x08000267   Thumb Code     0  libshutdown.o(.ARM.Collect$$libshutdown$$00000000)
    __rt_lib_shutdown_fp_trap_1              0x08000269   Thumb Code     0  libshutdown2.o(.ARM.Collect$$libshutdown$$00000006)
    __rt_lib_shutdown_heap_1                 0x08000269   Thumb Code     0  libshutdown2.o(.ARM.Collect$$libshutdown$$0000000E)
    __rt_lib_shutdown_return                 0x08000269   Thumb Code     0  libshutdown2.o(.ARM.Collect$$libshutdown$$0000000F)
    __rt_lib_shutdown_signal_1               0x08000269   Thumb Code     0  libshutdown2.o(.ARM.Collect$$libshutdown$$00000009)
    __rt_lib_shutdown_stdio_1                0x08000269   Thumb Code     0  libshutdown2.o(.ARM.Collect$$libshutdown$$00000003)
    __rt_lib_shutdown_user_alloc_1           0x08000269   Thumb Code     0  libshutdown2.o(.ARM.Collect$$libshutdown$$0000000B)
    __rt_entry                               0x0800026b   Thumb Code     0  rtentry.o(.ARM.Collect$$rtentry$$00000000)
    __rt_entry_presh_1                       0x0800026b   Thumb Code     0  rtentry2.o(.ARM.Collect$$rtentry$$00000002)
    __rt_entry_sh                            0x0800026b   Thumb Code     0  rtentry4.o(.ARM.Collect$$rtentry$$00000004)
    __rt_entry_li                            0x08000271   Thumb Code     0  rtentry2.o(.ARM.Collect$$rtentry$$0000000A)
    __rt_entry_postsh_1                      0x08000271   Thumb Code     0  rtentry2.o(.ARM.Collect$$rtentry$$00000009)
    __rt_entry_main                          0x08000275   Thumb Code     0  rtentry2.o(.ARM.Collect$$rtentry$$0000000D)
    __rt_entry_postli_1                      0x08000275   Thumb Code     0  rtentry2.o(.ARM.Collect$$rtentry$$0000000C)
    __rt_exit                                0x0800027d   Thumb Code     0  rtexit.o(.ARM.Collect$$rtexit$$00000000)
    __rt_exit_ls                             0x0800027f   Thumb Code     0  rtexit2.o(.ARM.Collect$$rtexit$$00000003)
    __rt_exit_prels_1                        0x0800027f   Thumb Code     0  rtexit2.o(.ARM.Collect$$rtexit$$00000002)
    __rt_exit_exit                           0x08000283   Thumb Code     0  rtexit2.o(.ARM.Collect$$rtexit$$00000004)
    main                                     0x08000289   Thumb Code   222  main.o(.text)
    delay_init                               0x08000401   Thumb Code    12  delay.o(.text)
    delay_us                                 0x0800040d   Thumb Code    74  delay.o(.text)
    delay_ms                                 0x08000457   Thumb Code   260  delay.o(.text)
    delay_ns                                 0x0800055b   Thumb Code    18  delay.o(.text)
    _sys_exit                                0x08000571   Thumb Code     6  usart1.o(.text)
    fputc                                    0x08000577   Thumb Code    22  usart1.o(.text)
    Usart1_init                              0x0800058d   Thumb Code   174  usart1.o(.text)
    MylwIP_Init                              0x08000645   Thumb Code    76  8720.o(.text)
    LwIP_Pkt_Handle                          0x08000691   Thumb Code    10  8720.o(.text)
    lwip_dhcp_process_handle                 0x0800069b   Thumb Code   306  8720.o(.text)
    lwip_periodic_handle                     0x080007cd   Thumb Code   170  8720.o(.text)
    GPIO_Configuration                       0x08000877   Thumb Code   270  8720.o(.text)
    NVIC_Configuration                       0x08000985   Thumb Code    40  8720.o(.text)
    Ethernet_Configuration                   0x080009ad   Thumb Code   436  8720.o(.text)
    TIM3_Init                                0x08000b61   Thumb Code    90  timer3.o(.text)
    Reset_Handler                            0x08000bc1   Thumb Code     8  startup_stm32f40_41xxx.o(.text)
    ADC_IRQHandler                           0x08000bdb   Thumb Code     0  startup_stm32f40_41xxx.o(.text)
    CAN1_RX0_IRQHandler                      0x08000bdb   Thumb Code     0  startup_stm32f40_41xxx.o(.text)
    CAN1_RX1_IRQHandler                      0x08000bdb   Thumb Code     0  startup_stm32f40_41xxx.o(.text)
    CAN1_SCE_IRQHandler                      0x08000bdb   Thumb Code     0  startup_stm32f40_41xxx.o(.text)
    CAN1_TX_IRQHandler                       0x08000bdb   Thumb Code     0  startup_stm32f40_41xxx.o(.text)
    CAN2_RX0_IRQHandler                      0x08000bdb   Thumb Code     0  startup_stm32f40_41xxx.o(.text)
    CAN2_RX1_IRQHandler                      0x08000bdb   Thumb Code     0  startup_stm32f40_41xxx.o(.text)
    CAN2_SCE_IRQHandler                      0x08000bdb   Thumb Code     0  startup_stm32f40_41xxx.o(.text)
    CAN2_TX_IRQHandler                       0x08000bdb   Thumb Code     0  startup_stm32f40_41xxx.o(.text)
    CRYP_IRQHandler                          0x08000bdb   Thumb Code     0  startup_stm32f40_41xxx.o(.text)
    DCMI_IRQHandler                          0x08000bdb   Thumb Code     0  startup_stm32f40_41xxx.o(.text)
    DMA1_Stream0_IRQHandler                  0x08000bdb   Thumb Code     0  startup_stm32f40_41xxx.o(.text)
    DMA1_Stream1_IRQHandler                  0x08000bdb   Thumb Code     0  startup_stm32f40_41xxx.o(.text)
    DMA1_Stream2_IRQHandler                  0x08000bdb   Thumb Code     0  startup_stm32f40_41xxx.o(.text)
    DMA1_Stream3_IRQHandler                  0x08000bdb   Thumb Code     0  startup_stm32f40_41xxx.o(.text)
    DMA1_Stream4_IRQHandler                  0x08000bdb   Thumb Code     0  startup_stm32f40_41xxx.o(.text)
    DMA1_Stream5_IRQHandler                  0x08000bdb   Thumb Code     0  startup_stm32f40_41xxx.o(.text)
    DMA1_Stream6_IRQHandler                  0x08000bdb   Thumb Code     0  startup_stm32f40_41xxx.o(.text)
    DMA1_Stream7_IRQHandler                  0x08000bdb   Thumb Code     0  startup_stm32f40_41xxx.o(.text)
    DMA2_Stream0_IRQHandler                  0x08000bdb   Thumb Code     0  startup_stm32f40_41xxx.o(.text)
    DMA2_Stream1_IRQHandler                  0x08000bdb   Thumb Code     0  startup_stm32f40_41xxx.o(.text)
    DMA2_Stream2_IRQHandler                  0x08000bdb   Thumb Code     0  startup_stm32f40_41xxx.o(.text)
    DMA2_Stream3_IRQHandler                  0x08000bdb   Thumb Code     0  startup_stm32f40_41xxx.o(.text)
    DMA2_Stream4_IRQHandler                  0x08000bdb   Thumb Code     0  startup_stm32f40_41xxx.o(.text)
    DMA2_Stream5_IRQHandler                  0x08000bdb   Thumb Code     0  startup_stm32f40_41xxx.o(.text)
    DMA2_Stream6_IRQHandler                  0x08000bdb   Thumb Code     0  startup_stm32f40_41xxx.o(.text)
    DMA2_Stream7_IRQHandler                  0x08000bdb   Thumb Code     0  startup_stm32f40_41xxx.o(.text)
    ETH_WKUP_IRQHandler                      0x08000bdb   Thumb Code     0  startup_stm32f40_41xxx.o(.text)
    EXTI0_IRQHandler                         0x08000bdb   Thumb Code     0  startup_stm32f40_41xxx.o(.text)
    EXTI15_10_IRQHandler                     0x08000bdb   Thumb Code     0  startup_stm32f40_41xxx.o(.text)
    EXTI1_IRQHandler                         0x08000bdb   Thumb Code     0  startup_stm32f40_41xxx.o(.text)
    EXTI2_IRQHandler                         0x08000bdb   Thumb Code     0  startup_stm32f40_41xxx.o(.text)
    EXTI3_IRQHandler                         0x08000bdb   Thumb Code     0  startup_stm32f40_41xxx.o(.text)
    EXTI4_IRQHandler                         0x08000bdb   Thumb Code     0  startup_stm32f40_41xxx.o(.text)
    EXTI9_5_IRQHandler                       0x08000bdb   Thumb Code     0  startup_stm32f40_41xxx.o(.text)
    FLASH_IRQHandler                         0x08000bdb   Thumb Code     0  startup_stm32f40_41xxx.o(.text)
    FPU_IRQHandler                           0x08000bdb   Thumb Code     0  startup_stm32f40_41xxx.o(.text)
    FSMC_IRQHandler                          0x08000bdb   Thumb Code     0  startup_stm32f40_41xxx.o(.text)
    HASH_RNG_IRQHandler                      0x08000bdb   Thumb Code     0  startup_stm32f40_41xxx.o(.text)
    I2C1_ER_IRQHandler                       0x08000bdb   Thumb Code     0  startup_stm32f40_41xxx.o(.text)
    I2C1_EV_IRQHandler                       0x08000bdb   Thumb Code     0  startup_stm32f40_41xxx.o(.text)
    I2C2_ER_IRQHandler                       0x08000bdb   Thumb Code     0  startup_stm32f40_41xxx.o(.text)
    I2C2_EV_IRQHandler                       0x08000bdb   Thumb Code     0  startup_stm32f40_41xxx.o(.text)
    I2C3_ER_IRQHandler                       0x08000bdb   Thumb Code     0  startup_stm32f40_41xxx.o(.text)
    I2C3_EV_IRQHandler                       0x08000bdb   Thumb Code     0  startup_stm32f40_41xxx.o(.text)
    OTG_FS_IRQHandler                        0x08000bdb   Thumb Code     0  startup_stm32f40_41xxx.o(.text)
    OTG_FS_WKUP_IRQHandler                   0x08000bdb   Thumb Code     0  startup_stm32f40_41xxx.o(.text)
    OTG_HS_EP1_IN_IRQHandler                 0x08000bdb   Thumb Code     0  startup_stm32f40_41xxx.o(.text)
    OTG_HS_EP1_OUT_IRQHandler                0x08000bdb   Thumb Code     0  startup_stm32f40_41xxx.o(.text)
    OTG_HS_IRQHandler                        0x08000bdb   Thumb Code     0  startup_stm32f40_41xxx.o(.text)
    OTG_HS_WKUP_IRQHandler                   0x08000bdb   Thumb Code     0  startup_stm32f40_41xxx.o(.text)
    PVD_IRQHandler                           0x08000bdb   Thumb Code     0  startup_stm32f40_41xxx.o(.text)
    RCC_IRQHandler                           0x08000bdb   Thumb Code     0  startup_stm32f40_41xxx.o(.text)
    RTC_Alarm_IRQHandler                     0x08000bdb   Thumb Code     0  startup_stm32f40_41xxx.o(.text)
    RTC_WKUP_IRQHandler                      0x08000bdb   Thumb Code     0  startup_stm32f40_41xxx.o(.text)
    SDIO_IRQHandler                          0x08000bdb   Thumb Code     0  startup_stm32f40_41xxx.o(.text)
    SPI1_IRQHandler                          0x08000bdb   Thumb Code     0  startup_stm32f40_41xxx.o(.text)
    SPI2_IRQHandler                          0x08000bdb   Thumb Code     0  startup_stm32f40_41xxx.o(.text)
    SPI3_IRQHandler                          0x08000bdb   Thumb Code     0  startup_stm32f40_41xxx.o(.text)
    TAMP_STAMP_IRQHandler                    0x08000bdb   Thumb Code     0  startup_stm32f40_41xxx.o(.text)
    TIM1_BRK_TIM9_IRQHandler                 0x08000bdb   Thumb Code     0  startup_stm32f40_41xxx.o(.text)
    TIM1_CC_IRQHandler                       0x08000bdb   Thumb Code     0  startup_stm32f40_41xxx.o(.text)
    TIM1_TRG_COM_TIM11_IRQHandler            0x08000bdb   Thumb Code     0  startup_stm32f40_41xxx.o(.text)
    TIM1_UP_TIM10_IRQHandler                 0x08000bdb   Thumb Code     0  startup_stm32f40_41xxx.o(.text)
    TIM2_IRQHandler                          0x08000bdb   Thumb Code     0  startup_stm32f40_41xxx.o(.text)
    TIM4_IRQHandler                          0x08000bdb   Thumb Code     0  startup_stm32f40_41xxx.o(.text)
    TIM5_IRQHandler                          0x08000bdb   Thumb Code     0  startup_stm32f40_41xxx.o(.text)
    TIM6_DAC_IRQHandler                      0x08000bdb   Thumb Code     0  startup_stm32f40_41xxx.o(.text)
    TIM7_IRQHandler                          0x08000bdb   Thumb Code     0  startup_stm32f40_41xxx.o(.text)
    TIM8_BRK_TIM12_IRQHandler                0x08000bdb   Thumb Code     0  startup_stm32f40_41xxx.o(.text)
    TIM8_CC_IRQHandler                       0x08000bdb   Thumb Code     0  startup_stm32f40_41xxx.o(.text)
    TIM8_TRG_COM_TIM14_IRQHandler            0x08000bdb   Thumb Code     0  startup_stm32f40_41xxx.o(.text)
    TIM8_UP_TIM13_IRQHandler                 0x08000bdb   Thumb Code     0  startup_stm32f40_41xxx.o(.text)
    UART4_IRQHandler                         0x08000bdb   Thumb Code     0  startup_stm32f40_41xxx.o(.text)
    UART5_IRQHandler                         0x08000bdb   Thumb Code     0  startup_stm32f40_41xxx.o(.text)
    USART2_IRQHandler                        0x08000bdb   Thumb Code     0  startup_stm32f40_41xxx.o(.text)
    USART3_IRQHandler                        0x08000bdb   Thumb Code     0  startup_stm32f40_41xxx.o(.text)
    USART6_IRQHandler                        0x08000bdb   Thumb Code     0  startup_stm32f40_41xxx.o(.text)
    WWDG_IRQHandler                          0x08000bdb   Thumb Code     0  startup_stm32f40_41xxx.o(.text)
    __user_initial_stackheap                 0x08000bdd   Thumb Code     0  startup_stm32f40_41xxx.o(.text)
    NMI_Handler                              0x08000c01   Thumb Code     2  stm32f4xx_it.o(.text)
    HardFault_Handler                        0x08000c03   Thumb Code    40  stm32f4xx_it.o(.text)
    MemManage_Handler                        0x08000c2b   Thumb Code     2  stm32f4xx_it.o(.text)
    BusFault_Handler                         0x08000c2d   Thumb Code     2  stm32f4xx_it.o(.text)
    UsageFault_Handler                       0x08000c2f   Thumb Code     2  stm32f4xx_it.o(.text)
    SVC_Handler                              0x08000c31   Thumb Code     2  stm32f4xx_it.o(.text)
    DebugMon_Handler                         0x08000c33   Thumb Code     2  stm32f4xx_it.o(.text)
    PendSV_Handler                           0x08000c35   Thumb Code     2  stm32f4xx_it.o(.text)
    SysTick_Handler                          0x08000c37   Thumb Code     2  stm32f4xx_it.o(.text)
    TIM3_IRQHandler                          0x08000c39   Thumb Code    34  stm32f4xx_it.o(.text)
    ETH_IRQHandler                           0x08000c5b   Thumb Code    36  stm32f4xx_it.o(.text)
    USART1_IRQHandler                        0x08000c7f   Thumb Code   182  stm32f4xx_it.o(.text)
    SystemInit                               0x08000e51   Thumb Code    88  system_stm32f4xx.o(.text)
    SystemCoreClockUpdate                    0x08000ea9   Thumb Code   174  system_stm32f4xx.o(.text)
    NVIC_PriorityGroupConfig                 0x08000f85   Thumb Code    10  misc.o(.text)
    NVIC_Init                                0x08000f8f   Thumb Code   106  misc.o(.text)
    NVIC_SetVectorTable                      0x08000ff9   Thumb Code    14  misc.o(.text)
    NVIC_SystemLPConfig                      0x08001007   Thumb Code    34  misc.o(.text)
    SysTick_CLKSourceConfig                  0x08001029   Thumb Code    40  misc.o(.text)
    GPIO_DeInit                              0x08001065   Thumb Code   268  stm32f4xx_gpio.o(.text)
    GPIO_Init                                0x08001171   Thumb Code   144  stm32f4xx_gpio.o(.text)
    GPIO_StructInit                          0x08001201   Thumb Code    18  stm32f4xx_gpio.o(.text)
    GPIO_PinLockConfig                       0x08001213   Thumb Code    34  stm32f4xx_gpio.o(.text)
    GPIO_ReadInputDataBit                    0x08001235   Thumb Code    18  stm32f4xx_gpio.o(.text)
    GPIO_ReadInputData                       0x08001247   Thumb Code     8  stm32f4xx_gpio.o(.text)
    GPIO_ReadOutputDataBit                   0x0800124f   Thumb Code    18  stm32f4xx_gpio.o(.text)
    GPIO_ReadOutputData                      0x08001261   Thumb Code     8  stm32f4xx_gpio.o(.text)
    GPIO_SetBits                             0x08001269   Thumb Code     4  stm32f4xx_gpio.o(.text)
    GPIO_ResetBits                           0x0800126d   Thumb Code     4  stm32f4xx_gpio.o(.text)
    GPIO_WriteBit                            0x08001271   Thumb Code    10  stm32f4xx_gpio.o(.text)
    GPIO_Write                               0x0800127b   Thumb Code     4  stm32f4xx_gpio.o(.text)
    GPIO_ToggleBits                          0x0800127f   Thumb Code     8  stm32f4xx_gpio.o(.text)
    GPIO_PinAFConfig                         0x08001287   Thumb Code    70  stm32f4xx_gpio.o(.text)
    RCC_DeInit                               0x080012f9   Thumb Code    82  stm32f4xx_rcc.o(.text)
    RCC_HSEConfig                            0x0800134b   Thumb Code    14  stm32f4xx_rcc.o(.text)
    RCC_GetFlagStatus                        0x08001359   Thumb Code    60  stm32f4xx_rcc.o(.text)
    RCC_WaitForHSEStartUp                    0x08001395   Thumb Code    56  stm32f4xx_rcc.o(.text)
    RCC_AdjustHSICalibrationValue            0x080013cd   Thumb Code    20  stm32f4xx_rcc.o(.text)
    RCC_HSICmd                               0x080013e1   Thumb Code     6  stm32f4xx_rcc.o(.text)
    RCC_LSEConfig                            0x080013e7   Thumb Code    46  stm32f4xx_rcc.o(.text)
    RCC_LSICmd                               0x08001415   Thumb Code     6  stm32f4xx_rcc.o(.text)
    RCC_PLLConfig                            0x0800141b   Thumb Code    32  stm32f4xx_rcc.o(.text)
    RCC_PLLCmd                               0x0800143b   Thumb Code     6  stm32f4xx_rcc.o(.text)
    RCC_PLLI2SConfig                         0x08001441   Thumb Code    14  stm32f4xx_rcc.o(.text)
    RCC_PLLI2SCmd                            0x0800144f   Thumb Code     6  stm32f4xx_rcc.o(.text)
    RCC_PLLSAIConfig                         0x08001455   Thumb Code    20  stm32f4xx_rcc.o(.text)
    RCC_PLLSAICmd                            0x08001469   Thumb Code     6  stm32f4xx_rcc.o(.text)
    RCC_ClockSecuritySystemCmd               0x0800146f   Thumb Code     6  stm32f4xx_rcc.o(.text)
    RCC_MCO1Config                           0x08001475   Thumb Code    28  stm32f4xx_rcc.o(.text)
    RCC_MCO2Config                           0x08001491   Thumb Code    28  stm32f4xx_rcc.o(.text)
    RCC_SYSCLKConfig                         0x080014ad   Thumb Code    20  stm32f4xx_rcc.o(.text)
    RCC_GetSYSCLKSource                      0x080014c1   Thumb Code    12  stm32f4xx_rcc.o(.text)
    RCC_HCLKConfig                           0x080014cd   Thumb Code    20  stm32f4xx_rcc.o(.text)
    RCC_PCLK1Config                          0x080014e1   Thumb Code    20  stm32f4xx_rcc.o(.text)
    RCC_PCLK2Config                          0x080014f5   Thumb Code    22  stm32f4xx_rcc.o(.text)
    RCC_GetClocksFreq                        0x0800150b   Thumb Code   222  stm32f4xx_rcc.o(.text)
    RCC_RTCCLKConfig                         0x080015e9   Thumb Code    54  stm32f4xx_rcc.o(.text)
    RCC_RTCCLKCmd                            0x0800161f   Thumb Code     8  stm32f4xx_rcc.o(.text)
    RCC_BackupResetCmd                       0x08001627   Thumb Code     8  stm32f4xx_rcc.o(.text)
    RCC_I2SCLKConfig                         0x0800162f   Thumb Code     6  stm32f4xx_rcc.o(.text)
    RCC_SAIPLLI2SClkDivConfig                0x08001635   Thumb Code    26  stm32f4xx_rcc.o(.text)
    RCC_SAIPLLSAIClkDivConfig                0x0800164f   Thumb Code    28  stm32f4xx_rcc.o(.text)
    RCC_SAIBlockACLKConfig                   0x0800166b   Thumb Code    20  stm32f4xx_rcc.o(.text)
    RCC_SAIBlockBCLKConfig                   0x0800167f   Thumb Code    20  stm32f4xx_rcc.o(.text)
    RCC_LTDCCLKDivConfig                     0x08001693   Thumb Code    20  stm32f4xx_rcc.o(.text)
    RCC_TIMCLKPresConfig                     0x080016a7   Thumb Code     6  stm32f4xx_rcc.o(.text)
    RCC_AHB1PeriphClockCmd                   0x080016ad   Thumb Code    34  stm32f4xx_rcc.o(.text)
    RCC_AHB2PeriphClockCmd                   0x080016cf   Thumb Code    78  stm32f4xx_rcc.o(.text)
    RCC_AHB3PeriphClockCmd                   0x0800171d   Thumb Code    34  stm32f4xx_rcc.o(.text)
    RCC_APB1PeriphClockCmd                   0x0800173f   Thumb Code    34  stm32f4xx_rcc.o(.text)
    RCC_APB2PeriphClockCmd                   0x08001761   Thumb Code    34  stm32f4xx_rcc.o(.text)
    RCC_AHB1PeriphResetCmd                   0x08001783   Thumb Code    34  stm32f4xx_rcc.o(.text)
    RCC_AHB2PeriphResetCmd                   0x080017a5   Thumb Code    34  stm32f4xx_rcc.o(.text)
    RCC_AHB3PeriphResetCmd                   0x080017c7   Thumb Code    34  stm32f4xx_rcc.o(.text)
    RCC_APB1PeriphResetCmd                   0x080017e9   Thumb Code    34  stm32f4xx_rcc.o(.text)
    RCC_APB2PeriphResetCmd                   0x0800180b   Thumb Code    34  stm32f4xx_rcc.o(.text)
    RCC_AHB1PeriphClockLPModeCmd             0x0800182d   Thumb Code    34  stm32f4xx_rcc.o(.text)
    RCC_AHB2PeriphClockLPModeCmd             0x0800184f   Thumb Code    34  stm32f4xx_rcc.o(.text)
    RCC_AHB3PeriphClockLPModeCmd             0x08001871   Thumb Code    34  stm32f4xx_rcc.o(.text)
    RCC_APB1PeriphClockLPModeCmd             0x08001893   Thumb Code    34  stm32f4xx_rcc.o(.text)
    RCC_APB2PeriphClockLPModeCmd             0x080018b5   Thumb Code    34  stm32f4xx_rcc.o(.text)
    RCC_LSEModeConfig                        0x080018d7   Thumb Code    40  stm32f4xx_rcc.o(.text)
    RCC_ITConfig                             0x080018ff   Thumb Code    34  stm32f4xx_rcc.o(.text)
    RCC_ClearFlag                            0x08001921   Thumb Code    18  stm32f4xx_rcc.o(.text)
    RCC_GetITStatus                          0x08001933   Thumb Code    22  stm32f4xx_rcc.o(.text)
    RCC_ClearITPendingBit                    0x08001949   Thumb Code     8  stm32f4xx_rcc.o(.text)
    SYSCFG_DeInit                            0x08001955   Thumb Code    22  stm32f4xx_syscfg.o(.text)
    SYSCFG_MemoryRemapConfig                 0x0800196b   Thumb Code     6  stm32f4xx_syscfg.o(.text)
    SYSCFG_MemorySwappingBank                0x08001971   Thumb Code     6  stm32f4xx_syscfg.o(.text)
    SYSCFG_EXTILineConfig                    0x08001977   Thumb Code    66  stm32f4xx_syscfg.o(.text)
    SYSCFG_ETH_MediaInterfaceConfig          0x080019b9   Thumb Code     8  stm32f4xx_syscfg.o(.text)
    SYSCFG_CompensationCellCmd               0x080019c1   Thumb Code     6  stm32f4xx_syscfg.o(.text)
    SYSCFG_GetCompensationCellStatus         0x080019c7   Thumb Code    22  stm32f4xx_syscfg.o(.text)
    USART_DeInit                             0x080019e9   Thumb Code   206  stm32f4xx_usart.o(.text)
    USART_Init                               0x08001ab7   Thumb Code   204  stm32f4xx_usart.o(.text)
    USART_StructInit                         0x08001b83   Thumb Code    24  stm32f4xx_usart.o(.text)
    USART_ClockInit                          0x08001b9b   Thumb Code    32  stm32f4xx_usart.o(.text)
    USART_ClockStructInit                    0x08001bbb   Thumb Code    12  stm32f4xx_usart.o(.text)
    USART_Cmd                                0x08001bc7   Thumb Code    24  stm32f4xx_usart.o(.text)
    USART_SetPrescaler                       0x08001bdf   Thumb Code    16  stm32f4xx_usart.o(.text)
    USART_OverSampling8Cmd                   0x08001bef   Thumb Code    22  stm32f4xx_usart.o(.text)
    USART_OneBitMethodCmd                    0x08001c05   Thumb Code    24  stm32f4xx_usart.o(.text)
    USART_SendData                           0x08001c1d   Thumb Code     8  stm32f4xx_usart.o(.text)
    USART_ReceiveData                        0x08001c25   Thumb Code    10  stm32f4xx_usart.o(.text)
    USART_SetAddress                         0x08001c2f   Thumb Code    18  stm32f4xx_usart.o(.text)
    USART_ReceiverWakeUpCmd                  0x08001c41   Thumb Code    24  stm32f4xx_usart.o(.text)
    USART_WakeUpConfig                       0x08001c59   Thumb Code    18  stm32f4xx_usart.o(.text)
    USART_LINBreakDetectLengthConfig         0x08001c6b   Thumb Code    18  stm32f4xx_usart.o(.text)
    USART_LINCmd                             0x08001c7d   Thumb Code    24  stm32f4xx_usart.o(.text)
    USART_SendBreak                          0x08001c95   Thumb Code    10  stm32f4xx_usart.o(.text)
    USART_HalfDuplexCmd                      0x08001c9f   Thumb Code    24  stm32f4xx_usart.o(.text)
    USART_SetGuardTime                       0x08001cb7   Thumb Code    16  stm32f4xx_usart.o(.text)
    USART_SmartCardCmd                       0x08001cc7   Thumb Code    24  stm32f4xx_usart.o(.text)
    USART_SmartCardNACKCmd                   0x08001cdf   Thumb Code    24  stm32f4xx_usart.o(.text)
    USART_IrDAConfig                         0x08001cf7   Thumb Code    18  stm32f4xx_usart.o(.text)
    USART_IrDACmd                            0x08001d09   Thumb Code    24  stm32f4xx_usart.o(.text)
    USART_DMACmd                             0x08001d21   Thumb Code    18  stm32f4xx_usart.o(.text)
    USART_ITConfig                           0x08001d33   Thumb Code    74  stm32f4xx_usart.o(.text)
    USART_GetFlagStatus                      0x08001d7d   Thumb Code    26  stm32f4xx_usart.o(.text)
    USART_ClearFlag                          0x08001d97   Thumb Code    18  stm32f4xx_usart.o(.text)
    USART_GetITStatus                        0x08001da9   Thumb Code   118  stm32f4xx_usart.o(.text)
    USART_ClearITPendingBit                  0x08001e1f   Thumb Code    30  stm32f4xx_usart.o(.text)
    TIM_DeInit                               0x08001e3d   Thumb Code   346  stm32f4xx_tim.o(.text)
    TIM_TimeBaseInit                         0x08001f97   Thumb Code   104  stm32f4xx_tim.o(.text)
    TIM_TimeBaseStructInit                   0x08001fff   Thumb Code    18  stm32f4xx_tim.o(.text)
    TIM_PrescalerConfig                      0x08002011   Thumb Code     6  stm32f4xx_tim.o(.text)
    TIM_CounterModeConfig                    0x08002017   Thumb Code    18  stm32f4xx_tim.o(.text)
    TIM_SetCounter                           0x08002029   Thumb Code     4  stm32f4xx_tim.o(.text)
    TIM_SetAutoreload                        0x0800202d   Thumb Code     4  stm32f4xx_tim.o(.text)
    TIM_GetCounter                           0x08002031   Thumb Code     6  stm32f4xx_tim.o(.text)
    TIM_GetPrescaler                         0x08002037   Thumb Code     6  stm32f4xx_tim.o(.text)
    TIM_UpdateDisableConfig                  0x0800203d   Thumb Code    24  stm32f4xx_tim.o(.text)
    TIM_UpdateRequestConfig                  0x08002055   Thumb Code    24  stm32f4xx_tim.o(.text)
    TIM_ARRPreloadConfig                     0x0800206d   Thumb Code    24  stm32f4xx_tim.o(.text)
    TIM_SelectOnePulseMode                   0x08002085   Thumb Code    18  stm32f4xx_tim.o(.text)
    TIM_SetClockDivision                     0x08002097   Thumb Code    18  stm32f4xx_tim.o(.text)
    TIM_Cmd                                  0x080020a9   Thumb Code    24  stm32f4xx_tim.o(.text)
    TIM_OC1Init                              0x080020c1   Thumb Code   114  stm32f4xx_tim.o(.text)
    TIM_OC2Init                              0x08002133   Thumb Code   154  stm32f4xx_tim.o(.text)
    TIM_OC3Init                              0x080021cd   Thumb Code   204  stm32f4xx_tim.o(.text)
    TIM_OC4Init                              0x08002299   Thumb Code   112  stm32f4xx_tim.o(.text)
    TIM_OCStructInit                         0x08002309   Thumb Code    20  stm32f4xx_tim.o(.text)
    TIM_SelectOCxM                           0x0800231d   Thumb Code    86  stm32f4xx_tim.o(.text)
    TIM_SetCompare1                          0x08002373   Thumb Code     4  stm32f4xx_tim.o(.text)
    TIM_SetCompare2                          0x08002377   Thumb Code     4  stm32f4xx_tim.o(.text)
    TIM_SetCompare3                          0x0800237b   Thumb Code     4  stm32f4xx_tim.o(.text)
    TIM_SetCompare4                          0x0800237f   Thumb Code     4  stm32f4xx_tim.o(.text)
    TIM_ForcedOC1Config                      0x08002383   Thumb Code    18  stm32f4xx_tim.o(.text)
    TIM_ForcedOC2Config                      0x08002395   Thumb Code    26  stm32f4xx_tim.o(.text)
    TIM_ForcedOC3Config                      0x080023af   Thumb Code    18  stm32f4xx_tim.o(.text)
    TIM_ForcedOC4Config                      0x080023c1   Thumb Code    26  stm32f4xx_tim.o(.text)
    TIM_OC1PreloadConfig                     0x080023db   Thumb Code    18  stm32f4xx_tim.o(.text)
    TIM_OC2PreloadConfig                     0x080023ed   Thumb Code    26  stm32f4xx_tim.o(.text)
    TIM_OC3PreloadConfig                     0x08002407   Thumb Code    18  stm32f4xx_tim.o(.text)
    TIM_OC4PreloadConfig                     0x08002419   Thumb Code    26  stm32f4xx_tim.o(.text)
    TIM_OC1FastConfig                        0x08002433   Thumb Code    18  stm32f4xx_tim.o(.text)
    TIM_OC2FastConfig                        0x08002445   Thumb Code    26  stm32f4xx_tim.o(.text)
    TIM_OC3FastConfig                        0x0800245f   Thumb Code    18  stm32f4xx_tim.o(.text)
    TIM_OC4FastConfig                        0x08002471   Thumb Code    26  stm32f4xx_tim.o(.text)
    TIM_ClearOC1Ref                          0x0800248b   Thumb Code    18  stm32f4xx_tim.o(.text)
    TIM_ClearOC2Ref                          0x0800249d   Thumb Code    24  stm32f4xx_tim.o(.text)
    TIM_ClearOC3Ref                          0x080024b5   Thumb Code    18  stm32f4xx_tim.o(.text)
    TIM_ClearOC4Ref                          0x080024c7   Thumb Code    24  stm32f4xx_tim.o(.text)
    TIM_OC1PolarityConfig                    0x080024df   Thumb Code    18  stm32f4xx_tim.o(.text)
    TIM_OC1NPolarityConfig                   0x080024f1   Thumb Code    18  stm32f4xx_tim.o(.text)
    TIM_OC2PolarityConfig                    0x08002503   Thumb Code    26  stm32f4xx_tim.o(.text)
    TIM_OC2NPolarityConfig                   0x0800251d   Thumb Code    26  stm32f4xx_tim.o(.text)
    TIM_OC3PolarityConfig                    0x08002537   Thumb Code    26  stm32f4xx_tim.o(.text)
    TIM_OC3NPolarityConfig                   0x08002551   Thumb Code    26  stm32f4xx_tim.o(.text)
    TIM_OC4PolarityConfig                    0x0800256b   Thumb Code    26  stm32f4xx_tim.o(.text)
    TIM_CCxCmd                               0x08002585   Thumb Code    30  stm32f4xx_tim.o(.text)
    TIM_CCxNCmd                              0x080025a3   Thumb Code    30  stm32f4xx_tim.o(.text)
    TIM_SetIC4Prescaler                      0x080025c1   Thumb Code    26  stm32f4xx_tim.o(.text)
    TIM_SetIC3Prescaler                      0x0800262b   Thumb Code    18  stm32f4xx_tim.o(.text)
    TIM_SetIC2Prescaler                      0x08002685   Thumb Code    26  stm32f4xx_tim.o(.text)
    TIM_SetIC1Prescaler                      0x080026f9   Thumb Code    18  stm32f4xx_tim.o(.text)
    TIM_ICInit                               0x08002745   Thumb Code   110  stm32f4xx_tim.o(.text)
    TIM_ICStructInit                         0x080027b3   Thumb Code    18  stm32f4xx_tim.o(.text)
    TIM_PWMIConfig                           0x080027c5   Thumb Code   124  stm32f4xx_tim.o(.text)
    TIM_GetCapture1                          0x08002841   Thumb Code     6  stm32f4xx_tim.o(.text)
    TIM_GetCapture2                          0x08002847   Thumb Code     6  stm32f4xx_tim.o(.text)
    TIM_GetCapture3                          0x0800284d   Thumb Code     6  stm32f4xx_tim.o(.text)
    TIM_GetCapture4                          0x08002853   Thumb Code     6  stm32f4xx_tim.o(.text)
    TIM_BDTRConfig                           0x08002859   Thumb Code    32  stm32f4xx_tim.o(.text)
    TIM_BDTRStructInit                       0x08002879   Thumb Code    18  stm32f4xx_tim.o(.text)
    TIM_CtrlPWMOutputs                       0x0800288b   Thumb Code    30  stm32f4xx_tim.o(.text)
    TIM_SelectCOM                            0x080028a9   Thumb Code    24  stm32f4xx_tim.o(.text)
    TIM_CCPreloadControl                     0x080028c1   Thumb Code    24  stm32f4xx_tim.o(.text)
    TIM_ITConfig                             0x080028d9   Thumb Code    18  stm32f4xx_tim.o(.text)
    TIM_GenerateEvent                        0x080028eb   Thumb Code     4  stm32f4xx_tim.o(.text)
    TIM_GetFlagStatus                        0x080028ef   Thumb Code    18  stm32f4xx_tim.o(.text)
    TIM_ClearFlag                            0x08002901   Thumb Code     6  stm32f4xx_tim.o(.text)
    TIM_GetITStatus                          0x08002907   Thumb Code    34  stm32f4xx_tim.o(.text)
    TIM_ClearITPendingBit                    0x08002929   Thumb Code     6  stm32f4xx_tim.o(.text)
    TIM_DMAConfig                            0x0800292f   Thumb Code    10  stm32f4xx_tim.o(.text)
    TIM_DMACmd                               0x08002939   Thumb Code    18  stm32f4xx_tim.o(.text)
    TIM_SelectCCDMA                          0x0800294b   Thumb Code    24  stm32f4xx_tim.o(.text)
    TIM_InternalClockConfig                  0x08002963   Thumb Code    12  stm32f4xx_tim.o(.text)
    TIM_SelectInputTrigger                   0x0800296f   Thumb Code    18  stm32f4xx_tim.o(.text)
    TIM_ITRxExternalClockConfig              0x08002981   Thumb Code    24  stm32f4xx_tim.o(.text)
    TIM_TIxExternalClockConfig               0x08002999   Thumb Code    62  stm32f4xx_tim.o(.text)
    TIM_ETRConfig                            0x080029d7   Thumb Code    28  stm32f4xx_tim.o(.text)
    TIM_ETRClockMode1Config                  0x080029f3   Thumb Code    54  stm32f4xx_tim.o(.text)
    TIM_ETRClockMode2Config                  0x08002a29   Thumb Code    32  stm32f4xx_tim.o(.text)
    TIM_SelectOutputTrigger                  0x08002a49   Thumb Code    18  stm32f4xx_tim.o(.text)
    TIM_SelectSlaveMode                      0x08002a5b   Thumb Code    18  stm32f4xx_tim.o(.text)
    TIM_SelectMasterSlaveMode                0x08002a6d   Thumb Code    18  stm32f4xx_tim.o(.text)
    TIM_EncoderInterfaceConfig               0x08002a7f   Thumb Code    66  stm32f4xx_tim.o(.text)
    TIM_SelectHallSensor                     0x08002ac1   Thumb Code    24  stm32f4xx_tim.o(.text)
    TIM_RemapConfig                          0x08002ad9   Thumb Code     6  stm32f4xx_tim.o(.text)
    ETH_DeInit                               0x08002afd   Thumb Code    22  stm32f4x7_eth.o(.text)
    ETH_StructInit                           0x08002b13   Thumb Code   178  stm32f4x7_eth.o(.text)
    ETH_WritePHYRegister                     0x08002bc5   Thumb Code    96  stm32f4x7_eth.o(.text)
    ETH_ReadPHYRegister                      0x08002c25   Thumb Code    98  stm32f4x7_eth.o(.text)
    ETH_Init                                 0x08002c87   Thumb Code   762  stm32f4x7_eth.o(.text)
    ETH_DMAReceptionCmd                      0x08002f81   Thumb Code    30  stm32f4x7_eth.o(.text)
    ETH_DMATransmissionCmd                   0x08002f9f   Thumb Code    76  stm32f4x7_eth.o(.text)
    ETH_FlushTransmitFIFO                    0x08002feb   Thumb Code    40  stm32f4x7_eth.o(.text)
    ETH_MACReceptionCmd                      0x08003013   Thumb Code    58  stm32f4x7_eth.o(.text)
    ETH_MACTransmissionCmd                   0x0800304d   Thumb Code    58  stm32f4x7_eth.o(.text)
    ETH_Start                                0x08003087   Thumb Code    32  stm32f4x7_eth.o(.text)
    ETH_Stop                                 0x080030a7   Thumb Code    32  stm32f4x7_eth.o(.text)
    ETH_GetFlowControlBusyStatus             0x080030c7   Thumb Code    20  stm32f4x7_eth.o(.text)
    ETH_InitiatePauseControlFrame            0x080030db   Thumb Code    40  stm32f4x7_eth.o(.text)
    ETH_BackPressureActivationCmd            0x08003103   Thumb Code    58  stm32f4x7_eth.o(.text)
    ETH_GetMACFlagStatus                     0x0800313d   Thumb Code    20  stm32f4x7_eth.o(.text)
    ETH_GetMACITStatus                       0x08003151   Thumb Code    20  stm32f4x7_eth.o(.text)
    ETH_MACITConfig                          0x08003165   Thumb Code    26  stm32f4x7_eth.o(.text)
    ETH_MACAddressConfig                     0x0800317f   Thumb Code    46  stm32f4x7_eth.o(.text)
    ETH_GetMACAddress                        0x080031ad   Thumb Code    36  stm32f4x7_eth.o(.text)
    ETH_MACAddressPerfectFilterCmd           0x080031d1   Thumb Code    72  stm32f4x7_eth.o(.text)
    ETH_MACAddressFilterConfig               0x08003219   Thumb Code    74  stm32f4x7_eth.o(.text)
    ETH_MACAddressMaskBytesFilterConfig      0x08003263   Thumb Code    90  stm32f4x7_eth.o(.text)
    ETH_Get_Received_Frame                   0x080032bd   Thumb Code    64  stm32f4x7_eth.o(.text)
    ETH_Get_Received_Frame_interrupt         0x080032fd   Thumb Code   288  stm32f4x7_eth.o(.text)
    ETH_Prepare_Transmit_Descriptors         0x0800341d   Thumb Code   194  stm32f4x7_eth.o(.text)
    ETH_DMARxDescChainInit                   0x080034df   Thumb Code    82  stm32f4x7_eth.o(.text)
    ETH_CheckFrameReceived                   0x08003531   Thumb Code   210  stm32f4x7_eth.o(.text)
    ETH_DMATxDescChainInit                   0x08003603   Thumb Code    70  stm32f4x7_eth.o(.text)
    ETH_GetDMATxDescFlagStatus               0x08003649   Thumb Code    18  stm32f4x7_eth.o(.text)
    ETH_GetDMATxDescCollisionCount           0x0800365b   Thumb Code    10  stm32f4x7_eth.o(.text)
    ETH_SetDMATxDescOwnBit                   0x08003665   Thumb Code    10  stm32f4x7_eth.o(.text)
    ETH_DMATxDescTransmitITConfig            0x0800366f   Thumb Code    22  stm32f4x7_eth.o(.text)
    ETH_DMATxDescFrameSegmentConfig          0x08003685   Thumb Code     8  stm32f4x7_eth.o(.text)
    ETH_DMATxDescChecksumInsertionConfig     0x0800368d   Thumb Code     8  stm32f4x7_eth.o(.text)
    ETH_DMATxDescCRCCmd                      0x08003695   Thumb Code    22  stm32f4x7_eth.o(.text)
    ETH_DMATxDescSecondAddressChainedCmd     0x080036ab   Thumb Code    22  stm32f4x7_eth.o(.text)
    ETH_DMATxDescShortFramePaddingCmd        0x080036c1   Thumb Code    22  stm32f4x7_eth.o(.text)
    ETH_DMATxDescBufferSizeConfig            0x080036d7   Thumb Code    14  stm32f4x7_eth.o(.text)
    ETH_GetDMARxDescFlagStatus               0x080036e5   Thumb Code    18  stm32f4x7_eth.o(.text)
    ETH_GetDMAPTPRxDescExtendedFlagStatus    0x080036f7   Thumb Code    18  stm32f4x7_eth.o(.text)
    ETH_SetDMARxDescOwnBit                   0x08003709   Thumb Code    10  stm32f4x7_eth.o(.text)
    ETH_GetDMARxDescFrameLength              0x08003713   Thumb Code    10  stm32f4x7_eth.o(.text)
    ETH_DMARxDescReceiveITConfig             0x0800371d   Thumb Code    22  stm32f4x7_eth.o(.text)
    ETH_GetDMARxDescBufferSize               0x08003733   Thumb Code    20  stm32f4x7_eth.o(.text)
    ETH_GetRxPktSize                         0x08003747   Thumb Code    42  stm32f4x7_eth.o(.text)
    ETH_EnhancedDescriptorCmd                0x08003771   Thumb Code    58  stm32f4x7_eth.o(.text)
    ETH_SoftwareReset                        0x080037ab   Thumb Code    34  stm32f4x7_eth.o(.text)
    ETH_GetSoftwareResetStatus               0x080037cd   Thumb Code    20  stm32f4x7_eth.o(.text)
    ETH_GetDMAFlagStatus                     0x080037e1   Thumb Code    20  stm32f4x7_eth.o(.text)
    ETH_DMAClearFlag                         0x080037f5   Thumb Code     6  stm32f4x7_eth.o(.text)
    ETH_DMAITConfig                          0x080037fb   Thumb Code    26  stm32f4x7_eth.o(.text)
    ETH_GetDMAITStatus                       0x08003815   Thumb Code    20  stm32f4x7_eth.o(.text)
    ETH_DMAClearITPendingBit                 0x08003829   Thumb Code     6  stm32f4x7_eth.o(.text)
    ETH_GetTransmitProcessState              0x0800382f   Thumb Code    10  stm32f4x7_eth.o(.text)
    ETH_GetReceiveProcessState               0x08003839   Thumb Code    10  stm32f4x7_eth.o(.text)
    ETH_GetFlushTransmitFIFOStatus           0x08003843   Thumb Code    20  stm32f4x7_eth.o(.text)
    ETH_GetDMAOverflowStatus                 0x08003857   Thumb Code    20  stm32f4x7_eth.o(.text)
    ETH_GetRxOverflowMissedFrameCounter      0x0800386b   Thumb Code    10  stm32f4x7_eth.o(.text)
    ETH_GetBufferUnavailableMissedFrameCounter 0x08003875   Thumb Code     8  stm32f4x7_eth.o(.text)
    ETH_GetCurrentTxDescStartAddress         0x0800387d   Thumb Code     6  stm32f4x7_eth.o(.text)
    ETH_GetCurrentRxDescStartAddress         0x08003883   Thumb Code     6  stm32f4x7_eth.o(.text)
    ETH_GetCurrentTxBufferAddress            0x08003889   Thumb Code     6  stm32f4x7_eth.o(.text)
    ETH_GetCurrentRxBufferAddress            0x0800388f   Thumb Code     6  stm32f4x7_eth.o(.text)
    ETH_ResumeDMATransmission                0x08003895   Thumb Code     8  stm32f4x7_eth.o(.text)
    ETH_ResumeDMAReception                   0x0800389d   Thumb Code     8  stm32f4x7_eth.o(.text)
    ETH_SetReceiveWatchdogTimer              0x080038a5   Thumb Code     6  stm32f4x7_eth.o(.text)
    ETH_PHYLoopBackCmd                       0x080038ab   Thumb Code    52  stm32f4x7_eth.o(.text)
    ETH_ResetWakeUpFrameFilterRegisterPointer 0x080038df   Thumb Code    40  stm32f4x7_eth.o(.text)
    ETH_SetWakeUpFrameFilterRegister         0x08003907   Thumb Code    50  stm32f4x7_eth.o(.text)
    ETH_GlobalUnicastWakeUpCmd               0x08003939   Thumb Code    58  stm32f4x7_eth.o(.text)
    ETH_GetPMTFlagStatus                     0x08003973   Thumb Code    20  stm32f4x7_eth.o(.text)
    ETH_WakeUpFrameDetectionCmd              0x08003987   Thumb Code    58  stm32f4x7_eth.o(.text)
    ETH_MagicPacketDetectionCmd              0x080039c1   Thumb Code    58  stm32f4x7_eth.o(.text)
    ETH_PowerDownCmd                         0x080039fb   Thumb Code    58  stm32f4x7_eth.o(.text)
    ETH_MMCCounterFullPreset                 0x08003a35   Thumb Code    16  stm32f4x7_eth.o(.text)
    ETH_MMCCounterHalfPreset                 0x08003a45   Thumb Code    30  stm32f4x7_eth.o(.text)
    ETH_MMCCounterFreezeCmd                  0x08003a63   Thumb Code    34  stm32f4x7_eth.o(.text)
    ETH_MMCResetOnReadCmd                    0x08003a85   Thumb Code    34  stm32f4x7_eth.o(.text)
    ETH_MMCCounterRolloverCmd                0x08003aa7   Thumb Code    34  stm32f4x7_eth.o(.text)
    ETH_MMCCountersReset                     0x08003ac9   Thumb Code    16  stm32f4x7_eth.o(.text)
    ETH_MMCITConfig                          0x08003ad9   Thumb Code    78  stm32f4x7_eth.o(.text)
    ETH_GetMMCITStatus                       0x08003b27   Thumb Code    66  stm32f4x7_eth.o(.text)
    ETH_GetMMCRegister                       0x08003b69   Thumb Code     8  stm32f4x7_eth.o(.text)
    ETH_TxPkt_ChainMode                      0x08003c13   Thumb Code    94  ethernetif.o(.text)
    ETH_GetCurrentTxBuffer                   0x08003c71   Thumb Code     8  ethernetif.o(.text)
    ETH_RxPkt_ChainMode                      0x08003cad   Thumb Code   148  ethernetif.o(.text)
    ethernetif_input                         0x08003daf   Thumb Code    44  ethernetif.o(.text)
    ethernetif_init                          0x08003ddb   Thumb Code    36  ethernetif.o(.text)
    etharp_tmr                               0x08003e7b   Thumb Code   136  etharp.o(.text)
    etharp_cleanup_netif                     0x0800419f   Thumb Code    52  etharp.o(.text)
    etharp_find_addr                         0x080041d3   Thumb Code    96  etharp.o(.text)
    etharp_request                           0x0800441d   Thumb Code    36  etharp.o(.text)
    etharp_query                             0x080044bd   Thumb Code   394  etharp.o(.text)
    etharp_output                            0x08004647   Thumb Code   332  etharp.o(.text)
    ethernet_input                           0x08004793   Thumb Code   198  etharp.o(.text)
    icmp_input                               0x08004859   Thumb Code   378  icmp.o(.text)
    icmp_dest_unreach                        0x08004a4d   Thumb Code    18  icmp.o(.text)
    icmp_time_exceeded                       0x08004a5f   Thumb Code    18  icmp.o(.text)
    inet_chksum_pseudo                       0x08004ad7   Thumb Code   162  inet_chksum.o(.text)
    inet_chksum_pseudo_partial               0x08004b79   Thumb Code   196  inet_chksum.o(.text)
    inet_chksum                              0x08004c3d   Thumb Code    20  inet_chksum.o(.text)
    inet_chksum_pbuf                         0x08004c51   Thumb Code    86  inet_chksum.o(.text)
    ip_route                                 0x08004ca9   Thumb Code    76  ip.o(.text)
    ip_input                                 0x08004cf5   Thumb Code   422  ip.o(.text)
    ip_output_if                             0x08004e9b   Thumb Code   212  ip.o(.text)
    ip_output                                0x08004f6f   Thumb Code    66  ip.o(.text)
    ip4_addr_isbroadcast                     0x08004fcd   Thumb Code    78  ip_addr.o(.text)
    ip4_addr_netmask_valid                   0x0800501b   Thumb Code    56  ip_addr.o(.text)
    ipaddr_aton                              0x08005053   Thumb Code   352  ip_addr.o(.text)
    ipaddr_addr                              0x080051b3   Thumb Code    24  ip_addr.o(.text)
    ipaddr_ntoa_r                            0x080051cb   Thumb Code   168  ip_addr.o(.text)
    ipaddr_ntoa                              0x08005273   Thumb Code    16  ip_addr.o(.text)
    ip_reass_tmr                             0x0800538b   Thumb Code    48  ip_frag.o(.text)
    ip_reass                                 0x08005623   Thumb Code   396  ip_frag.o(.text)
    ip_frag                                  0x080057ff   Thumb Code   434  ip_frag.o(.text)
    lwip_htons                               0x080059bd   Thumb Code    12  def.o(.text)
    lwip_ntohs                               0x080059c9   Thumb Code    12  def.o(.text)
    lwip_htonl                               0x080059d5   Thumb Code    26  def.o(.text)
    lwip_ntohl                               0x080059ef   Thumb Code    12  def.o(.text)
    dhcp_renew                               0x08005f8d   Thumb Code   142  dhcp.o(.text)
    dhcp_coarse_tmr                          0x080060e7   Thumb Code    62  dhcp.o(.text)
    dhcp_release                             0x080061c9   Thumb Code   162  dhcp.o(.text)
    dhcp_fine_tmr                            0x080063fb   Thumb Code    64  dhcp.o(.text)
    dhcp_set_struct                          0x080064bf   Thumb Code    50  dhcp.o(.text)
    dhcp_cleanup                             0x080064f1   Thumb Code    30  dhcp.o(.text)
    dhcp_stop                                0x0800650f   Thumb Code    70  dhcp.o(.text)
    dhcp_start                               0x080069b3   Thumb Code   224  dhcp.o(.text)
    dhcp_inform                              0x08006a93   Thumb Code   174  dhcp.o(.text)
    dhcp_network_changed                     0x08006b41   Thumb Code    80  dhcp.o(.text)
    dhcp_arp_reply                           0x08006c0f   Thumb Code    50  dhcp.o(.text)
    lwip_init                                0x08006c55   Thumb Code    28  init.o(.text)
    mem_init                                 0x08006d19   Thumb Code    74  mem.o(.text)
    mem_free                                 0x08006d63   Thumb Code   106  mem.o(.text)
    mem_trim                                 0x08006dcd   Thumb Code   316  mem.o(.text)
    mem_malloc                               0x08006f09   Thumb Code   282  mem.o(.text)
    mem_calloc                               0x08007023   Thumb Code    34  mem.o(.text)
    memp_init                                0x08007055   Thumb Code    82  memp.o(.text)
    memp_malloc                              0x080070a7   Thumb Code    54  memp.o(.text)
    memp_free                                0x080070dd   Thumb Code    38  memp.o(.text)
    netif_init                               0x08007115   Thumb Code     2  netif.o(.text)
    netif_set_gw                             0x08007117   Thumb Code    12  netif.o(.text)
    netif_set_netmask                        0x08007123   Thumb Code    12  netif.o(.text)
    netif_set_ipaddr                         0x0800712f   Thumb Code   110  netif.o(.text)
    netif_set_addr                           0x0800719d   Thumb Code    40  netif.o(.text)
    netif_add                                0x080071c5   Thumb Code   108  netif.o(.text)
    netif_set_default                        0x08007231   Thumb Code     6  netif.o(.text)
    netif_set_down                           0x08007237   Thumb Code    42  netif.o(.text)
    netif_remove                             0x08007261   Thumb Code    90  netif.o(.text)
    netif_find                               0x080072bb   Thumb Code    64  netif.o(.text)
    netif_set_up                             0x080072fb   Thumb Code    54  netif.o(.text)
    netif_set_link_up                        0x08007331   Thumb Code    66  netif.o(.text)
    netif_set_link_down                      0x08007373   Thumb Code    24  netif.o(.text)
    pbuf_free                                0x080073a1   Thumb Code   186  pbuf.o(.text)
    pbuf_alloc                               0x0800745b   Thumb Code   514  pbuf.o(.text)
    pbuf_alloced_custom                      0x0800765d   Thumb Code   112  pbuf.o(.text)
    pbuf_realloc                             0x080076cd   Thumb Code   176  pbuf.o(.text)
    pbuf_header                              0x0800777d   Thumb Code   140  pbuf.o(.text)
    pbuf_clen                                0x08007809   Thumb Code    18  pbuf.o(.text)
    pbuf_ref                                 0x0800781b   Thumb Code    10  pbuf.o(.text)
    pbuf_cat                                 0x08007825   Thumb Code    80  pbuf.o(.text)
    pbuf_chain                               0x08007875   Thumb Code    22  pbuf.o(.text)
    pbuf_dechain                             0x0800788b   Thumb Code    84  pbuf.o(.text)
    pbuf_copy                                0x080078df   Thumb Code   228  pbuf.o(.text)
    pbuf_copy_partial                        0x080079c3   Thumb Code   154  pbuf.o(.text)
    pbuf_take                                0x08007a5d   Thumb Code   138  pbuf.o(.text)
    pbuf_coalesce                            0x08007ae7   Thumb Code    66  pbuf.o(.text)
    pbuf_get_at                              0x08007b29   Thumb Code    46  pbuf.o(.text)
    pbuf_memcmp                              0x08007b57   Thumb Code    96  pbuf.o(.text)
    pbuf_memfind                             0x08007bb7   Thumb Code    76  pbuf.o(.text)
    pbuf_strstr                              0x08007c03   Thumb Code    60  pbuf.o(.text)
    raw_input                                0x08007c41   Thumb Code   102  raw.o(.text)
    raw_bind                                 0x08007ca7   Thumb Code    16  raw.o(.text)
    raw_connect                              0x08007cb7   Thumb Code    16  raw.o(.text)
    raw_recv                                 0x08007cc7   Thumb Code     6  raw.o(.text)
    raw_sendto                               0x08007ccd   Thumb Code   162  raw.o(.text)
    raw_send                                 0x08007d6f   Thumb Code    18  raw.o(.text)
    raw_remove                               0x08007d81   Thumb Code    60  raw.o(.text)
    raw_new                                  0x08007dbd   Thumb Code    42  raw.o(.text)
    tcp_init                                 0x08007df5   Thumb Code     2  tcp.o(.text)
    tcp_seg_free                             0x08007df7   Thumb Code    26  tcp.o(.text)
    tcp_segs_free                            0x08007e11   Thumb Code    24  tcp.o(.text)
    tcp_pcb_purge                            0x08007e29   Thumb Code    64  tcp.o(.text)
    tcp_slowtmr                              0x08007e69   Thumb Code   874  tcp.o(.text)
    tcp_pcb_remove                           0x080081d3   Thumb Code   194  tcp.o(.text)
    tcp_close                                0x08008451   Thumb Code    28  tcp.o(.text)
    tcp_update_rcv_ann_wnd                   0x0800846d   Thumb Code    88  tcp.o(.text)
    tcp_recved                               0x080084c5   Thumb Code    96  tcp.o(.text)
    tcp_recv_null                            0x08008525   Thumb Code    46  tcp.o(.text)
    tcp_process_refused_data                 0x08008553   Thumb Code   140  tcp.o(.text)
    tcp_fasttmr                              0x080085df   Thumb Code   110  tcp.o(.text)
    tcp_tmr                                  0x0800864d   Thumb Code    30  tcp.o(.text)
    tcp_shutdown                             0x0800866b   Thumb Code   132  tcp.o(.text)
    tcp_abandon                              0x080086ef   Thumb Code   146  tcp.o(.text)
    tcp_abort                                0x08008781   Thumb Code    14  tcp.o(.text)
    tcp_bind                                 0x080087ef   Thumb Code   146  tcp.o(.text)
    tcp_listen_with_backlog                  0x08008889   Thumb Code   202  tcp.o(.text)
    tcp_eff_send_mss                         0x08008953   Thumb Code    46  tcp.o(.text)
    tcp_next_iss                             0x08008981   Thumb Code    20  tcp.o(.text)
    tcp_connect                              0x08008995   Thumb Code   328  tcp.o(.text)
    tcp_setprio                              0x08008add   Thumb Code     4  tcp.o(.text)
    tcp_alloc                                0x08008b8b   Thumb Code   174  tcp.o(.text)
    tcp_new                                  0x08008c39   Thumb Code    10  tcp.o(.text)
    tcp_arg                                  0x08008c43   Thumb Code     4  tcp.o(.text)
    tcp_recv                                 0x08008c47   Thumb Code    18  tcp.o(.text)
    tcp_sent                                 0x08008c59   Thumb Code    18  tcp.o(.text)
    tcp_err                                  0x08008c6b   Thumb Code    20  tcp.o(.text)
    tcp_accept                               0x08008c7f   Thumb Code     4  tcp.o(.text)
    tcp_poll                                 0x08008c83   Thumb Code    24  tcp.o(.text)
    tcp_debug_state_str                      0x08008c9b   Thumb Code    10  tcp.o(.text)
    tcp_input                                0x08009b5f   Thumb Code  1194  tcp_in.o(.text)
    tcp_enqueue_flags                        0x0800a16f   Thumb Code   326  tcp_out.o(.text)
    tcp_send_fin                             0x0800a2b5   Thumb Code    74  tcp_out.o(.text)
    tcp_write                                0x0800a407   Thumb Code   998  tcp_out.o(.text)
    tcp_send_empty_ack                       0x0800a7ed   Thumb Code    78  tcp_out.o(.text)
    tcp_output                               0x0800a905   Thumb Code   464  tcp_out.o(.text)
    tcp_rst                                  0x0800aad5   Thumb Code   134  tcp_out.o(.text)
    tcp_rexmit_rto                           0x0800ab5b   Thumb Code    58  tcp_out.o(.text)
    tcp_rexmit                               0x0800ab95   Thumb Code    90  tcp_out.o(.text)
    tcp_rexmit_fast                          0x0800abef   Thumb Code   112  tcp_out.o(.text)
    tcp_keepalive                            0x0800ac5f   Thumb Code    78  tcp_out.o(.text)
    tcp_zero_window_probe                    0x0800acad   Thumb Code   164  tcp_out.o(.text)
    sys_timeout                              0x0800ad51   Thumb Code   158  timers.o(.text)
    tcp_timer_needed                         0x0800ae17   Thumb Code    38  timers.o(.text)
    sys_timeouts_init                        0x0800ae95   Thumb Code    60  timers.o(.text)
    sys_untimeout                            0x0800aed1   Thumb Code    90  timers.o(.text)
    sys_check_timeouts                       0x0800af2b   Thumb Code    92  timers.o(.text)
    sys_restart_timeouts                     0x0800af87   Thumb Code    12  timers.o(.text)
    udp_init                                 0x0800afbd   Thumb Code     2  udp.o(.text)
    udp_input                                0x0800b00f   Thumb Code   464  udp.o(.text)
    udp_bind                                 0x0800b1df   Thumb Code   132  udp.o(.text)
    udp_sendto_if                            0x0800b263   Thumb Code   216  udp.o(.text)
    udp_sendto                               0x0800b33b   Thumb Code    46  udp.o(.text)
    udp_send                                 0x0800b369   Thumb Code    20  udp.o(.text)
    udp_connect                              0x0800b37d   Thumb Code   112  udp.o(.text)
    udp_disconnect                           0x0800b3ed   Thumb Code    16  udp.o(.text)
    udp_recv                                 0x0800b3fd   Thumb Code     6  udp.o(.text)
    udp_remove                               0x0800b403   Thumb Code    60  udp.o(.text)
    udp_new                                  0x0800b43f   Thumb Code    28  udp.o(.text)
    sys_now                                  0x0800b461   Thumb Code     6  sys_arch.o(.text)
    TCP_CLose                                0x0800b46d   Thumb Code    54  tcpclient.o(.text)
    TCP_Client_Recv                          0x0800b4a3   Thumb Code    54  tcpclient.o(.text)
    TCP_Connected                            0x0800b4d9   Thumb Code    22  tcpclient.o(.text)
    Char_to_Hex                              0x0800b4ef   Thumb Code   230  tcpclient.o(.text)
    IP_stringTO                              0x0800b5d5   Thumb Code   134  tcpclient.o(.text)
    TCP_Client_Init                          0x0800b65b   Thumb Code    54  tcpclient.o(.text)
    TCP_Client_Send_Data                     0x0800b691   Thumb Code   114  tcpclient.o(.text)
    __use_no_semihosting                     0x0800b735   Thumb Code     2  use_no_semi_2.o(.text)
    __2printf                                0x0800b739   Thumb Code    20  noretval__2printf.o(.text)
    __printf                                 0x0800b751   Thumb Code   104  __printf.o(.text)
    _printf_str                              0x0800b7b9   Thumb Code    82  _printf_str.o(.text)
    _printf_int_dec                          0x0800b80d   Thumb Code   100  _printf_dec.o(.text)
    __0sscanf                                0x0800b881   Thumb Code    52  __0sscanf.o(.text)
    _scanf_string                            0x0800b8bd   Thumb Code   218  _scanf_str.o(.text)
    memcmp                                   0x0800b997   Thumb Code    88  memcmp.o(.text)
    strlen                                   0x0800b9ef   Thumb Code    62  strlen.o(.text)
    __aeabi_memcpy                           0x0800ba2d   Thumb Code     0  rt_memcpy_v6.o(.text)
    __rt_memcpy                              0x0800ba2d   Thumb Code   138  rt_memcpy_v6.o(.text)
    _memcpy_lastbytes                        0x0800ba93   Thumb Code     0  rt_memcpy_v6.o(.text)
    __aeabi_memclr                           0x0800bab7   Thumb Code     0  rt_memclr.o(.text)
    __rt_memclr                              0x0800bab7   Thumb Code    68  rt_memclr.o(.text)
    _memset                                  0x0800babb   Thumb Code     0  rt_memclr.o(.text)
    __aeabi_memclr4                          0x0800bafb   Thumb Code     0  rt_memclr_w.o(.text)
    __aeabi_memclr8                          0x0800bafb   Thumb Code     0  rt_memclr_w.o(.text)
    __rt_memclr_w                            0x0800bafb   Thumb Code    78  rt_memclr_w.o(.text)
    _memset_w                                0x0800baff   Thumb Code     0  rt_memclr_w.o(.text)
    __use_two_region_memory                  0x0800bb49   Thumb Code     2  heapauxi.o(.text)
    __rt_heap_escrow$2region                 0x0800bb4b   Thumb Code     2  heapauxi.o(.text)
    __rt_heap_expand$2region                 0x0800bb4d   Thumb Code     2  heapauxi.o(.text)
    __I$use$semihosting                      0x0800bb4f   Thumb Code     0  use_no_semi.o(.text)
    __use_no_semihosting_swi                 0x0800bb4f   Thumb Code     2  use_no_semi.o(.text)
    _printf_int_common                       0x0800bb51   Thumb Code   178  _printf_intcommon.o(.text)
    _printf_cs_common                        0x0800bc03   Thumb Code    20  _printf_char.o(.text)
    _printf_char                             0x0800bc17   Thumb Code    16  _printf_char.o(.text)
    _printf_string                           0x0800bc27   Thumb Code     8  _printf_char.o(.text)
    _printf_char_file                        0x0800bc31   Thumb Code    32  _printf_char_file.o(.text)
    __vfscanf_char                           0x0800bc61   Thumb Code    24  scanf_char.o(.text)
    _sgetc                                   0x0800bc81   Thumb Code    30  _sgetc.o(.text)
    _sbackspace                              0x0800bc9f   Thumb Code    34  _sgetc.o(.text)
    __aeabi_memcpy4                          0x0800bcc1   Thumb Code     0  rt_memcpy_w.o(.text)
    __aeabi_memcpy8                          0x0800bcc1   Thumb Code     0  rt_memcpy_w.o(.text)
    __rt_memcpy_w                            0x0800bcc1   Thumb Code   100  rt_memcpy_w.o(.text)
    _memcpy_lastbytes_aligned                0x0800bd09   Thumb Code     0  rt_memcpy_w.o(.text)
    isspace                                  0x0800bd25   Thumb Code    18  isspace.o(.text)
    _printf_char_common                      0x0800bd43   Thumb Code    32  _printf_char_common.o(.text)
    __vfscanf                                0x0800bd69   Thumb Code   872  _scanf.o(.text)
    ferror                                   0x0800c0d5   Thumb Code     8  ferror.o(.text)
    __user_setup_stackheap                   0x0800c0dd   Thumb Code    74  sys_stackheap_outer.o(.text)
    __rt_ctype_table                         0x0800c129   Thumb Code    16  rt_ctype_table.o(.text)
    exit                                     0x0800c139   Thumb Code    12  exit.o(.text)
    __user_libspace                          0x0800c145   Thumb Code     8  libspace.o(.text)
    __user_perproc_libspace                  0x0800c145   Thumb Code     0  libspace.o(.text)
    __user_perthread_libspace                0x0800c145   Thumb Code     0  libspace.o(.text)
    __rt_locale                              0x0800c14d   Thumb Code     8  rt_locale_intlibspace.o(.text)
    strcmp                                   0x0800c155   Thumb Code   128  strcmpv7m.o(.text)
    _get_lc_ctype                            0x0800c1d5   Thumb Code    44  lc_ctype_c.o(locale$$code)
    _fp_init                                 0x0800c201   Thumb Code    10  fpinit.o(x$fpl$fpinit)
    __fplib_config_fpu_vfp                   0x0800c209   Thumb Code     0  fpinit.o(x$fpl$fpinit)
    __fplib_config_pureend_doubles           0x0800c209   Thumb Code     0  fpinit.o(x$fpl$fpinit)
    ethbroadcast                             0x0800c20a   Data           6  etharp.o(.constdata)
    ethzero                                  0x0800c210   Data           6  etharp.o(.constdata)
    ip_addr_any                              0x0800c218   Data           4  ip_addr.o(.constdata)
    ip_addr_broadcast                        0x0800c21c   Data           4  ip_addr.o(.constdata)
    ip_addr_loopback                         0x0800c220   Data           4  ip_addr.o(.constdata)
    tcp_state_str                            0x0800c24c   Data          44  tcp.o(.constdata)
    tcp_backoff                              0x0800c278   Data          13  tcp.o(.constdata)
    tcp_persist_backoff                      0x0800c285   Data           7  tcp.o(.constdata)
    tcp_pcb_lists                            0x0800c28c   Data          16  tcp.o(.constdata)
    Region$$Table$$Base                      0x0800c314   Number         0  anon$$obj.o(Region$$Table)
    Region$$Table$$Limit                     0x0800c334   Number         0  anon$$obj.o(Region$$Table)
    __ctype                                  0x0800c341   Data           0  lc_ctype_c.o(locale$$data)
    Server_flag                              0x20000000   Data           1  main.o(.data)
    server_port                              0x20000002   Data           2  main.o(.data)
    __stdout                                 0x20000004   Data           4  usart1.o(.data)
    USART1_RX_STA                            0x20000008   Data           2  usart1.o(.data)
    MACaddr                                  0x2000000c   Data           6  8720.o(.data)
    LWipTime                                 0x20000014   Data           4  8720.o(.data)
    dhcpstatus                               0x20000018   Data           1  8720.o(.data)
    TCPTimer                                 0x2000001c   Data           4  8720.o(.data)
    ARPTimer                                 0x20000020   Data           4  8720.o(.data)
    CLIENTTimer                              0x20000024   Data           4  8720.o(.data)
    DHCPfineTimer                            0x20000028   Data           4  8720.o(.data)
    DHCPcoarseTimer                          0x2000002c   Data           4  8720.o(.data)
    SystemCoreClock                          0x20000030   Data           4  system_stm32f4xx.o(.data)
    AHBPrescTable                            0x20000034   Data          16  system_stm32f4xx.o(.data)
    DMATxDescToSet                           0x20000054   Data           4  stm32f4x7_eth.o(.data)
    DMARxDescToGet                           0x20000058   Data           4  stm32f4x7_eth.o(.data)
    DMA_RX_FRAME_infos                       0x2000005c   Data           4  stm32f4x7_eth.o(.data)
    Frame_Rx_index                           0x20000060   Data           4  stm32f4x7_eth.o(.data)
    current_netif                            0x20000068   Data           4  ip.o(.data)
    current_header                           0x2000006c   Data           4  ip.o(.data)
    current_iphdr_src                        0x20000070   Data           4  ip.o(.data)
    current_iphdr_dest                       0x20000074   Data           4  ip.o(.data)
    netif_list                               0x20000094   Data           4  netif.o(.data)
    netif_default                            0x20000098   Data           4  netif.o(.data)
    tcp_ticks                                0x200000a8   Data           4  tcp.o(.data)
    tcp_bound_pcbs                           0x200000ac   Data           4  tcp.o(.data)
    tcp_listen_pcbs                          0x200000b0   Data           4  tcp.o(.data)
    tcp_active_pcbs                          0x200000b4   Data           4  tcp.o(.data)
    tcp_tw_pcbs                              0x200000b8   Data           4  tcp.o(.data)
    tcp_tmp_pcb                              0x200000bc   Data           4  tcp.o(.data)
    tcp_active_pcbs_changed                  0x200000c0   Data           1  tcp.o(.data)
    tcp_input_pcb                            0x200000e4   Data           4  tcp_in.o(.data)
    udp_pcbs                                 0x200000f8   Data           4  udp.o(.data)
    tcp_client_pcb                           0x200000fc   Data           4  tcpclient.o(.data)
    connect_flag                             0x20000100   Data           1  tcpclient.o(.data)
    tcp_data                                 0x20000101   Data         100  tcpclient.o(.data)
    server_ip                                0x20000168   Data          20  main.o(.bss)
    USART1_RX_BUF                            0x2000017c   Data        1024  usart1.o(.bss)
    lan8720_ip                               0x2000057c   Data          18  8720.o(.bss)
    lan8720_netif                            0x20000590   Data          56  8720.o(.bss)
    DMARxDscrTab                             0x200005c8   Data         160  stm32f4x7_eth.o(.bss)
    DMATxDscrTab                             0x20000668   Data         160  stm32f4x7_eth.o(.bss)
    Rx_Buff                                  0x20000708   Data        7620  stm32f4x7_eth.o(.bss)
    Tx_Buff                                  0x200024cc   Data        7620  stm32f4x7_eth.o(.bss)
    RX_Frame_Descriptor                      0x20004290   Data          12  stm32f4x7_eth.o(.bss)
    dhcp_rx_options_val                      0x20004374   Data          40  dhcp.o(.bss)
    dhcp_rx_options_given                    0x2000439c   Data          10  dhcp.o(.bss)
    ram_heap                                 0x200043a6   Data       16020  mem.o(.bss)
    __libspace_start                         0x2000b770   Data          96  libspace.o(.bss)
    __temporary_stack_top$libspace           0x2000b7d0   Data           0  libspace.o(.bss)



==============================================================================

Memory Map of the image

  Image Entry point : 0x08000189

  Load Region LR_IROM1 (Base: 0x08000000, Size: 0x0000c5ac, Max: 0x00100000, ABSOLUTE, COMPRESSED[0x0000c490])

    Execution Region ER_IROM1 (Base: 0x08000000, Size: 0x0000c444, Max: 0x00100000, ABSOLUTE)

    Base Addr    Size         Type   Attr      Idx    E Section Name        Object

    0x08000000   0x00000188   Data   RO          349    RESET               startup_stm32f40_41xxx.o
    0x08000188   0x00000008   Code   RO         1221  * !!!main             c_w.l(__main.o)
    0x08000190   0x00000034   Code   RO         1412    !!!scatter          c_w.l(__scatter.o)
    0x080001c4   0x0000005a   Code   RO         1410    !!dczerorl2         c_w.l(__dczerorl2.o)
    0x0800021e   0x00000002   PAD
    0x08000220   0x0000001c   Code   RO         1414    !!handler_zi        c_w.l(__scatter_zi.o)
    0x0800023c   0x00000000   Code   RO         1204    .ARM.Collect$$_printf_percent$$00000000  c_w.l(_printf_percent.o)
    0x0800023c   0x00000006   Code   RO         1203    .ARM.Collect$$_printf_percent$$00000009  c_w.l(_printf_d.o)
    0x08000242   0x00000006   Code   RO         1202    .ARM.Collect$$_printf_percent$$00000014  c_w.l(_printf_s.o)
    0x08000248   0x00000004   Code   RO         1232    .ARM.Collect$$_printf_percent$$00000017  c_w.l(_printf_percent_end.o)
    0x0800024c   0x00000002   Code   RO         1277    .ARM.Collect$$libinit$$00000000  c_w.l(libinit.o)
    0x0800024e   0x00000004   Code   RO         1291    .ARM.Collect$$libinit$$00000001  c_w.l(libinit2.o)
    0x08000252   0x00000000   Code   RO         1295    .ARM.Collect$$libinit$$00000008  c_w.l(libinit2.o)
    0x08000252   0x00000000   Code   RO         1297    .ARM.Collect$$libinit$$0000000A  c_w.l(libinit2.o)
    0x08000252   0x00000000   Code   RO         1299    .ARM.Collect$$libinit$$0000000C  c_w.l(libinit2.o)
    0x08000252   0x00000006   Code   RO         1300    .ARM.Collect$$libinit$$0000000D  c_w.l(libinit2.o)
    0x08000258   0x00000000   Code   RO         1302    .ARM.Collect$$libinit$$0000000F  c_w.l(libinit2.o)
    0x08000258   0x0000000c   Code   RO         1303    .ARM.Collect$$libinit$$00000010  c_w.l(libinit2.o)
    0x08000264   0x00000000   Code   RO         1304    .ARM.Collect$$libinit$$00000011  c_w.l(libinit2.o)
    0x08000264   0x00000000   Code   RO         1306    .ARM.Collect$$libinit$$00000013  c_w.l(libinit2.o)
    0x08000264   0x00000000   Code   RO         1308    .ARM.Collect$$libinit$$00000015  c_w.l(libinit2.o)
    0x08000264   0x00000000   Code   RO         1310    .ARM.Collect$$libinit$$00000017  c_w.l(libinit2.o)
    0x08000264   0x00000000   Code   RO         1312    .ARM.Collect$$libinit$$00000019  c_w.l(libinit2.o)
    0x08000264   0x00000000   Code   RO         1314    .ARM.Collect$$libinit$$0000001B  c_w.l(libinit2.o)
    0x08000264   0x00000000   Code   RO         1316    .ARM.Collect$$libinit$$0000001D  c_w.l(libinit2.o)
    0x08000264   0x00000000   Code   RO         1318    .ARM.Collect$$libinit$$0000001F  c_w.l(libinit2.o)
    0x08000264   0x00000000   Code   RO         1320    .ARM.Collect$$libinit$$00000021  c_w.l(libinit2.o)
    0x08000264   0x00000000   Code   RO         1322    .ARM.Collect$$libinit$$00000023  c_w.l(libinit2.o)
    0x08000264   0x00000000   Code   RO         1326    .ARM.Collect$$libinit$$0000002A  c_w.l(libinit2.o)
    0x08000264   0x00000000   Code   RO         1328    .ARM.Collect$$libinit$$0000002C  c_w.l(libinit2.o)
    0x08000264   0x00000000   Code   RO         1330    .ARM.Collect$$libinit$$0000002E  c_w.l(libinit2.o)
    0x08000264   0x00000000   Code   RO         1332    .ARM.Collect$$libinit$$00000030  c_w.l(libinit2.o)
    0x08000264   0x00000002   Code   RO         1333    .ARM.Collect$$libinit$$00000031  c_w.l(libinit2.o)
    0x08000266   0x00000002   Code   RO         1353    .ARM.Collect$$libshutdown$$00000000  c_w.l(libshutdown.o)
    0x08000268   0x00000000   Code   RO         1364    .ARM.Collect$$libshutdown$$00000003  c_w.l(libshutdown2.o)
    0x08000268   0x00000000   Code   RO         1367    .ARM.Collect$$libshutdown$$00000006  c_w.l(libshutdown2.o)
    0x08000268   0x00000000   Code   RO         1370    .ARM.Collect$$libshutdown$$00000009  c_w.l(libshutdown2.o)
    0x08000268   0x00000000   Code   RO         1372    .ARM.Collect$$libshutdown$$0000000B  c_w.l(libshutdown2.o)
    0x08000268   0x00000000   Code   RO         1375    .ARM.Collect$$libshutdown$$0000000E  c_w.l(libshutdown2.o)
    0x08000268   0x00000002   Code   RO         1376    .ARM.Collect$$libshutdown$$0000000F  c_w.l(libshutdown2.o)
    0x0800026a   0x00000000   Code   RO         1225    .ARM.Collect$$rtentry$$00000000  c_w.l(rtentry.o)
    0x0800026a   0x00000000   Code   RO         1240    .ARM.Collect$$rtentry$$00000002  c_w.l(rtentry2.o)
    0x0800026a   0x00000006   Code   RO         1252    .ARM.Collect$$rtentry$$00000004  c_w.l(rtentry4.o)
    0x08000270   0x00000000   Code   RO         1242    .ARM.Collect$$rtentry$$00000009  c_w.l(rtentry2.o)
    0x08000270   0x00000004   Code   RO         1243    .ARM.Collect$$rtentry$$0000000A  c_w.l(rtentry2.o)
    0x08000274   0x00000000   Code   RO         1245    .ARM.Collect$$rtentry$$0000000C  c_w.l(rtentry2.o)
    0x08000274   0x00000008   Code   RO         1246    .ARM.Collect$$rtentry$$0000000D  c_w.l(rtentry2.o)
    0x0800027c   0x00000002   Code   RO         1281    .ARM.Collect$$rtexit$$00000000  c_w.l(rtexit.o)
    0x0800027e   0x00000000   Code   RO         1335    .ARM.Collect$$rtexit$$00000002  c_w.l(rtexit2.o)
    0x0800027e   0x00000004   Code   RO         1336    .ARM.Collect$$rtexit$$00000003  c_w.l(rtexit2.o)
    0x08000282   0x00000006   Code   RO         1337    .ARM.Collect$$rtexit$$00000004  c_w.l(rtexit2.o)
    0x08000288   0x00000178   Code   RO            3    .text               main.o
    0x08000400   0x00000170   Code   RO          247    .text               delay.o
    0x08000570   0x000000d4   Code   RO          271    .text               usart1.o
    0x08000644   0x0000051c   Code   RO          302    .text               8720.o
    0x08000b60   0x00000060   Code   RO          329    .text               timer3.o
    0x08000bc0   0x00000040   Code   RO          350    .text               startup_stm32f40_41xxx.o
    0x08000c00   0x00000174   Code   RO          356    .text               stm32f4xx_it.o
    0x08000d74   0x00000210   Code   RO          384    .text               system_stm32f4xx.o
    0x08000f84   0x000000e0   Code   RO          410    .text               misc.o
    0x08001064   0x00000294   Code   RO          430    .text               stm32f4xx_gpio.o
    0x080012f8   0x0000065c   Code   RO          450    .text               stm32f4xx_rcc.o
    0x08001954   0x00000094   Code   RO          472    .text               stm32f4xx_syscfg.o
    0x080019e8   0x00000454   Code   RO          492    .text               stm32f4xx_usart.o
    0x08001e3c   0x00000ca2   Code   RO          532    .text               stm32f4xx_tim.o
    0x08002ade   0x00000002   PAD
    0x08002ae0   0x0000109c   Code   RO          575    .text               stm32f4x7_eth.o
    0x08003b7c   0x000002c4   Code   RO          602    .text               ethernetif.o
    0x08003e40   0x00000a18   Code   RO          638    .text               etharp.o
    0x08004858   0x00000220   Code   RO          735    .text               icmp.o
    0x08004a78   0x0000022e   Code   RO          769    .text               inet_chksum.o
    0x08004ca6   0x00000002   PAD
    0x08004ca8   0x00000324   Code   RO          784    .text               ip.o
    0x08004fcc   0x000002bc   Code   RO          814    .text               ip_addr.o
    0x08005288   0x00000734   Code   RO          837    .text               ip_frag.o
    0x080059bc   0x0000003e   Code   RO          854    .text               def.o
    0x080059fa   0x00000002   PAD
    0x080059fc   0x00001258   Code   RO          866    .text               dhcp.o
    0x08006c54   0x0000001c   Code   RO          891    .text               init.o
    0x08006c70   0x000003e4   Code   RO          918    .text               mem.o
    0x08007054   0x000000c0   Code   RO          934    .text               memp.o
    0x08007114   0x0000028c   Code   RO          955    .text               netif.o
    0x080073a0   0x0000089e   Code   RO          977    .text               pbuf.o
    0x08007c3e   0x00000002   PAD
    0x08007c40   0x000001b4   Code   RO          989    .text               raw.o
    0x08007df4   0x00000ec4   Code   RO         1015    .text               tcp.o
    0x08008cb8   0x00001384   Code   RO         1039    .text               tcp_in.o
    0x0800a03c   0x00000d14   Code   RO         1062    .text               tcp_out.o
    0x0800ad50   0x0000026c   Code   RO         1074    .text               timers.o
    0x0800afbc   0x000004a4   Code   RO         1091    .text               udp.o
    0x0800b460   0x0000000c   Code   RO         1120    .text               sys_arch.o
    0x0800b46c   0x000002c8   Code   RO         1144    .text               tcpclient.o
    0x0800b734   0x00000002   Code   RO         1170    .text               c_w.l(use_no_semi_2.o)
    0x0800b736   0x00000002   PAD
    0x0800b738   0x00000018   Code   RO         1174    .text               c_w.l(noretval__2printf.o)
    0x0800b750   0x00000068   Code   RO         1176    .text               c_w.l(__printf.o)
    0x0800b7b8   0x00000052   Code   RO         1178    .text               c_w.l(_printf_str.o)
    0x0800b80a   0x00000002   PAD
    0x0800b80c   0x00000074   Code   RO         1180    .text               c_w.l(_printf_dec.o)
    0x0800b880   0x0000003c   Code   RO         1205    .text               c_w.l(__0sscanf.o)
    0x0800b8bc   0x000000da   Code   RO         1207    .text               c_w.l(_scanf_str.o)
    0x0800b996   0x00000058   Code   RO         1209    .text               c_w.l(memcmp.o)
    0x0800b9ee   0x0000003e   Code   RO         1211    .text               c_w.l(strlen.o)
    0x0800ba2c   0x0000008a   Code   RO         1213    .text               c_w.l(rt_memcpy_v6.o)
    0x0800bab6   0x00000044   Code   RO         1215    .text               c_w.l(rt_memclr.o)
    0x0800bafa   0x0000004e   Code   RO         1217    .text               c_w.l(rt_memclr_w.o)
    0x0800bb48   0x00000006   Code   RO         1219    .text               c_w.l(heapauxi.o)
    0x0800bb4e   0x00000002   Code   RO         1223    .text               c_w.l(use_no_semi.o)
    0x0800bb50   0x000000b2   Code   RO         1226    .text               c_w.l(_printf_intcommon.o)
    0x0800bc02   0x0000002c   Code   RO         1228    .text               c_w.l(_printf_char.o)
    0x0800bc2e   0x00000002   PAD
    0x0800bc30   0x00000024   Code   RO         1230    .text               c_w.l(_printf_char_file.o)
    0x0800bc54   0x0000002c   Code   RO         1233    .text               c_w.l(scanf_char.o)
    0x0800bc80   0x00000040   Code   RO         1235    .text               c_w.l(_sgetc.o)
    0x0800bcc0   0x00000064   Code   RO         1237    .text               c_w.l(rt_memcpy_w.o)
    0x0800bd24   0x00000012   Code   RO         1254    .text               c_w.l(isspace.o)
    0x0800bd36   0x00000002   PAD
    0x0800bd38   0x00000030   Code   RO         1256    .text               c_w.l(_printf_char_common.o)
    0x0800bd68   0x0000036c   Code   RO         1258    .text               c_w.l(_scanf.o)
    0x0800c0d4   0x00000008   Code   RO         1260    .text               c_w.l(ferror.o)
    0x0800c0dc   0x0000004a   Code   RO         1264    .text               c_w.l(sys_stackheap_outer.o)
    0x0800c126   0x00000002   PAD
    0x0800c128   0x00000010   Code   RO         1266    .text               c_w.l(rt_ctype_table.o)
    0x0800c138   0x0000000c   Code   RO         1270    .text               c_w.l(exit.o)
    0x0800c144   0x00000008   Code   RO         1278    .text               c_w.l(libspace.o)
    0x0800c14c   0x00000008   Code   RO         1286    .text               c_w.l(rt_locale_intlibspace.o)
    0x0800c154   0x00000080   Code   RO         1341    .text               c_w.l(strcmpv7m.o)
    0x0800c1d4   0x0000002c   Code   RO         1289    locale$$code        c_w.l(lc_ctype_c.o)
    0x0800c200   0x0000000a   Code   RO         1345    x$fpl$fpinit        fz_wm.l(fpinit.o)
    0x0800c20a   0x0000000c   Data   RO          640    .constdata          etharp.o
    0x0800c216   0x00000002   PAD
    0x0800c218   0x0000000c   Data   RO          816    .constdata          ip_addr.o
    0x0800c224   0x00000028   Data   RO          936    .constdata          memp.o
    0x0800c24c   0x00000050   Data   RO         1016    .constdata          tcp.o
    0x0800c29c   0x00000075   Data   RO         1017    .conststring        tcp.o
    0x0800c311   0x00000003   PAD
    0x0800c314   0x00000020   Data   RO         1408    Region$$Table       anon$$obj.o
    0x0800c334   0x00000110   Data   RO         1288    locale$$data        c_w.l(lc_ctype_c.o)


    Execution Region RW_IRAM1 (Base: 0x20000000, Size: 0x0000bdd0, Max: 0x00020000, ABSOLUTE, COMPRESSED[0x0000004c])

    Base Addr    Size         Type   Attr      Idx    E Section Name        Object

    0x20000000   0x00000004   Data   RW            5    .data               main.o
    0x20000004   0x00000006   Data   RW          273    .data               usart1.o
    0x2000000a   0x00000002   PAD
    0x2000000c   0x00000024   Data   RW          304    .data               8720.o
    0x20000030   0x00000014   Data   RW          385    .data               system_stm32f4xx.o
    0x20000044   0x00000010   Data   RW          451    .data               stm32f4xx_rcc.o
    0x20000054   0x00000010   Data   RW          577    .data               stm32f4x7_eth.o
    0x20000064   0x00000001   Data   RW          641    .data               etharp.o
    0x20000065   0x00000003   PAD
    0x20000068   0x00000012   Data   RW          785    .data               ip.o
    0x2000007a   0x00000002   PAD
    0x2000007c   0x00000006   Data   RW          838    .data               ip_frag.o
    0x20000082   0x00000002   PAD
    0x20000084   0x00000004   Data   RW          868    .data               dhcp.o
    0x20000088   0x0000000c   Data   RW          920    .data               mem.o
    0x20000094   0x00000009   Data   RW          956    .data               netif.o
    0x2000009d   0x00000003   PAD
    0x200000a0   0x00000004   Data   RW          990    .data               raw.o
    0x200000a4   0x00000024   Data   RW         1018    .data               tcp.o
    0x200000c8   0x00000020   Data   RW         1041    .data               tcp_in.o
    0x200000e8   0x0000000c   Data   RW         1075    .data               timers.o
    0x200000f4   0x00000008   Data   RW         1092    .data               udp.o
    0x200000fc   0x00000069   Data   RW         1145    .data               tcpclient.o
    0x20000165   0x00000003   PAD
    0x20000168   0x00000014   Zero   RW            4    .bss                main.o
    0x2000017c   0x00000400   Zero   RW          272    .bss                usart1.o
    0x2000057c   0x0000004c   Zero   RW          303    .bss                8720.o
    0x200005c8   0x00003cd4   Zero   RW          576    .bss                stm32f4x7_eth.o
    0x2000429c   0x000000c8   Zero   RW          639    .bss                etharp.o
    0x20004364   0x00000010   Zero   RW          815    .bss                ip_addr.o
    0x20004374   0x00000032   Zero   RW          867    .bss                dhcp.o
    0x200043a6   0x00003e94   Zero   RW          919    .bss                mem.o
    0x2000823a   0x00000002   PAD
    0x2000823c   0x00003523   Zero   RW          935    .bss                memp.o
    0x2000b75f   0x00000001   PAD
    0x2000b760   0x00000010   Zero   RW         1040    .bss                tcp_in.o
    0x2000b770   0x00000060   Zero   RW         1279    .bss                c_w.l(libspace.o)
    0x2000b7d0   0x00000200   Zero   RW          348    HEAP                startup_stm32f40_41xxx.o
    0x2000b9d0   0x00000400   Zero   RW          347    STACK               startup_stm32f40_41xxx.o


==============================================================================

Image component sizes


      Code (inc. data)   RO Data    RW Data    ZI Data      Debug   Object Name

      1308        294          0         36         76       3792   8720.o
        62          0          0          0          0       1294   def.o
       368          4          0          0          0       1460   delay.o
      4696         74          0          4         50      13454   dhcp.o
      2584         22         12          1        200      15034   etharp.o
       708         66          0          0          0       8391   ethernetif.o
       544          8          0          0          0       2658   icmp.o
         0          0          0          0          0       3985   inet.o
       558          0          0          0          0       3113   inet_chksum.o
        28          0          0          0          0        592   init.o
       804         28          0         18          0       7411   ip.o
       700         12         12          0         16      10052   ip_addr.o
      1844         20          0          6          0       7500   ip_frag.o
       376        154          0          4         20     345215   main.o
       996         16          0         12      16020       4222   mem.o
       192         18         40          0      13603       2674   memp.o
       224         20          0          0          0       1977   misc.o
       652         22          0          9          0       6829   netif.o
      2206          0          0          0          0       9121   pbuf.o
       436         14          0          4          0       3561   raw.o
        64         26        392          0       1536        876   startup_stm32f40_41xxx.o
      4252         94          0         16      15572      21225   stm32f4x7_eth.o
       660         44          0          0          0       4257   stm32f4xx_gpio.o
       372         64          0          0          0      28478   stm32f4xx_it.o
      1628         52          0         16          0      13120   stm32f4xx_rcc.o
       148         12          0          0          0       1925   stm32f4xx_syscfg.o
      3234         60          0          0          0      22460   stm32f4xx_tim.o
      1108         34          0          0          0       7956   stm32f4xx_usart.o
        12          6          0          0          0        562   sys_arch.o
       528         46          0         20          0       2067   system_stm32f4xx.o
      3780        140        197         36          0      21879   tcp.o
      4996        226          0         32         16      15243   tcp_in.o
      3348         10          0          0          0       9607   tcp_out.o
       712         56          0        105          0       3386   tcpclient.o
        96          6          0          0          0        744   timer3.o
       620         42          0         12          0       3195   timers.o
      1188         24          0          8          0      14857   udp.o
       212         10          0          6       1024       3328   usart1.o

    ----------------------------------------------------------------------
     46252       1724        690        360      48136     627500   Object Totals
         0          0         32          0          0          0   (incl. Generated)
         8          0          5         15          3          0   (incl. Padding)

    ----------------------------------------------------------------------

      Code (inc. data)   RO Data    RW Data    ZI Data      Debug   Library Member Name

        60          8          0          0          0         84   __0sscanf.o
        90          0          0          0          0          0   __dczerorl2.o
         8          0          0          0          0         68   __main.o
       104          0          0          0          0         84   __printf.o
        52          8          0          0          0          0   __scatter.o
        28          0          0          0          0          0   __scatter_zi.o
        44          0          0          0          0        108   _printf_char.o
        48          6          0          0          0         96   _printf_char_common.o
        36          4          0          0          0         80   _printf_char_file.o
         6          0          0          0          0          0   _printf_d.o
       116         16          0          0          0         92   _printf_dec.o
       178          0          0          0          0         88   _printf_intcommon.o
         0          0          0          0          0          0   _printf_percent.o
         4          0          0          0          0          0   _printf_percent_end.o
         6          0          0          0          0          0   _printf_s.o
        82          0          0          0          0         80   _printf_str.o
       876          4          0          0          0        100   _scanf.o
       218          0          0          0          0         96   _scanf_str.o
        64          0          0          0          0         84   _sgetc.o
        12          0          0          0          0         72   exit.o
         8          0          0          0          0         68   ferror.o
         6          0          0          0          0        152   heapauxi.o
        18          0          0          0          0         76   isspace.o
        44         10        272          0          0         76   lc_ctype_c.o
         2          0          0          0          0          0   libinit.o
        24          0          0          0          0          0   libinit2.o
         2          0          0          0          0          0   libshutdown.o
         2          0          0          0          0          0   libshutdown2.o
         8          4          0          0         96         68   libspace.o
        88          0          0          0          0         76   memcmp.o
        24          4          0          0          0         84   noretval__2printf.o
        16          4          0          0          0         76   rt_ctype_table.o
         8          4          0          0          0         68   rt_locale_intlibspace.o
        68          0          0          0          0         68   rt_memclr.o
        78          0          0          0          0         80   rt_memclr_w.o
       138          0          0          0          0         68   rt_memcpy_v6.o
       100          0          0          0          0         80   rt_memcpy_w.o
         0          0          0          0          0          0   rtentry.o
        12          0          0          0          0          0   rtentry2.o
         6          0          0          0          0          0   rtentry4.o
         2          0          0          0          0          0   rtexit.o
        10          0          0          0          0          0   rtexit2.o
        44          8          0          0          0         84   scanf_char.o
       128          0          0          0          0         68   strcmpv7m.o
        62          0          0          0          0         76   strlen.o
        74          0          0          0          0         80   sys_stackheap_outer.o
         2          0          0          0          0         68   use_no_semi.o
         2          0          0          0          0         68   use_no_semi_2.o
        10          0          0          0          0        116   fpinit.o

    ----------------------------------------------------------------------
      3030         80        272          0         96       2732   Library Totals
        12          0          0          0          0          0   (incl. Padding)

    ----------------------------------------------------------------------

      Code (inc. data)   RO Data    RW Data    ZI Data      Debug   Library Name

      3008         80        272          0         96       2616   c_w.l
        10          0          0          0          0        116   fz_wm.l

    ----------------------------------------------------------------------
      3030         80        272          0         96       2732   Library Totals

    ----------------------------------------------------------------------

==============================================================================


      Code (inc. data)   RO Data    RW Data    ZI Data      Debug   

     49282       1804        962        360      48232     620776   Grand Totals
     49282       1804        962         76      48232     620776   ELF Image Totals (compressed)
     49282       1804        962         76          0          0   ROM Totals

==============================================================================

    Total RO  Size (Code + RO Data)                50244 (  49.07kB)
    Total RW  Size (RW Data + ZI Data)             48592 (  47.45kB)
    Total ROM Size (Code + RO Data + RW Data)      50320 (  49.14kB)

==============================================================================

