<html>
<body>
<pre>
<h1>礦ision Build Log</h1>
<h2>Tool Versions:</h2>
IDE-Version: μVision V5.20.0.39
Copyright (C) 2016 ARM Ltd and ARM Germany GmbH. All rights reserved.
License Information: C Microsoft, Microsoft, LIC=EPPFW-QKKZS-8XQUZ-JK3TV-74GUB-BESEH
 
Tool Versions:
Toolchain:       MDK-ARM Professional  Version: 5.11.0.0
Toolchain Path:  C:\Keil_v5\ARM\ARMCC\Bin
C Compiler:      Armcc.exe V5.04 update 1 (build 49)
Assembler:       Armasm.exe V5.04 update 1 (build 49)
Linker/Locator:  ArmLink.exe V5.04 update 1 (build 49)
Library Manager: ArmAr.exe V5.04 update 1 (build 49)
Hex Converter:   FromElf.exe V5.04 update 1 (build 49)
CPU DLL:         SARMCM3.DLL V5.11.0.0
Dialog DLL:      DCM.DLL V1.11.0.0
Target DLL:      Segger\JL2CM3.dll V2.97.0.0
Dialog DLL:      TCM.DLL V1.14.1.0
 
<h2>Project:</h2>
C:\Users\Bing\Desktop\LWIP客户端RAW学习笔记\76-以太网通信之TCP客户端(裸奔-动态IP)\USER\以太网通信之TCP客户端(裸奔-动态IP).uvproj
Project File Date:  08/23/2016

<h2>Output:</h2>
*** Using Compiler 'V5.04 update 1 (build 49)', folder: 'C:\Keil_v5\ARM\ARMCC\Bin'
Rebuild target '以太网通信之TCP客户端(裸奔-动态IP)'
assembling startup_stm32f40_41xxx.s...
compiling delay.c...
compiling stm32f4xx_it.c...
compiling usart1.c...
compiling main.c...
compiling timer3.c...
compiling 8720.c...
compiling system_stm32f4xx.c...
compiling stm32f4xx_usart.c...
compiling misc.c...
compiling stm32f4xx_gpio.c...
compiling stm32f4xx_rcc.c...
compiling stm32f4xx_syscfg.c...
compiling api_lib.c...
compiling etharp.c...
compiling api_msg.c...
compiling err.c...
compiling stm32f4xx_spi.c...
compiling netbuf.c...
compiling stm32f4xx_tim.c...
compiling netifapi.c...
compiling netdb.c...
compiling tcpip.c...
compiling sockets.c...
compiling stm32f4x7_eth.c...
compiling autoip.c...
compiling ethernetif.c...
compiling icmp.c...
compiling igmp.c...
compiling stm32f4xx_fsmc.c...
compiling inet.c...
compiling inet_chksum.c...
compiling ip_addr.c...
compiling ip.c...
compiling def.c...
compiling dns.c...
compiling ip_frag.c...
compiling mem.c...
compiling dhcp.c...
compiling init.c...
compiling memp.c...
compiling netif.c...
compiling stats.c...
compiling raw.c...
compiling pbuf.c...
compiling sys.c...
compiling tcp.c...
compiling sys_arch.c...
compiling udp.c...
compiling timers.c...
compiling tcp_out.c...
..\LWip1.4.1\src\core\tcp_out.c(845): warning:  #550-D: variable "tcphdr" was set but never used
    struct tcp_hdr *tcphdr;
..\LWip1.4.1\src\core\tcp_out.c(1367): warning:  #550-D: variable "tcphdr" was set but never used
    struct tcp_hdr *tcphdr;
..\LWip1.4.1\src\core\tcp_out.c: 2 warnings, 0 errors
compiling tcp_in.c...
compiling tcpclient.c...
linking...
Program Size: Code=49282 RO-data=962 RW-data=360 ZI-data=48232  
FromELF: creating hex file...
"..\OBJ\以太网通信之TCP客户端(裸奔-动态IP).axf" - 0 Error(s), 2 Warning(s).
Build Time Elapsed:  00:00:05
</pre>
</body>
</html>
